Component: ARM Compiler 5.06 update 7 (build 960) Tool: armlink [4d3601]

==============================================================================

Section Cross References

    main.o(.text) refers to rtx_kernel.o(.text) for osKernelGetState
    main.o(.text) refers to led_nucleo_f429zi.o(.text) for LED_On
    main.o(.text) refers to stm32f4xx_hal_rcc.o(.text) for HAL_RCC_OscConfig
    main.o(.text) refers to stm32f4xx_hal_pwr_ex.o(.text) for HAL_PWREx_EnableOverDrive
    main.o(.text) refers to stm32f4xx_hal.o(.text) for HAL_Init
    main.o(.text) refers to system_stm32f4xx_1.o(.text) for SystemCoreClockUpdate
    main.o(.text) refers to stm32f4xx_hal_pwr.o(.text) for HAL_PWR_EnableBkUpAccess
    main.o(.text) refers to rtx_thread.o(.text) for osThreadNew
    main.o(.text) refers to lcd.o(.text) for Init_LCD
    main.o(.text) refers to system_stm32f4xx_1.o(.data) for SystemCoreClock
    main.o(.text) refers to main.o(.data) for ticks
    main.o(.text) refers to http_server.o(.constdata) for app_main_attr
    main.o(.text) refers to http_server.o(.text) for app_main
    http_server.o(.text) refers to pot.o(.text) for configAD
    http_server.o(.text) refers to buttons_nucleo_f429zi.o(.text) for Buttons_GetState
    http_server.o(.text) refers to led_nucleo_f429zi.o(.text) for LED_Initialize
    http_server.o(.text) refers to rtc.o(.text) for RTC_Config
    http_server.o(.text) refers to net_sys.o(i.netInitialize) for netInitialize
    http_server.o(.text) refers to sprintf.o(.text) for sprintf
    http_server.o(.text) refers to rtx_msgqueue.o(.text) for osMessageQueuePut
    http_server.o(.text) refers to rtx_thread.o(.text) for osThreadYield
    http_server.o(.text) refers to http_server.o(.bss) for aShowDate
    http_server.o(.text) refers to lcd.o(.data) for mid_MsgQueue
    http_server.o(.constdata) refers to http_server.o(.bss) for app_main_stk
    http_server_cgi.o(.text) refers to _printf_pad.o(.text) for _printf_pre_padding
    http_server_cgi.o(.text) refers to _printf_percent.o(.ARM.Collect$$_printf_percent$$00000000) for _printf_percent
    http_server_cgi.o(.text) refers to _printf_p.o(.ARM.Collect$$_printf_percent$$00000002) for _printf_p
    http_server_cgi.o(.text) refers to _printf_s.o(.ARM.Collect$$_printf_percent$$00000014) for _printf_s
    http_server_cgi.o(.text) refers to _printf_n.o(.ARM.Collect$$_printf_percent$$00000001) for _printf_n
    http_server_cgi.o(.text) refers to _printf_charcount.o(.text) for _printf_charcount
    http_server_cgi.o(.text) refers to _printf_hex_int_ll_ptr.o(.text) for _printf_longlong_hex
    http_server_cgi.o(.text) refers to _printf_str.o(.text) for _printf_str
    http_server_cgi.o(.text) refers to _printf_d.o(.ARM.Collect$$_printf_percent$$00000009) for _printf_d
    http_server_cgi.o(.text) refers to _printf_dec.o(.text) for _printf_int_dec
    http_server_cgi.o(.text) refers to _printf_truncate.o(.text) for _printf_truncate_unsigned
    http_server_cgi.o(.text) refers to _printf_i.o(.ARM.Collect$$_printf_percent$$00000008) for _printf_i
    http_server_cgi.o(.text) refers to _printf_u.o(.ARM.Collect$$_printf_percent$$0000000A) for _printf_u
    http_server_cgi.o(.text) refers to _printf_o.o(.ARM.Collect$$_printf_percent$$0000000B) for _printf_o
    http_server_cgi.o(.text) refers to _printf_x.o(.ARM.Collect$$_printf_percent$$0000000C) for _printf_x
    http_server_cgi.o(.text) refers to _printf_c.o(.ARM.Collect$$_printf_percent$$00000013) for _printf_c
    http_server_cgi.o(.text) refers to _printf_lc.o(.ARM.Collect$$_printf_percent$$00000015) for _printf_lc
    http_server_cgi.o(.text) refers to _printf_oct_int_ll.o(.text) for _printf_longlong_oct
    http_server_cgi.o(.text) refers to _printf_wctomb.o(.text) for _printf_wctomb
    http_server_cgi.o(.text) refers to _printf_f.o(.ARM.Collect$$_printf_percent$$00000003) for _printf_f
    http_server_cgi.o(.text) refers to _printf_e.o(.ARM.Collect$$_printf_percent$$00000004) for _printf_e
    http_server_cgi.o(.text) refers to _printf_g.o(.ARM.Collect$$_printf_percent$$00000005) for _printf_g
    http_server_cgi.o(.text) refers to _printf_a.o(.ARM.Collect$$_printf_percent$$00000006) for _printf_a
    http_server_cgi.o(.text) refers to printf2.o(x$fpl$printf2) for _printf_fp_hex
    http_server_cgi.o(.text) refers to printf1.o(x$fpl$printf1) for _printf_fp_dec
    http_server_cgi.o(.text) refers to net_http_server.o(i.netCGI_GetEnvVar) for netCGI_GetEnvVar
    http_server_cgi.o(.text) refers to net_addr.o(i.netIP_aton) for netIP_aton
    http_server_cgi.o(.text) refers to net_sys.o(i.netIF_SetOption) for netIF_SetOption
    http_server_cgi.o(.text) refers to led_nucleo_f429zi.o(.text) for LED_SetOut
    http_server_cgi.o(.text) refers to strcmpv7m.o(.text) for strcmp
    http_server_cgi.o(.text) refers to strncmp.o(.text) for strncmp
    http_server_cgi.o(.text) refers to net_http_server.o(i.netHTTPs_LoginActive) for netHTTPs_LoginActive
[...]
    net_sntp_client_core.o(i.netSNTPc_GetTime) refers to net_sntp_client_core.o(i.net_sntp_client_start) for net_sntp_client_start
    net_sntp_client_core.o(i.netSNTPc_GetTime) refers to net_sys.o(i.net_sys_unlock) for net_sys_unlock
    net_sntp_client_core.o(i.netSNTPc_SetMode) refers to net_sys.o(i.net_sys_lock) for net_sys_lock
    net_sntp_client_core.o(i.netSNTPc_SetMode) refers to net_sntp_client_core.o(i.sntp_set_mode) for sntp_set_mode
    net_sntp_client_core.o(i.netSNTPc_SetMode) refers to net_sys.o(i.net_sys_unlock) for net_sys_unlock
    net_sntp_client_core.o(i.net_sntp_client_init) refers to eventrecorder.o(.text) for EventRecord2
    net_sntp_client_core.o(i.net_sntp_client_init) refers to net_udp.o(i.net_udp_get_socket) for net_udp_get_socket
    net_sntp_client_core.o(i.net_sntp_client_init) refers to net_config.o(.text) for net_sys_error
    net_sntp_client_core.o(i.net_sntp_client_init) refers to net_config.o(.constdata) for net_sntp_config
    net_sntp_client_core.o(i.net_sntp_client_init) refers to net_sntp_client_core.o(.bss) for .bss
    net_sntp_client_core.o(i.net_sntp_client_init) refers to net_sntp_client_core.o(i.sntp_listener) for sntp_listener
    net_sntp_client_core.o(i.net_sntp_client_run) refers to net_sntp_client_core.o(i.sntp_send_message) for sntp_send_message
    net_sntp_client_core.o(i.net_sntp_client_run) refers to eventrecorder.o(.text) for EventRecordData
    net_sntp_client_core.o(i.net_sntp_client_run) refers to net_sntp_client_core.o(i.sntp_stop) for sntp_stop
    net_sntp_client_core.o(i.net_sntp_client_run) refers to net_sntp_client_core.o(.bss) for .bss
    net_sntp_client_core.o(i.net_sntp_client_run) refers to net_sys.o(.bss) for net_sys_control
    net_sntp_client_core.o(i.net_sntp_client_start) refers to eventrecorder.o(.text) for EventRecord2
    net_sntp_client_core.o(i.net_sntp_client_start) refers to net_addr.o(i.net_addr_copy) for net_addr_copy
    net_sntp_client_core.o(i.net_sntp_client_start) refers to net_addr.o(i.net_addr_is_unspec) for net_addr_is_unspec
    net_sntp_client_core.o(i.net_sntp_client_start) refers to net_addr.o(i.net_addr4_aton) for net_addr4_aton
    net_sntp_client_core.o(i.net_sntp_client_start) refers to net_udp.o(i.net_udp_open) for net_udp_open
    net_sntp_client_core.o(i.net_sntp_client_start) refers to net_udp.o(i.net_udp_close) for net_udp_close
    net_sntp_client_core.o(i.net_sntp_client_start) refers to net_sntp_client_core.o(i.sntp_send_message) for sntp_send_message
    net_sntp_client_core.o(i.net_sntp_client_start) refers to net_sntp_client_core.o(.bss) for .bss
    net_sntp_client_core.o(i.net_sntp_client_start) refers to net_config.o(.constdata) for net_sntp_config
    net_sntp_client_core.o(i.net_sntp_client_uninit) refers to eventrecorder.o(.text) for EventRecord2
    net_sntp_client_core.o(i.net_sntp_client_uninit) refers to rt_memclr_w.o(.text) for __aeabi_memclr4
    net_sntp_client_core.o(i.net_sntp_client_uninit) refers to net_sntp_client_core.o(.bss) for .bss
    net_sntp_client_core.o(i.sntp_listener) refers to eventrecorder.o(.text) for EventRecord2
    net_sntp_client_core.o(i.sntp_listener) refers to net_addr.o(i.net_addr_comp) for net_addr_comp
    net_sntp_client_core.o(i.sntp_listener) refers to net_sntp_client_core.o(i.sntp_stop) for sntp_stop
    net_sntp_client_core.o(i.sntp_listener) refers to net_sntp_client_core.o(.bss) for .bss
    net_sntp_client_core.o(i.sntp_listener) refers to net_sys.o(.bss) for net_dbg_buf
    net_sntp_client_core.o(i.sntp_send_message) refers to eventrecorder.o(.text) for EventRecordData
    net_sntp_client_core.o(i.sntp_send_message) refers to net_udp.o(i.net_udp_get_buf) for net_udp_get_buf
    net_sntp_client_core.o(i.sntp_send_message) refers to rt_memclr.o(.text) for __aeabi_memclr
    net_sntp_client_core.o(i.sntp_send_message) refers to net_udp.o(i.net_udp_send) for net_udp_send
    net_sntp_client_core.o(i.sntp_send_message) refers to net_sntp_client_core.o(.bss) for .bss
    net_sntp_client_core.o(i.sntp_set_mode) refers to eventrecorder.o(.text) for EventRecord2
    net_sntp_client_core.o(i.sntp_set_mode) refers to net_sntp_client_core.o(.bss) for .bss
    net_sntp_client_core.o(i.sntp_stop) refers to net_udp.o(i.net_udp_close) for net_udp_close
    net_sntp_client_core.o(i.sntp_stop) refers to net_sntp_client_core.o(.bss) for .bss
    net_ping_core.o(i.netPing_Echo) refers to net_sys.o(i.net_sys_lock) for net_sys_lock
    net_ping_core.o(i.netPing_Echo) refers to net_ping_core.o(i.net_ping_client_start) for net_ping_client_start
    net_ping_core.o(i.netPing_Echo) refers to net_sys.o(i.net_sys_unlock) for net_sys_unlock
    net_ping_core.o(i.net_ping_client_init) refers to eventrecorder.o(.text) for EventRecord2
    net_ping_core.o(i.net_ping_client_init) refers to net_ping_core.o(.bss) for .bss
    net_ping_core.o(i.net_ping_client_run) refers to eventrecorder.o(.text) for EventRecord2
    net_ping_core.o(i.net_ping_client_run) refers to net_ping_core.o(i.ping_send_req) for ping_send_req
    net_ping_core.o(i.net_ping_client_run) refers to net_ping_core.o(.bss) for .bss
    net_ping_core.o(i.net_ping_client_run) refers to net_sys.o(.bss) for net_sys_control
    net_ping_core.o(i.net_ping_client_start) refers to net_addr.o(i.net_addr_is_unspec) for net_addr_is_unspec
    net_ping_core.o(i.net_ping_client_start) refers to eventrecorder.o(.text) for EventRecord2
    net_ping_core.o(i.net_ping_client_start) refers to net_addr.o(i.net_addr_copy) for net_addr_copy
    net_ping_core.o(i.net_ping_client_start) refers to net_addr.o(i.net_addr_find_route) for net_addr_find_route
    net_ping_core.o(i.net_ping_client_start) refers to net_addr.o(i.net_addr_get_local) for net_addr_get_local
    net_ping_core.o(i.net_ping_client_start) refers to net_sys.o(i.net_rand32) for net_rand32
    net_ping_core.o(i.net_ping_client_start) refers to net_ping_core.o(i.ping_send_req) for ping_send_req
    net_ping_core.o(i.net_ping_client_start) refers to net_ping_core.o(.bss) for .bss
    net_ping_core.o(i.net_ping_client_uninit) refers to eventrecorder.o(.text) for EventRecord2
    net_ping_core.o(i.net_ping_client_uninit) refers to rt_memclr_w.o(.text) for __aeabi_memclr4
    net_ping_core.o(i.net_ping_client_uninit) refers to net_ping_core.o(.bss) for .bss
    net_ping_core.o(i.ping_send_req) refers to net_icmp.o(i.net_icmp_send_echo) for net_icmp_send_echo
    net_ping_core.o(i.ping_send_req) refers to net_icmp6.o(i.net_icmp6_send_echo) for net_icmp6_send_echo
    net_ping_core.o(i.ping_send_req) refers to net_ping_core.o(.bss) for .bss
    net_sys.o(i.netCore_Thread) refers to net_sys.o(i.net_sys_lock) for net_sys_lock
    net_sys.o(i.netCore_Thread) refers to net_config.o(.text) for netos_timer_start
    net_sys.o(i.netCore_Thread) refers to net_sys.o(i.net_sys_unlock) for net_sys_unlock
    net_sys.o(i.netCore_Thread) refers to net_sys.o(i.sys_proc_tick) for sys_proc_tick
    net_sys.o(i.netCore_Thread) refers to net_sys.o(.bss) for .bss
    net_sys.o(i.netCore_Thread) refers to net_config.o(.constdata) for net_sys_config
    net_sys.o(i.netIF_GetOption) refers to net_sys.o(i.net_if_map_all) for net_if_map_all
    net_sys.o(i.netIF_GetOption) refers to net_sys.o(i.net_sys_lock) for net_sys_lock
    net_sys.o(i.netIF_GetOption) refers to eventrecorder.o(.text) for EventRecord2
    net_sys.o(i.netIF_GetOption) refers to net_sys.o(i.net_sys_unlock) for net_sys_unlock
    net_sys.o(i.netIF_GetOption) refers to net_config.o(.constdata) for netif_getopt_func
    net_sys.o(i.netIF_SetDefault) refers to net_sys.o(i.net_if_map_all) for net_if_map_all
    net_sys.o(i.netIF_SetDefault) refers to net_sys.o(i.net_sys_lock) for net_sys_lock
    net_sys.o(i.netIF_SetDefault) refers to eventrecorder.o(.text) for EventRecord2
    net_sys.o(i.netIF_SetDefault) refers to net_ip4.o(i.net_ip4_set_netif) for net_ip4_set_netif
    net_sys.o(i.netIF_SetDefault) refers to net_ip6.o(i.net_ip6_set_netif) for net_ip6_set_netif
    net_sys.o(i.netIF_SetDefault) refers to net_sys.o(i.net_sys_unlock) for net_sys_unlock
    net_sys.o(i.netIF_SetOption) refers to net_sys.o(i.net_if_map_all) for net_if_map_all
    net_sys.o(i.netIF_SetOption) refers to net_sys.o(i.net_sys_lock) for net_sys_lock
    net_sys.o(i.netIF_SetOption) refers to eventrecorder.o(.text) for EventRecord2
    net_sys.o(i.netIF_SetOption) refers to net_sys.o(i.net_sys_unlock) for net_sys_unlock
    net_sys.o(i.netIF_SetOption) refers to net_config.o(.constdata) for netif_setopt_func
    net_sys.o(i.netInitialize) refers to net_config.o(.text) for netos_init
    net_sys.o(i.netInitialize) refers to net_sys.o(i.net_sys_lock) for net_sys_lock
    net_sys.o(i.netInitialize) refers to net_debug.o(.text) for net_evr_init
    net_sys.o(i.netInitialize) refers to eventrecorder.o(.text) for EventRecord2
    net_sys.o(i.netInitialize) refers to net_mem.o(i.net_mem_init) for net_mem_init
    net_sys.o(i.netInitialize) refers to rt_memclr_w.o(.text) for __aeabi_memclr4
    net_sys.o(i.netInitialize) refers to net_sys.o(i.net_sys_unlock) for net_sys_unlock
    net_sys.o(i.netInitialize) refers to net_sys.o(.bss) for .bss
    net_sys.o(i.netInitialize) refers to net_version.o(.constdata) for net_lib_version
    net_sys.o(i.netInitialize) refers to net_config.o(.constdata) for net_sys_config
    net_sys.o(i.netSYS_GetHostName) refers to net_sys.o(.bss) for .bss
    net_sys.o(i.netSYS_SetHostName) refers to net_sys.o(i.net_sys_lock) for net_sys_lock
    net_sys.o(i.netSYS_SetHostName) refers to strlen.o(.text) for strlen
    net_sys.o(i.netSYS_SetHostName) refers to eventrecorder.o(.text) for EventRecordData
    net_sys.o(i.netSYS_SetHostName) refers to net_common.o(i.net_strcpy) for net_strcpy
    net_sys.o(i.netSYS_SetHostName) refers to net_sys.o(i.net_sys_unlock) for net_sys_unlock
    net_sys.o(i.netSYS_SetHostName) refers to net_sys.o(.bss) for .bss
    net_sys.o(i.netUninitialize) refers to net_sys.o(i.net_sys_lock) for net_sys_lock
    net_sys.o(i.netUninitialize) refers to eventrecorder.o(.text) for EventRecord2
    net_sys.o(i.netUninitialize) refers to net_sys.o(i.net_sys_unlock) for net_sys_unlock
    net_sys.o(i.netUninitialize) refers to net_config.o(.text) for netos_timer_delete
    net_sys.o(i.netUninitialize) refers to net_mem.o(i.net_mem_uninit) for net_mem_uninit
    net_sys.o(i.netUninitialize) refers to rt_memclr_w.o(.text) for __aeabi_memclr4
    net_sys.o(i.netUninitialize) refers to net_config.o(.constdata) for net_sys_fn_uninit
    net_sys.o(i.netUninitialize) refers to net_sys.o(.bss) for .bss
    net_sys.o(i.net_if_map_all) refers to net_sys.o(i.sys_map_if) for sys_map_if
    net_sys.o(i.net_if_map_all) refers to net_config.o(.constdata) for net_if_list_all
    net_sys.o(i.net_if_map_lan) refers to net_sys.o(i.sys_map_if) for sys_map_if
    net_sys.o(i.net_if_map_lan) refers to net_config.o(.constdata) for net_if_list_lan
    net_sys.o(i.net_path) refers to net_common.o(i.net_strcpy) for net_strcpy
    net_sys.o(i.net_path) refers to net_common.o(i.net_strncpy) for net_strncpy
    net_sys.o(i.net_path) refers to net_config.o(.constdata) for net_sys_config
    net_sys.o(i.net_rand32) refers to net_sys.o(.bss) for .bss
    net_sys.o(i.net_sys_lock) refers to net_config.o(.text) for netos_lock
    net_sys.o(i.net_sys_lock) refers to net_sys.o(.bss) for .bss
    net_sys.o(i.net_sys_resume) refers to net_config.o(.text) for netos_flag_set
    net_sys.o(i.net_sys_suspend) refers to net_config.o(.text) for netos_thread_id
    net_sys.o(i.net_sys_suspend) refers to net_sys.o(i.net_sys_unlock) for net_sys_unlock
    net_sys.o(i.net_sys_suspend) refers to net_sys.o(i.net_sys_lock) for net_sys_lock
    net_sys.o(i.net_sys_tick) refers to net_sys.o(i.net_sys_wakeup) for net_sys_wakeup
    net_sys.o(i.net_sys_tick) refers to net_sys.o(.bss) for .bss
    net_sys.o(i.net_sys_unlock) refers to net_config.o(.text) for netos_unlock
    net_sys.o(i.net_sys_unlock) refers to net_sys.o(.bss) for .bss
    net_sys.o(i.net_sys_wait) refers to net_sys.o(i.net_sys_unlock) for net_sys_unlock
    net_sys.o(i.net_sys_wait) refers to net_config.o(.text) for netos_flag_wait
    net_sys.o(i.net_sys_wait) refers to net_sys.o(i.net_sys_lock) for net_sys_lock
    net_sys.o(i.net_sys_wakeup) refers to net_config.o(.text) for netos_flag_set
    net_sys.o(i.net_sys_wakeup) refers to net_sys.o(.bss) for .bss
    net_sys.o(i.sys_proc_tick) refers to net_sys.o(i.net_rand32) for net_rand32
    net_sys.o(i.sys_proc_tick) refers to net_sys.o(.bss) for .bss
    net_addr.o(i.ip4_ntoa) refers to net_common.o(i.net_itoa) for net_itoa
    net_addr.o(i.ip6_ntoa) refers to net_common.o(i.net_ultox) for net_ultox
    net_addr.o(i.mac_ntoa) refers to net_common.o(i.net_bin2hex) for net_bin2hex
    net_addr.o(i.mac_ntoa) refers to net_common.o(i.net_strtoupper) for net_strtoupper
    net_addr.o(i.netIP_aton) refers to net_addr.o(i.net_addr4_aton) for net_addr4_aton
    net_addr.o(i.netIP_aton) refers to net_addr.o(i.net_addr6_aton) for net_addr6_aton
    net_addr.o(i.netIP_ntoa) refers to net_addr.o(i.ip4_ntoa) for ip4_ntoa
    net_addr.o(i.netIP_ntoa) refers to net_addr.o(i.ip6_ntoa) for ip6_ntoa
    net_addr.o(i.netMAC_aton) refers to net_common.o(i.net_xtoul) for net_xtoul
    net_addr.o(i.netMAC_ntoa) refers to net_addr.o(i.mac_ntoa) for mac_ntoa
    net_addr.o(i.net_addr4_aton) refers to net_common.o(i.net_atoi) for net_atoi
    net_addr.o(i.net_addr4_ntoa) refers to net_addr.o(i.ip4_ntoa) for ip4_ntoa
    net_addr.o(i.net_addr4_ntoa) refers to net_addr.o(.bss) for .bss
    net_addr.o(i.net_addr6_aton) refers to net_common.o(i.net_xtoul) for net_xtoul
    net_addr.o(i.net_addr6_get_solicited) refers to net_addr.o(.bss) for .bss
    net_addr.o(i.net_addr6_ntoa) refers to net_addr.o(i.ip6_ntoa) for ip6_ntoa
    net_addr.o(i.net_addr6_ntoa) refers to net_addr.o(.bss) for .bss
    net_addr.o(i.net_addr_comp) refers to net_addr.o(i.net_addr6_comp) for net_addr6_comp
    net_addr.o(i.net_addr_copy) refers to net_addr.o(i.net_addr6_copy) for net_addr6_copy
    net_addr.o(i.net_addr_find_route) refers to net_ip4.o(i.net_ip4_find_route) for net_ip4_find_route
    net_addr.o(i.net_addr_find_route) refers to net_ip6.o(i.net_ip6_find_route) for net_ip6_find_route
    net_addr.o(i.net_addr_get_lhost) refers to net_addr.o(i.net_addr6_copy) for net_addr6_copy
    net_addr.o(i.net_addr_get_lhost) refers to net_ip6.o(.constdata) for net_addr6_loopback
    net_addr.o(i.net_addr_get_lhost) refers to net_ip4.o(.constdata) for net_addr4_loopback
    net_addr.o(i.net_addr_get_local) refers to net_ip4.o(i.net_ip4_get_local) for net_ip4_get_local
    net_addr.o(i.net_addr_get_local) refers to net_ip6.o(i.net_ip6_get_local) for net_ip6_get_local
    net_addr.o(i.net_addr_get_local) refers to net_addr.o(.constdata) for .constdata
    net_addr.o(i.net_addr_is_unspec) refers to net_addr.o(i.net_addr6_is_unspec) for net_addr6_is_unspec
    net_addr.o(i.net_addr_ntoa) refers to net_addr.o(i.net_addr6_ntoa) for net_addr6_ntoa
    net_addr.o(i.net_addr_ntoa) refers to net_addr.o(i.net_addr4_ntoa) for net_addr4_ntoa
    net_addr.o(i.net_mac_ntoa) refers to net_addr.o(i.mac_ntoa) for mac_ntoa
    net_addr.o(i.net_mac_ntoa) refers to net_addr.o(.bss) for .bss
    net_ndp.o(i.ndp_cache_add) refers to net_addr.o(i.net_addr6_comp) for net_addr6_comp
    net_ndp.o(i.ndp_cache_add) refers to rt_memcpy_v6.o(.text) for __aeabi_memcpy
    net_ndp.o(i.ndp_cache_add) refers to eventrecorder.o(.text) for EventRecordData
    net_ndp.o(i.ndp_cache_add) refers to net_ndp.o(i.ndp_cache_alloc) for ndp_cache_alloc
    net_ndp.o(i.ndp_cache_add) refers to net_addr.o(i.net_addr6_copy) for net_addr6_copy
    net_ndp.o(i.ndp_cache_add) refers to net_sys.o(.bss) for net_dbg_buf
    net_ndp.o(i.ndp_cache_delete) refers to net_addr.o(i.net_addr6_comp) for net_addr6_comp
    net_ndp.o(i.ndp_cache_delete) refers to rt_memcpy_v6.o(.text) for __aeabi_memcpy
    net_ndp.o(i.ndp_cache_delete) refers to eventrecorder.o(.text) for EventRecordData
    net_ndp.o(i.ndp_cache_delete) refers to net_ndp.o(i.ndp_router_remove) for ndp_router_remove
    net_ndp.o(i.ndp_cache_delete) refers to net_ndp.o(i.ndp_que_free) for ndp_que_free
    net_ndp.o(i.ndp_cache_delete) refers to net_sys.o(.bss) for net_dbg_buf
    net_ndp.o(i.ndp_cache_run) refers to net_ndp.o(i.ndp_slaac_run) for ndp_slaac_run
    net_ndp.o(i.ndp_cache_run) refers to net_ndp.o(i.ndp_probe_run) for ndp_probe_run
    net_ndp.o(i.ndp_cache_run) refers to eventrecorder.o(.text) for EventRecord2
    net_ndp.o(i.ndp_cache_run) refers to net_ndp.o(i.ndp_que_free) for ndp_que_free
    net_ndp.o(i.ndp_cache_run) refers to rt_memcpy_v6.o(.text) for __aeabi_memcpy
    net_ndp.o(i.ndp_cache_run) refers to net_ndp.o(i.ndp_router_remove) for ndp_router_remove
    net_ndp.o(i.ndp_cache_run) refers to net_ndp.o(i.ndp_send_request) for ndp_send_request
    net_ndp.o(i.ndp_cache_run) refers to net_sys.o(.bss) for net_sys_control
    net_ndp.o(i.ndp_cache_run) refers to net_sys.o(.bss) for net_dbg_buf
    net_ndp.o(i.ndp_prefix_add) refers to memcmp.o(.text) for memcmp
    net_ndp.o(i.ndp_prefix_add) refers to net_addr.o(i.net_addr6_create) for net_addr6_create
    net_ndp.o(i.ndp_prefix_add) refers to rt_memcpy_v6.o(.text) for __aeabi_memcpy
    net_ndp.o(i.ndp_prefix_add) refers to eventrecorder.o(.text) for EventRecordData
    net_ndp.o(i.ndp_prefix_add) refers to net_sys.o(.bss) for net_dbg_buf
    net_ndp.o(i.ndp_probe_run) refers to rt_memcpy_v6.o(.text) for __aeabi_memcpy
    net_ndp.o(i.ndp_probe_run) refers to eventrecorder.o(.text) for EventRecordData
    net_ndp.o(i.ndp_probe_run) refers to net_ndp.o(i.ndp_send_request) for ndp_send_request
    net_ndp.o(i.ndp_probe_run) refers to net_sys.o(i.net_sys_resume) for net_sys_resume
    net_ndp.o(i.ndp_probe_run) refers to net_sys.o(.bss) for net_dbg_buf
    net_ndp.o(i.ndp_probe_start) refers to rt_memcpy_v6.o(.text) for __aeabi_memcpy
    net_ndp.o(i.ndp_probe_start) refers to eventrecorder.o(.text) for EventRecordData
    net_ndp.o(i.ndp_probe_start) refers to net_addr.o(i.net_addr6_is_unspec) for net_addr6_is_unspec
    net_ndp.o(i.ndp_probe_start) refers to net_addr.o(i.net_addr6_comp) for net_addr6_comp
    net_ndp.o(i.ndp_probe_start) refers to net_addr.o(i.net_addr6_copy) for net_addr6_copy
    net_ndp.o(i.ndp_probe_start) refers to net_ndp.o(i.ndp_send_request) for ndp_send_request
    net_ndp.o(i.ndp_probe_start) refers to net_sys.o(.bss) for net_dbg_buf
    net_ndp.o(i.ndp_probe_start) refers to net_ip6.o(.constdata) for net_addr6_loopback
    net_ndp.o(i.ndp_proc_response) refers to net_addr.o(i.net_addr6_comp) for net_addr6_comp
    net_ndp.o(i.ndp_proc_response) refers to net_ndp.o(i.ndp_next_opt) for ndp_next_opt
    net_ndp.o(i.ndp_proc_response) refers to eventrecorder.o(.text) for EventRecord2
    net_ndp.o(i.ndp_proc_response) refers to rt_memcpy_v6.o(.text) for __aeabi_memcpy
    net_ndp.o(i.ndp_proc_response) refers to net_mem.o(i.net_mem_free) for net_mem_free
    net_ndp.o(i.ndp_proc_response) refers to net_sys.o(.bss) for net_dbg_buf
    net_ndp.o(i.ndp_que_free) refers to net_mem.o(i.net_mem_free) for net_mem_free
    net_ndp.o(i.ndp_router_remove) refers to net_addr.o(i.net_addr6_copy) for net_addr6_copy
    net_ndp.o(i.ndp_router_remove) refers to net_addr.o(.constdata) for net_addr_unspec
    net_ndp.o(i.ndp_send_reply) refers to rt_memcpy_v6.o(.text) for __aeabi_memcpy
    net_ndp.o(i.ndp_send_reply) refers to eventrecorder.o(.text) for EventRecordData
    net_ndp.o(i.ndp_send_reply) refers to net_mem.o(i.net_mem_alloc) for net_mem_alloc
    net_ndp.o(i.ndp_send_reply) refers to net_addr.o(i.net_addr6_copy) for net_addr6_copy
    net_ndp.o(i.ndp_send_reply) refers to net_icmp6.o(i.net_icmp6_send) for net_icmp6_send
    net_ndp.o(i.ndp_send_reply) refers to net_mem.o(i.net_mem_free) for net_mem_free
    net_ndp.o(i.ndp_send_reply) refers to net_sys.o(.bss) for net_dbg_buf
    net_ndp.o(i.ndp_send_reply) refers to net_ip6.o(.constdata) for net_addr6_all_nodes
    net_ndp.o(i.ndp_send_request) refers to eventrecorder.o(.text) for EventRecord2
    net_ndp.o(i.ndp_send_request) refers to net_mem.o(i.net_mem_alloc) for net_mem_alloc
    net_ndp.o(i.ndp_send_request) refers to net_addr.o(i.net_addr6_copy) for net_addr6_copy
    net_ndp.o(i.ndp_send_request) refers to rt_memcpy_v6.o(.text) for __aeabi_memcpy
    net_ndp.o(i.ndp_send_request) refers to net_ip6.o(i.net_ip6_get_local) for net_ip6_get_local
    net_ndp.o(i.ndp_send_request) refers to net_icmp6.o(i.net_icmp6_send) for net_icmp6_send
    net_ndp.o(i.ndp_send_request) refers to net_mem.o(i.net_mem_free) for net_mem_free
    net_ndp.o(i.ndp_send_request) refers to net_sys.o(.bss) for net_dbg_buf
    net_ndp.o(i.ndp_send_request) refers to net_addr.o(.constdata) for net_addr_unspec
    net_ndp.o(i.ndp_slaac_run) refers to net_addr.o(i.net_addr6_create) for net_addr6_create
    net_ndp.o(i.ndp_slaac_run) refers to rt_memcpy_v6.o(.text) for __aeabi_memcpy
    net_ndp.o(i.ndp_slaac_run) refers to eventrecorder.o(.text) for EventRecordData
    net_ndp.o(i.ndp_slaac_run) refers to net_addr.o(i.net_addr6_copy) for net_addr6_copy
    net_ndp.o(i.ndp_slaac_run) refers to net_sys.o(i.net_rand32) for net_rand32
    net_ndp.o(i.ndp_slaac_run) refers to net_ndp.o(i.ndp_send_request) for ndp_send_request
    net_ndp.o(i.ndp_slaac_run) refers to net_sys.o(.bss) for net_dbg_buf
    net_ndp.o(i.ndp_slaac_run) refers to net_addr.o(.constdata) for net_addr_unspec
    net_ndp.o(i.ndp_slaac_run) refers to net_ip6.o(.constdata) for net_addr6_all_routers
    net_ndp.o(i.ndp_slaac_run) refers to net_sys.o(.bss) for net_sys_control
    net_ndp.o(i.netNDP_CacheIP) refers to net_sys.o(i.net_if_map_lan) for net_if_map_lan
    net_ndp.o(i.netNDP_CacheIP) refers to net_sys.o(i.net_sys_lock) for net_sys_lock
    net_ndp.o(i.netNDP_CacheIP) refers to rt_memcpy_v6.o(.text) for __aeabi_memcpy
    net_ndp.o(i.netNDP_CacheIP) refers to eventrecorder.o(.text) for EventRecordData
    net_ndp.o(i.netNDP_CacheIP) refers to net_addr.o(i.net_addr6_is_unspec) for net_addr6_is_unspec
    net_ndp.o(i.netNDP_CacheIP) refers to net_ndp.o(i.net_ndp_cache_find) for net_ndp_cache_find
    net_ndp.o(i.netNDP_CacheIP) refers to net_sys.o(i.net_sys_unlock) for net_sys_unlock
    net_ndp.o(i.netNDP_CacheIP) refers to net_sys.o(.bss) for net_dbg_buf
    net_ndp.o(i.netNDP_ClearCache) refers to net_sys.o(i.net_if_map_lan) for net_if_map_lan
    net_ndp.o(i.netNDP_ClearCache) refers to net_sys.o(i.net_sys_lock) for net_sys_lock
    net_ndp.o(i.netNDP_ClearCache) refers to eventrecorder.o(.text) for EventRecord2
    net_ndp.o(i.netNDP_ClearCache) refers to net_ndp.o(i.ndp_que_free) for ndp_que_free
    net_ndp.o(i.netNDP_ClearCache) refers to net_sys.o(i.net_sys_unlock) for net_sys_unlock
    net_ndp.o(i.netNDP_GetIP) refers to net_sys.o(i.net_if_map_lan) for net_if_map_lan
    net_ndp.o(i.netNDP_GetIP) refers to net_sys.o(i.net_sys_lock) for net_sys_lock
    net_ndp.o(i.netNDP_GetIP) refers to eventrecorder.o(.text) for EventRecord2
    net_ndp.o(i.netNDP_GetIP) refers to rt_memcpy_v6.o(.text) for __aeabi_memcpy
    net_ndp.o(i.netNDP_GetIP) refers to net_addr.o(i.net_addr6_copy) for net_addr6_copy
    net_ndp.o(i.netNDP_GetIP) refers to net_sys.o(i.net_sys_unlock) for net_sys_unlock
    net_ndp.o(i.netNDP_GetIP) refers to net_sys.o(.bss) for net_dbg_buf
    net_ndp.o(i.netNDP_GetMAC) refers to net_sys.o(i.net_if_map_lan) for net_if_map_lan
    net_ndp.o(i.netNDP_GetMAC) refers to net_sys.o(i.net_sys_lock) for net_sys_lock
    net_ndp.o(i.netNDP_GetMAC) refers to net_ndp.o(i.net_ndp_find_mac) for net_ndp_find_mac
    net_ndp.o(i.netNDP_GetMAC) refers to rt_memcpy_v6.o(.text) for __aeabi_memcpy
    net_ndp.o(i.netNDP_GetMAC) refers to eventrecorder.o(.text) for EventRecordData
    net_ndp.o(i.netNDP_GetMAC) refers to net_sys.o(i.net_sys_unlock) for net_sys_unlock
    net_ndp.o(i.netNDP_GetMAC) refers to net_sys.o(.bss) for net_dbg_buf
    net_ndp.o(i.netNDP_Probe) refers to net_sys.o(i.net_if_map_lan) for net_if_map_lan
    net_ndp.o(i.netNDP_Probe) refers to net_sys.o(i.net_sys_lock) for net_sys_lock
    net_ndp.o(i.netNDP_Probe) refers to net_ndp.o(i.ndp_probe_start) for ndp_probe_start
    net_ndp.o(i.netNDP_Probe) refers to net_sys.o(i.net_sys_unlock) for net_sys_unlock
    net_ndp.o(i.netNDP_Probe) refers to eventrecorder.o(.text) for EventRecord2
    net_ndp.o(i.netNDP_ProbeX) refers to net_sys.o(i.net_if_map_lan) for net_if_map_lan
    net_ndp.o(i.netNDP_ProbeX) refers to net_sys.o(i.net_sys_lock) for net_sys_lock
    net_ndp.o(i.netNDP_ProbeX) refers to net_ndp.o(i.ndp_probe_start) for ndp_probe_start
    net_ndp.o(i.netNDP_ProbeX) refers to eventrecorder.o(.text) for EventRecord2
    net_ndp.o(i.netNDP_ProbeX) refers to net_sys.o(i.net_sys_suspend) for net_sys_suspend
    net_ndp.o(i.netNDP_ProbeX) refers to net_sys.o(i.net_sys_unlock) for net_sys_unlock
    net_ndp.o(i.netNDP_ProbeX) refers to net_config.o(.text) for netos_delay
    net_ndp.o(i.net_ndp_cache_find) refers to rt_memcpy_v6.o(.text) for __aeabi_memcpy
    net_ndp.o(i.net_ndp_cache_find) refers to eventrecorder.o(.text) for EventRecordData
    net_ndp.o(i.net_ndp_cache_find) refers to memcmp.o(.text) for memcmp
    net_ndp.o(i.net_ndp_cache_find) refers to net_addr.o(i.net_addr6_is_onlink) for net_addr6_is_onlink
    net_ndp.o(i.net_ndp_cache_find) refers to net_addr.o(i.net_addr6_is_unspec) for net_addr6_is_unspec
    net_ndp.o(i.net_ndp_cache_find) refers to net_addr.o(i.net_addr6_is_linklocal) for net_addr6_is_linklocal
    net_ndp.o(i.net_ndp_cache_find) refers to net_addr.o(i.net_addr6_comp) for net_addr6_comp
    net_ndp.o(i.net_ndp_cache_find) refers to net_ndp.o(i.ndp_cache_alloc) for ndp_cache_alloc
    net_ndp.o(i.net_ndp_cache_find) refers to net_ndp.o(i.ndp_que_free) for ndp_que_free
    net_ndp.o(i.net_ndp_cache_find) refers to net_addr.o(i.net_addr6_copy) for net_addr6_copy
    net_ndp.o(i.net_ndp_cache_find) refers to net_sys.o(.bss) for net_dbg_buf
    net_ndp.o(i.net_ndp_cache_find) refers to net_addr.o(.constdata) for net_addr_bcast
    net_ndp.o(i.net_ndp_cache_init) refers to eventrecorder.o(.text) for EventRecord2
    net_ndp.o(i.net_ndp_cache_init) refers to rt_memclr_w.o(.text) for __aeabi_memclr4
    net_ndp.o(i.net_ndp_cache_init) refers to net_addr.o(i.net_addr6_create) for net_addr6_create
    net_ndp.o(i.net_ndp_cache_init) refers to rt_memcpy_v6.o(.text) for __aeabi_memcpy
    net_ndp.o(i.net_ndp_cache_init) refers to net_config.o(.constdata) for net_ndp_list
    net_ndp.o(i.net_ndp_cache_init) refers to net_sys.o(.bss) for net_dbg_buf
    net_ndp.o(i.net_ndp_cache_mac) refers to net_sys.o(i.net_if_map_lan) for net_if_map_lan
    net_ndp.o(i.net_ndp_cache_refresh) refers to net_addr.o(i.net_addr6_comp) for net_addr6_comp
    net_ndp.o(i.net_ndp_cache_refresh) refers to rt_memcpy_v6.o(.text) for __aeabi_memcpy
    net_ndp.o(i.net_ndp_cache_refresh) refers to eventrecorder.o(.text) for EventRecordData
    net_ndp.o(i.net_ndp_cache_refresh) refers to net_sys.o(.bss) for net_dbg_buf
    net_ndp.o(i.net_ndp_cache_run) refers to net_ndp.o(i.ndp_cache_run) for ndp_cache_run
    net_ndp.o(i.net_ndp_cache_run) refers to net_config.o(.constdata) for net_ndp_list
    net_ndp.o(i.net_ndp_cache_uninit) refers to eventrecorder.o(.text) for EventRecord2
    net_ndp.o(i.net_ndp_cache_uninit) refers to rt_memclr_w.o(.text) for __aeabi_memclr4
    net_ndp.o(i.net_ndp_cache_uninit) refers to net_config.o(.constdata) for net_ndp_list
    net_ndp.o(i.net_ndp_enqueue) refers to net_mem.o(i.net_mem_avail) for net_mem_avail
    net_ndp.o(i.net_ndp_enqueue) refers to net_mem.o(i.net_mem_alloc) for net_mem_alloc
    net_ndp.o(i.net_ndp_enqueue) refers to rt_memcpy_v6.o(.text) for __aeabi_memcpy
    net_ndp.o(i.net_ndp_enqueue) refers to eventrecorder.o(.text) for EventRecord2
    net_ndp.o(i.net_ndp_enqueue) refers to net_ndp.o(i.ndp_send_request) for ndp_send_request
    net_ndp.o(i.net_ndp_find_mac) refers to net_addr.o(i.net_addr6_comp) for net_addr6_comp
    net_ndp.o(i.net_ndp_process) refers to net_ndp.o(i.ndp_check_frame) for ndp_check_frame
    net_ndp.o(i.net_ndp_process) refers to rt_memcpy_v6.o(.text) for __aeabi_memcpy
    net_ndp.o(i.net_ndp_process) refers to eventrecorder.o(.text) for EventRecordData
    net_ndp.o(i.net_ndp_process) refers to net_addr.o(i.net_addr6_comp) for net_addr6_comp
    net_ndp.o(i.net_ndp_process) refers to net_addr.o(i.net_addr6_is_linklocal) for net_addr6_is_linklocal
    net_ndp.o(i.net_ndp_process) refers to net_ndp.o(i.ndp_cache_add) for ndp_cache_add
    net_ndp.o(i.net_ndp_process) refers to net_ndp.o(i.ndp_cache_delete) for ndp_cache_delete
    net_ndp.o(i.net_ndp_process) refers to net_ndp.o(i.ndp_prefix_add) for ndp_prefix_add
    net_ndp.o(i.net_ndp_process) refers to net_ndp.o(i.ndp_next_opt) for ndp_next_opt
    net_ndp.o(i.net_ndp_process) refers to net_addr.o(i.net_addr6_is_unspec) for net_addr6_is_unspec
    net_ndp.o(i.net_ndp_process) refers to net_ndp.o(i.ndp_send_reply) for ndp_send_reply
    net_ndp.o(i.net_ndp_process) refers to net_sys.o(i.net_sys_resume) for net_sys_resume
    net_ndp.o(i.net_ndp_process) refers to net_ndp.o(i.ndp_proc_response) for ndp_proc_response
    net_ndp.o(i.net_ndp_process) refers to net_sys.o(.bss) for net_dbg_buf
    net_ndp.o(i.net_ndp_process) refers to net_ip6.o(.constdata) for net_addr6_all_nodes
    net_ip4.o(i.ip4_get_chksum) refers to net_common.o(i.net_chksum_buf) for net_chksum_buf
    net_ip4.o(i.net_ip4_chk_frame) refers to eventrecorder.o(.text) for EventRecord2
    net_ip4.o(i.net_ip4_chk_frame) refers to net_ip4.o(i.net_ip4_is_subcast) for net_ip4_is_subcast
    net_ip4.o(i.net_ip4_chk_frame) refers to net_config.o(.text) for net_igmp_is_member
    net_ip4.o(i.net_ip4_chk_frame) refers to net_ip4.o(i.ip4_get_chksum) for ip4_get_chksum
    net_ip4.o(i.net_ip4_chk_frame) refers to net_ip4.o(i.ip4_get_mtu) for ip4_get_mtu
    net_ip4.o(i.net_ip4_chk_frame) refers to net_sys.o(.bss) for net_sys_control
    net_ip4.o(i.net_ip4_chk_frame) refers to net_sys.o(.bss) for net_dbg_buf
    net_ip4.o(i.net_ip4_chk_frame) refers to net_ip4.o(.constdata) for .constdata
    net_ip4.o(i.net_ip4_chk_frame) refers to net_addr.o(.constdata) for net_addr_bcast
    net_ip4.o(i.net_ip4_chksum) refers to net_common.o(i.net_chksum_buf) for net_chksum_buf
    net_ip4.o(i.net_ip4_chksum_buf) refers to net_common.o(i.net_chksum_buf) for net_chksum_buf
    net_ip4.o(i.net_ip4_def_localm) refers to net_ip4.o(.data) for .data
    net_ip4.o(i.net_ip4_find_route) refers to net_ip4.o(i.net_ip4_is_onlink) for net_ip4_is_onlink
    net_ip4.o(i.net_ip4_find_route) refers to net_addr.o(.constdata) for net_addr_bcast
    net_ip4.o(i.net_ip4_find_route) refers to net_ip4.o(.constdata) for .constdata
    net_ip4.o(i.net_ip4_find_route) refers to net_loopback.o(.constdata) for net_loop_if_config
    net_ip4.o(i.net_ip4_find_route) refers to net_config.o(.constdata) for net_if_link_def
    net_ip4.o(i.net_ip4_find_route) refers to net_ip4.o(.data) for .data
    net_ip4.o(i.net_ip4_get_local) refers to net_ip4.o(.constdata) for .constdata
    net_ip4.o(i.net_ip4_init) refers to eventrecorder.o(.text) for EventRecord2
    net_ip4.o(i.net_ip4_init) refers to net_ip4.o(.data) for .data
    net_ip4.o(i.net_ip4_init) refers to net_config.o(.constdata) for net_if_inet_def
    net_ip4.o(i.net_ip4_reass_frame) refers to net_ip4_frag.o(i.net_ip4_frag_add) for net_ip4_frag_add
    net_ip4.o(i.net_ip4_send_frame) refers to eventrecorder.o(.text) for EventRecord2
    net_ip4.o(i.net_ip4_send_frame) refers to net_ip4.o(i.net_ip4_get_local) for net_ip4_get_local
    net_ip4.o(i.net_ip4_send_frame) refers to net_ip4.o(i.ip4_get_mtu) for ip4_get_mtu
    net_ip4.o(i.net_ip4_send_frame) refers to net_ip4_frag.o(i.net_ip4_frag_get) for net_ip4_frag_get
    net_ip4.o(i.net_ip4_send_frame) refers to net_ip4.o(i.ip4_get_chksum) for ip4_get_chksum
    net_ip4.o(i.net_ip4_send_frame) refers to net_sys.o(.bss) for net_sys_control
    net_ip4.o(i.net_ip4_send_frame) refers to net_ip4.o(.data) for .data
    net_ip4.o(i.net_ip4_set_netif) refers to eventrecorder.o(.text) for EventRecord2
    net_ip4.o(i.net_ip4_set_netif) refers to net_ip4.o(.data) for .data
    net_ip4.o(i.net_ip4_uninit) refers to eventrecorder.o(.text) for EventRecord2
    net_ip4.o(i.net_ip4_uninit) refers to net_ip4.o(.data) for .data
    net_ip6.o(i.net_ip6_chk_frame) refers to eventrecorder.o(.text) for EventRecord2
    net_ip6.o(i.net_ip6_chk_frame) refers to net_addr.o(i.net_addr6_is_solicited) for net_addr6_is_solicited
    net_ip6.o(i.net_ip6_chk_frame) refers to net_addr.o(i.net_addr6_comp) for net_addr6_comp
    net_ip6.o(i.net_ip6_chk_frame) refers to rt_memcpy_v6.o(.text) for __aeabi_memcpy
    net_ip6.o(i.net_ip6_chk_frame) refers to net_sys.o(.bss) for net_sys_control
    net_ip6.o(i.net_ip6_chk_frame) refers to net_ip6.o(.constdata) for .constdata
    net_ip6.o(i.net_ip6_chk_frame) refers to net_sys.o(.bss) for net_dbg_buf
    net_ip6.o(i.net_ip6_chksum) refers to net_common.o(i.net_chksum_buf) for net_chksum_buf
    net_ip6.o(i.net_ip6_collect_mcast) refers to net_addr.o(i.net_addr6_to_mac) for net_addr6_to_mac
    net_ip6.o(i.net_ip6_collect_mcast) refers to net_addr.o(i.net_addr6_get_solicited) for net_addr6_get_solicited
    net_ip6.o(i.net_ip6_collect_mcast) refers to net_addr.o(i.net_addr6_is_unspec) for net_addr6_is_unspec
    net_ip6.o(i.net_ip6_collect_mcast) refers to net_ip6.o(.constdata) for .constdata
    net_ip6.o(i.net_ip6_def_localm) refers to net_ip6.o(.data) for .data
    net_ip6.o(i.net_ip6_find_route) refers to net_addr.o(i.net_addr6_comp) for net_addr6_comp
    net_ip6.o(i.net_ip6_find_route) refers to net_ip6.o(.constdata) for .constdata
    net_ip6.o(i.net_ip6_find_route) refers to net_loopback.o(.constdata) for net_loop_if_config
    net_ip6.o(i.net_ip6_find_route) refers to net_config.o(.constdata) for net_if_link_def
    net_ip6.o(i.net_ip6_find_route) refers to net_ip6.o(.data) for .data
    net_ip6.o(i.net_ip6_get_local) refers to net_addr.o(i.net_addr6_is_unspec) for net_addr6_is_unspec
    net_ip6.o(i.net_ip6_get_local) refers to net_ip6.o(.constdata) for .constdata
    net_ip6.o(i.net_ip6_get_local) refers to net_addr.o(.constdata) for net_addr_unspec
    net_ip6.o(i.net_ip6_init) refers to eventrecorder.o(.text) for EventRecord2
    net_ip6.o(i.net_ip6_init) refers to net_ip6.o(.data) for .data
    net_ip6.o(i.net_ip6_init) refers to net_config.o(.constdata) for net_if_inet_def
    net_ip6.o(i.net_ip6_send_frame) refers to eventrecorder.o(.text) for EventRecord2
    net_ip6.o(i.net_ip6_send_frame) refers to net_addr.o(i.net_addr6_copy) for net_addr6_copy
    net_ip6.o(i.net_ip6_send_frame) refers to net_sys.o(.bss) for net_sys_control
    net_ip6.o(i.net_ip6_set_netif) refers to eventrecorder.o(.text) for EventRecord2
    net_ip6.o(i.net_ip6_set_netif) refers to net_ip6.o(.data) for .data
    net_ip6.o(i.net_ip6_uninit) refers to eventrecorder.o(.text) for EventRecord2
    net_ip6.o(i.net_ip6_uninit) refers to net_ip6.o(.data) for .data
    net_icmp6.o(i.netICMP6_SetNoEcho) refers to net_sys.o(i.net_if_map_all) for net_if_map_all
    net_icmp6.o(i.net_icmp6_init) refers to net_config.o(.constdata) for net_icmp6_list
    net_icmp6.o(i.net_icmp6_process) refers to net_ip6.o(i.net_ip6_chksum) for net_ip6_chksum
    net_icmp6.o(i.net_icmp6_process) refers to eventrecorder.o(.text) for EventRecord2
    net_icmp6.o(i.net_icmp6_process) refers to net_mem.o(i.net_mem_alloc) for net_mem_alloc
    net_icmp6.o(i.net_icmp6_process) refers to rt_memcpy_v6.o(.text) for __aeabi_memcpy
    net_icmp6.o(i.net_icmp6_process) refers to net_ip6.o(i.net_ip6_send_frame) for net_ip6_send_frame
    net_icmp6.o(i.net_icmp6_process) refers to net_mem.o(i.net_mem_free) for net_mem_free
    net_icmp6.o(i.net_icmp6_process) refers to net_addr.o(i.net_addr6_comp) for net_addr6_comp
    net_icmp6.o(i.net_icmp6_process) refers to memcmp.o(.text) for memcmp
    net_icmp6.o(i.net_icmp6_process) refers to net_ndp.o(i.net_ndp_process) for net_ndp_process
    net_icmp6.o(i.net_icmp6_process) refers to net_sys.o(.bss) for net_sys_control
    net_icmp6.o(i.net_icmp6_process) refers to net_ping_core.o(.bss) for net_ping_control
    net_icmp6.o(i.net_icmp6_process) refers to net_sys.o(.bss) for net_dbg_buf
    net_icmp6.o(i.net_icmp6_process) refers to net_ping_core.o(.constdata) for net_ping_payload
    net_icmp6.o(i.net_icmp6_send) refers to eventrecorder.o(.text) for EventRecord2
    net_icmp6.o(i.net_icmp6_send) refers to net_addr.o(i.net_addr6_get_solicited) for net_addr6_get_solicited
    net_icmp6.o(i.net_icmp6_send) refers to net_ip6.o(i.net_ip6_tx_offl_hl) for net_ip6_tx_offl_hl
    net_icmp6.o(i.net_icmp6_send) refers to net_ip6.o(i.net_ip6_chksum) for net_ip6_chksum
    net_icmp6.o(i.net_icmp6_send) refers to net_ip6.o(i.net_ip6_send_frame) for net_ip6_send_frame
    net_icmp6.o(i.net_icmp6_send_echo) refers to net_mem.o(i.net_mem_alloc) for net_mem_alloc
    net_icmp6.o(i.net_icmp6_send_echo) refers to rt_memcpy_v6.o(.text) for __aeabi_memcpy
    net_icmp6.o(i.net_icmp6_send_echo) refers to net_icmp6.o(i.net_icmp6_send) for net_icmp6_send
    net_icmp6.o(i.net_icmp6_send_echo) refers to net_mem.o(i.net_mem_free) for net_mem_free
    net_icmp6.o(i.net_icmp6_send_echo) refers to net_ping_core.o(.bss) for net_ping_control
    net_icmp6.o(i.net_icmp6_send_echo) refers to net_ping_core.o(.constdata) for net_ping_payload
    net_http_server_err.o(.constdata) refers to net_http_server_err.o(.conststring) for .conststring
    net_mem.o(i.mem_lock) refers to net_config.o(.text) for netos_lock
    net_mem.o(i.mem_lock) refers to net_mem.o(.bss) for .bss
    net_mem.o(i.mem_unlock) refers to net_config.o(.text) for netos_unlock
    net_mem.o(i.mem_unlock) refers to net_mem.o(.bss) for .bss
    net_mem.o(i.net_mem_alloc) refers to net_mem.o(i.mem_lock) for mem_lock
    net_mem.o(i.net_mem_alloc) refers to eventrecorder.o(.text) for EventRecord4
    net_mem.o(i.net_mem_alloc) refers to net_mem.o(i.mem_unlock) for mem_unlock
    net_mem.o(i.net_mem_alloc) refers to net_config.o(.text) for net_sys_error
    net_mem.o(i.net_mem_alloc) refers to net_mem.o(.bss) for .bss
    net_mem.o(i.net_mem_alloc) refers to net_config.o(.constdata) for net_sys_config
    net_mem.o(i.net_mem_avail) refers to net_mem.o(.bss) for .bss
    net_mem.o(i.net_mem_free) refers to net_mem.o(i.mem_lock) for mem_lock
    net_mem.o(i.net_mem_free) refers to eventrecorder.o(.text) for EventRecord2
    net_mem.o(i.net_mem_free) refers to net_mem.o(i.mem_unlock) for mem_unlock
    net_mem.o(i.net_mem_free) refers to net_config.o(.text) for net_sys_error
    net_mem.o(i.net_mem_free) refers to net_config.o(.constdata) for net_sys_config
    net_mem.o(i.net_mem_free) refers to net_mem.o(.bss) for .bss
    net_mem.o(i.net_mem_init) refers to net_config.o(.text) for netos_mutex_create
    net_mem.o(i.net_mem_init) refers to eventrecorder.o(.text) for EventRecord4
    net_mem.o(i.net_mem_init) refers to net_config.o(.constdata) for net_sys_config
    net_mem.o(i.net_mem_init) refers to net_mem.o(.bss) for .bss
    net_mem.o(i.net_mem_shrink) refers to net_mem.o(i.mem_lock) for mem_lock
    net_mem.o(i.net_mem_shrink) refers to eventrecorder.o(.text) for EventRecord2
    net_mem.o(i.net_mem_shrink) refers to net_mem.o(i.mem_unlock) for mem_unlock
    net_mem.o(i.net_mem_shrink) refers to net_mem.o(.bss) for .bss
    net_mem.o(i.net_mem_uninit) refers to eventrecorder.o(.text) for EventRecord2
    net_mem.o(i.net_mem_uninit) refers to rt_memclr_w.o(.text) for __aeabi_memclr4
    net_mem.o(i.net_mem_uninit) refers to net_config.o(.text) for netos_mutex_delete
    net_mem.o(i.net_mem_uninit) refers to net_config.o(.constdata) for net_sys_config
    net_mem.o(i.net_mem_uninit) refers to net_mem.o(.bss) for .bss
    net_common.o(i.i2str) refers to net_common.o(i.ul2str) for ul2str
    net_common.o(i.net_bin2hex) refers to net_common.o(.constdata) for .constdata
    net_common.o(i.net_crc_buf) refers to net_common.o(i.crc32_8bit) for crc32_8bit
    net_common.o(i.net_itoa) refers to net_common.o(i.i2str) for i2str
    net_common.o(i.net_itoa_n) refers to net_common.o(i.i2str) for i2str
    net_common.o(i.net_itoa_n0) refers to net_common.o(i.i2str) for i2str
    net_common.o(i.net_strcrc) refers to net_common.o(i.crc32_8bit) for crc32_8bit
    net_common.o(i.net_ultoa) refers to net_common.o(i.ul2str) for ul2str
    net_common.o(i.net_ultoa_n) refers to net_common.o(i.ul2str) for ul2str
    net_common.o(i.net_ultoa_n0) refers to net_common.o(i.ul2str) for ul2str
    net_common.o(i.net_ultox) refers to net_common.o(.constdata) for .constdata
    net_md5.o(i.md5_transform) refers to net_md5.o(.constdata) for .constdata
    net_md5.o(i.net_md5_final) refers to rt_memclr.o(.text) for __aeabi_memclr
    net_md5.o(i.net_md5_final) refers to net_md5.o(i.md5_transform) for md5_transform
    net_md5.o(i.net_md5_final) refers to rt_memclr_w.o(.text) for __aeabi_memclr4
    net_md5.o(i.net_md5_final) refers to rt_memcpy_v6.o(.text) for __aeabi_memcpy
    net_md5.o(i.net_md5_update) refers to rt_memcpy_v6.o(.text) for __aeabi_memcpy
    net_md5.o(i.net_md5_update) refers to net_md5.o(i.md5_transform) for md5_transform
    net_base64.o(i.net_base64_decode) refers to net_base64.o(.constdata) for .constdata
    net_base64.o(i.net_base64_encode) refers to net_base64.o(.constdata) for .constdata
    sprintf.o(.text) refers (Special) to _printf_a.o(.ARM.Collect$$_printf_percent$$00000006) for _printf_a
    sprintf.o(.text) refers (Special) to _printf_c.o(.ARM.Collect$$_printf_percent$$00000013) for _printf_c
    sprintf.o(.text) refers (Special) to _printf_charcount.o(.text) for _printf_charcount
    sprintf.o(.text) refers (Special) to _printf_d.o(.ARM.Collect$$_printf_percent$$00000009) for _printf_d
    sprintf.o(.text) refers (Special) to _printf_e.o(.ARM.Collect$$_printf_percent$$00000004) for _printf_e
    sprintf.o(.text) refers (Special) to _printf_f.o(.ARM.Collect$$_printf_percent$$00000003) for _printf_f
    sprintf.o(.text) refers (Special) to printf1.o(x$fpl$printf1) for _printf_fp_dec
    sprintf.o(.text) refers (Special) to printf2.o(x$fpl$printf2) for _printf_fp_hex
    sprintf.o(.text) refers (Special) to _printf_g.o(.ARM.Collect$$_printf_percent$$00000005) for _printf_g
    sprintf.o(.text) refers (Special) to _printf_i.o(.ARM.Collect$$_printf_percent$$00000008) for _printf_i
    sprintf.o(.text) refers (Special) to _printf_dec.o(.text) for _printf_int_dec
    sprintf.o(.text) refers (Special) to _printf_l.o(.ARM.Collect$$_printf_percent$$00000012) for _printf_l
    sprintf.o(.text) refers (Special) to _printf_lc.o(.ARM.Collect$$_printf_percent$$00000015) for _printf_lc
    sprintf.o(.text) refers (Special) to _printf_ll.o(.ARM.Collect$$_printf_percent$$00000007) for _printf_ll
    sprintf.o(.text) refers (Special) to _printf_lld.o(.ARM.Collect$$_printf_percent$$0000000E) for _printf_lld
    sprintf.o(.text) refers (Special) to _printf_lli.o(.ARM.Collect$$_printf_percent$$0000000D) for _printf_lli
    sprintf.o(.text) refers (Special) to _printf_llo.o(.ARM.Collect$$_printf_percent$$00000010) for _printf_llo
    sprintf.o(.text) refers (Special) to _printf_llu.o(.ARM.Collect$$_printf_percent$$0000000F) for _printf_llu
    sprintf.o(.text) refers (Special) to _printf_llx.o(.ARM.Collect$$_printf_percent$$00000011) for _printf_llx
    sprintf.o(.text) refers (Special) to _printf_longlong_dec.o(.text) for _printf_longlong_dec
    sprintf.o(.text) refers (Special) to _printf_hex_int_ll_ptr.o(.text) for _printf_longlong_hex
    sprintf.o(.text) refers (Special) to _printf_oct_int_ll.o(.text) for _printf_longlong_oct
    sprintf.o(.text) refers (Special) to _printf_ls.o(.ARM.Collect$$_printf_percent$$00000016) for _printf_ls
    sprintf.o(.text) refers (Special) to _printf_n.o(.ARM.Collect$$_printf_percent$$00000001) for _printf_n
    sprintf.o(.text) refers (Special) to _printf_o.o(.ARM.Collect$$_printf_percent$$0000000B) for _printf_o
    sprintf.o(.text) refers (Special) to _printf_p.o(.ARM.Collect$$_printf_percent$$00000002) for _printf_p
    sprintf.o(.text) refers (Special) to _printf_percent.o(.ARM.Collect$$_printf_percent$$00000000) for _printf_percent
    sprintf.o(.text) refers (Special) to _printf_pad.o(.text) for _printf_post_padding
    sprintf.o(.text) refers (Special) to _printf_s.o(.ARM.Collect$$_printf_percent$$00000014) for _printf_s
    sprintf.o(.text) refers (Special) to _printf_str.o(.text) for _printf_str
    sprintf.o(.text) refers (Special) to _printf_truncate.o(.text) for _printf_truncate_signed
    sprintf.o(.text) refers (Special) to _printf_u.o(.ARM.Collect$$_printf_percent$$0000000A) for _printf_u
    sprintf.o(.text) refers (Special) to _printf_wctomb.o(.text) for _printf_wctomb
    sprintf.o(.text) refers (Special) to _printf_x.o(.ARM.Collect$$_printf_percent$$0000000C) for _printf_x
    sprintf.o(.text) refers to _printf_char_common.o(.text) for _printf_char_common
    sprintf.o(.text) refers to _sputc.o(.text) for _sputc
    __2sprintf.o(.text) refers to _printf_char_common.o(.text) for _printf_char_common
    __2sprintf.o(.text) refers to _sputc.o(.text) for _sputc
    noretval__2sprintf.o(.text) refers to _printf_char_common.o(.text) for _printf_char_common
    noretval__2sprintf.o(.text) refers to _sputc.o(.text) for _sputc
    __printf.o(.text) refers to _printf_percent.o(.ARM.Collect$$_printf_percent$$00000000) for _printf_percent
    _printf_str.o(.text) refers (Special) to _printf_char.o(.text) for _printf_cs_common
    _printf_str.o(.text) refers (Weak) to _printf_pad.o(.text) for _printf_pre_padding
    _printf_str.o(.text) refers (Weak) to _printf_pad.o(.text) for _printf_post_padding
    _printf_dec.o(.text) refers (Weak) to _printf_truncate.o(.text) for _printf_truncate_signed
    _printf_dec.o(.text) refers (Weak) to _printf_truncate.o(.text) for _printf_truncate_unsigned
    _printf_dec.o(.text) refers to _printf_intcommon.o(.text) for _printf_int_common
    _printf_wctomb.o(.text) refers (Special) to _printf_wchar.o(.text) for _printf_lcs_common
    _printf_wctomb.o(.text) refers to _wcrtomb.o(.text) for _wcrtomb
    _printf_wctomb.o(.text) refers (Weak) to _printf_pad.o(.text) for _printf_pre_padding
    _printf_wctomb.o(.text) refers (Weak) to _printf_pad.o(.text) for _printf_post_padding
    _printf_wctomb.o(.text) refers to _printf_wctomb.o(.constdata) for .constdata
    _printf_wctomb.o(.constdata) refers (Special) to _printf_wchar.o(.text) for _printf_lcs_common
    _printf_oct_ll.o(.text) refers to _printf_intcommon.o(.text) for _printf_int_common
    _printf_oct_int.o(.text) refers (Weak) to _printf_truncate.o(.text) for _printf_truncate_unsigned
    _printf_oct_int.o(.text) refers to _printf_intcommon.o(.text) for _printf_int_common
    _printf_oct_int_ll.o(.text) refers to _printf_intcommon.o(.text) for _printf_int_common
    _printf_oct_int_ll.o(.text) refers (Weak) to _printf_truncate.o(.text) for _printf_truncate_unsigned
    _printf_hex_ll.o(.text) refers to _printf_intcommon.o(.text) for _printf_int_common
    _printf_hex_ll.o(.text) refers to _printf_hex_ll.o(.constdata) for .constdata
    _printf_hex_int.o(.text) refers (Weak) to _printf_truncate.o(.text) for _printf_truncate_unsigned
    _printf_hex_int.o(.text) refers to _printf_intcommon.o(.text) for _printf_int_common
    _printf_hex_int.o(.text) refers to _printf_hex_int.o(.constdata) for .constdata
    _printf_hex_int_ll.o(.text) refers to _printf_intcommon.o(.text) for _printf_int_common
    _printf_hex_int_ll.o(.text) refers (Weak) to _printf_truncate.o(.text) for _printf_truncate_unsigned
    _printf_hex_int_ll.o(.text) refers to _printf_hex_int_ll.o(.constdata) for .constdata
    _printf_hex_ptr.o(.text) refers to _printf_intcommon.o(.text) for _printf_int_common
    _printf_hex_ptr.o(.text) refers to _printf_hex_ptr.o(.constdata) for .constdata
    _printf_hex_int_ptr.o(.text) refers to _printf_intcommon.o(.text) for _printf_int_common
    _printf_hex_int_ptr.o(.text) refers (Weak) to _printf_truncate.o(.text) for _printf_truncate_unsigned
    _printf_hex_int_ptr.o(.text) refers to _printf_hex_int_ptr.o(.constdata) for .constdata
    _printf_hex_ll_ptr.o(.text) refers to _printf_intcommon.o(.text) for _printf_int_common
    _printf_hex_ll_ptr.o(.text) refers to _printf_hex_ll_ptr.o(.constdata) for .constdata
    _printf_hex_int_ll_ptr.o(.text) refers to _printf_intcommon.o(.text) for _printf_int_common
    _printf_hex_int_ll_ptr.o(.text) refers (Weak) to _printf_truncate.o(.text) for _printf_truncate_unsigned
    _printf_hex_int_ll_ptr.o(.text) refers to _printf_hex_int_ll_ptr.o(.constdata) for .constdata
    __printf_flags.o(.text) refers to _printf_percent.o(.ARM.Collect$$_printf_percent$$00000000) for _printf_percent
    __printf_flags.o(.text) refers to __printf_flags.o(.constdata) for .constdata
    __printf_ss.o(.text) refers to _printf_percent.o(.ARM.Collect$$_printf_percent$$00000000) for _printf_percent
    __printf_flags_ss.o(.text) refers to _printf_percent.o(.ARM.Collect$$_printf_percent$$00000000) for _printf_percent
    __printf_flags_ss.o(.text) refers to __printf_flags_ss.o(.constdata) for .constdata
    __printf_wp.o(.text) refers to __printf_wp.o(i._is_digit) for _is_digit
    __printf_wp.o(.text) refers to _printf_percent.o(.ARM.Collect$$_printf_percent$$00000000) for _printf_percent
    __printf_flags_wp.o(.text) refers to __printf_wp.o(i._is_digit) for _is_digit
    __printf_flags_wp.o(.text) refers to _printf_percent.o(.ARM.Collect$$_printf_percent$$00000000) for _printf_percent
    __printf_flags_wp.o(.text) refers to __printf_flags_wp.o(.constdata) for .constdata
    __printf_ss_wp.o(.text) refers to __printf_wp.o(i._is_digit) for _is_digit
    __printf_ss_wp.o(.text) refers to _printf_percent.o(.ARM.Collect$$_printf_percent$$00000000) for _printf_percent
    __printf_flags_ss_wp.o(.text) refers to __printf_wp.o(i._is_digit) for _is_digit
    __printf_flags_ss_wp.o(.text) refers to _printf_percent.o(.ARM.Collect$$_printf_percent$$00000000) for _printf_percent
    __printf_flags_ss_wp.o(.text) refers to __printf_flags_ss_wp.o(.constdata) for .constdata
    _printf_c.o(.ARM.Collect$$_printf_percent$$00000013) refers (Weak) to _printf_char.o(.text) for _printf_char
    _printf_s.o(.ARM.Collect$$_printf_percent$$00000014) refers (Weak) to _printf_char.o(.text) for _printf_string
    _printf_n.o(.ARM.Collect$$_printf_percent$$00000001) refers (Weak) to _printf_charcount.o(.text) for _printf_charcount
    _printf_x.o(.ARM.Collect$$_printf_percent$$0000000C) refers (Weak) to _printf_hex_int_ll_ptr.o(.text) for _printf_int_hex
    _printf_p.o(.ARM.Collect$$_printf_percent$$00000002) refers (Weak) to _printf_hex_int_ll_ptr.o(.text) for _printf_hex_ptr
    _printf_o.o(.ARM.Collect$$_printf_percent$$0000000B) refers (Weak) to _printf_oct_int_ll.o(.text) for _printf_int_oct
    _printf_i.o(.ARM.Collect$$_printf_percent$$00000008) refers (Weak) to _printf_dec.o(.text) for _printf_int_dec
    _printf_d.o(.ARM.Collect$$_printf_percent$$00000009) refers (Weak) to _printf_dec.o(.text) for _printf_int_dec
    _printf_u.o(.ARM.Collect$$_printf_percent$$0000000A) refers (Weak) to _printf_dec.o(.text) for _printf_int_dec
    _printf_f.o(.ARM.Collect$$_printf_percent$$00000003) refers (Weak) to printf1.o(x$fpl$printf1) for _printf_fp_dec
    _printf_e.o(.ARM.Collect$$_printf_percent$$00000004) refers (Weak) to printf1.o(x$fpl$printf1) for _printf_fp_dec
    _printf_g.o(.ARM.Collect$$_printf_percent$$00000005) refers (Weak) to printf1.o(x$fpl$printf1) for _printf_fp_dec
    _printf_a.o(.ARM.Collect$$_printf_percent$$00000006) refers (Weak) to printf2.o(x$fpl$printf2) for _printf_fp_hex
    _printf_percent.o(.ARM.Collect$$_printf_percent$$00000000) refers (Special) to _printf_percent_end.o(.ARM.Collect$$_printf_percent$$00000017) for _printf_percent_end
    _printf_lc.o(.ARM.Collect$$_printf_percent$$00000015) refers (Special) to _printf_l.o(.ARM.Collect$$_printf_percent$$00000012) for _printf_l
    _printf_lc.o(.ARM.Collect$$_printf_percent$$00000015) refers (Weak) to _printf_wchar.o(.text) for _printf_wchar
    rt_memcpy_v6.o(.text) refers to rt_memcpy_w.o(.text) for __aeabi_memcpy4
    rt_memclr.o(.text) refers to rt_memclr_w.o(.text) for _memset_w
    __main.o(!!!main) refers to __rtentry.o(.ARM.Collect$$rtentry$$00000000) for __rt_entry
    daddsub_clz.o(x$fpl$dadd) refers (Special) to usenofp.o(x$fpl$usenofp) for __I$use$fp
    daddsub_clz.o(x$fpl$dadd) refers to daddsub_clz.o(x$fpl$dsub) for _dsub1
    daddsub_clz.o(x$fpl$dadd) refers to dretinf.o(x$fpl$dretinf) for __fpl_dretinf
    daddsub_clz.o(x$fpl$dadd) refers to dnaninf.o(x$fpl$dnaninf) for __fpl_dnaninf
    daddsub_clz.o(x$fpl$drsb) refers (Special) to usenofp.o(x$fpl$usenofp) for __I$use$fp
    daddsub_clz.o(x$fpl$drsb) refers to daddsub_clz.o(x$fpl$dadd) for _dadd1
    daddsub_clz.o(x$fpl$drsb) refers to daddsub_clz.o(x$fpl$dsub) for _dsub1
    daddsub_clz.o(x$fpl$dsub) refers (Special) to usenofp.o(x$fpl$usenofp) for __I$use$fp
    daddsub_clz.o(x$fpl$dsub) refers to daddsub_clz.o(x$fpl$dadd) for _dadd1
    daddsub_clz.o(x$fpl$dsub) refers to dnaninf.o(x$fpl$dnaninf) for __fpl_dnaninf
    ddiv.o(x$fpl$drdiv) refers (Special) to usenofp.o(x$fpl$usenofp) for __I$use$fp
    ddiv.o(x$fpl$drdiv) refers to ddiv.o(x$fpl$ddiv) for ddiv_entry
    ddiv.o(x$fpl$ddiv) refers (Special) to usenofp.o(x$fpl$usenofp) for __I$use$fp
    ddiv.o(x$fpl$ddiv) refers to dretinf.o(x$fpl$dretinf) for __fpl_dretinf
    ddiv.o(x$fpl$ddiv) refers to dnaninf.o(x$fpl$dnaninf) for __fpl_dnaninf
    dfix.o(x$fpl$dfix) refers (Special) to usenofp.o(x$fpl$usenofp) for __I$use$fp
    dfix.o(x$fpl$dfix) refers to dnaninf.o(x$fpl$dnaninf) for __fpl_dnaninf
    dfix.o(x$fpl$dfixr) refers (Special) to usenofp.o(x$fpl$usenofp) for __I$use$fp
    dfix.o(x$fpl$dfixr) refers to dnaninf.o(x$fpl$dnaninf) for __fpl_dnaninf
    dflt_clz.o(x$fpl$dfltu) refers (Special) to usenofp.o(x$fpl$usenofp) for __I$use$fp
    dflt_clz.o(x$fpl$dflt) refers (Special) to usenofp.o(x$fpl$usenofp) for __I$use$fp
    dflt_clz.o(x$fpl$dfltn) refers (Special) to usenofp.o(x$fpl$usenofp) for __I$use$fp
    dmul.o(x$fpl$dmul) refers (Special) to usenofp.o(x$fpl$usenofp) for __I$use$fp
    dmul.o(x$fpl$dmul) refers to dretinf.o(x$fpl$dretinf) for __fpl_dretinf
    dmul.o(x$fpl$dmul) refers to dnaninf.o(x$fpl$dnaninf) for __fpl_dnaninf
    f2d.o(x$fpl$f2d) refers (Special) to usenofp.o(x$fpl$usenofp) for __I$use$fp
    f2d.o(x$fpl$f2d) refers to fnaninf.o(x$fpl$fnaninf) for __fpl_fnaninf
    f2d.o(x$fpl$f2d) refers to dretinf.o(x$fpl$dretinf) for __fpl_dretinf
    fflt_clz.o(x$fpl$ffltu) refers (Special) to usenofp.o(x$fpl$usenofp) for __I$use$fp
    fflt_clz.o(x$fpl$fflt) refers (Special) to usenofp.o(x$fpl$usenofp) for __I$use$fp
    fflt_clz.o(x$fpl$ffltn) refers (Special) to usenofp.o(x$fpl$usenofp) for __I$use$fp
    fmul.o(x$fpl$fmul) refers (Special) to usenofp.o(x$fpl$usenofp) for __I$use$fp
    fmul.o(x$fpl$fmul) refers to fretinf.o(x$fpl$fretinf) for __fpl_fretinf
    fmul.o(x$fpl$fmul) refers to fnaninf.o(x$fpl$fnaninf) for __fpl_fnaninf
    printf1.o(x$fpl$printf1) refers to _printf_fp_dec.o(.text) for _printf_fp_dec_real
    printf2.o(x$fpl$printf2) refers to _printf_fp_hex.o(.text) for _printf_fp_hex_real
    printf2b.o(x$fpl$printf2) refers to _printf_fp_hex.o(.text) for _printf_fp_hex_real
    round.o(i.round) refers (Special) to usenofp.o(x$fpl$usenofp) for __I$use$fp
    round.o(i.round) refers to drnd.o(x$fpl$drnd) for _drnd
    round.o(i.round) refers to daddsub_clz.o(x$fpl$drsb) for __aeabi_drsub
    round.o(i.round) refers to dleqf.o(x$fpl$dleqf) for __aeabi_cdcmple
    round.o(i.round) refers to drleqf.o(x$fpl$drleqf) for __aeabi_cdrcmple
    round.o(i.round) refers to daddsub_clz.o(x$fpl$dsub) for __aeabi_dsub
    round.o(i.round) refers to daddsub_clz.o(x$fpl$dadd) for __aeabi_dadd
    __rtentry.o(.ARM.Collect$$rtentry$$00000000) refers (Special) to __rtentry2.o(.ARM.Collect$$rtentry$$0000000A) for __rt_entry_li
    __rtentry.o(.ARM.Collect$$rtentry$$00000000) refers (Special) to __rtentry2.o(.ARM.Collect$$rtentry$$0000000D) for __rt_entry_main
    __rtentry.o(.ARM.Collect$$rtentry$$00000000) refers (Special) to __rtentry2.o(.ARM.Collect$$rtentry$$0000000C) for __rt_entry_postli_1
    __rtentry.o(.ARM.Collect$$rtentry$$00000000) refers (Special) to __rtentry2.o(.ARM.Collect$$rtentry$$00000008) for __rt_entry_postsh_1
    __rtentry.o(.ARM.Collect$$rtentry$$00000000) refers (Special) to __rtentry2.o(.ARM.Collect$$rtentry$$00000002) for __rt_entry_presh_1
    __rtentry.o(.ARM.Collect$$rtentry$$00000000) refers (Special) to __rtentry4.o(.ARM.Collect$$rtentry$$00000004) for __rt_entry_sh
    aeabi_ldiv0_sigfpe.o(.text) refers to rt_div0.o(.text) for __rt_div0
    _printf_intcommon.o(.text) refers (Weak) to _printf_pad.o(.text) for _printf_pre_padding
    _printf_intcommon.o(.text) refers (Weak) to _printf_pad.o(.text) for _printf_pre_padding
    _printf_intcommon.o(.text) refers (Weak) to _printf_pad.o(.text) for _printf_post_padding
    _printf_fp_dec.o(.text) refers (Special) to usenofp.o(x$fpl$usenofp) for __I$use$fp
    _printf_fp_dec.o(.text) refers (Special) to lc_numeric_c.o(locale$$code) for _get_lc_numeric
    _printf_fp_dec.o(.text) refers to bigflt0.o(.text) for _btod_etento
    _printf_fp_dec.o(.text) refers to btod.o(CL$$btod_d2e) for _btod_d2e
    _printf_fp_dec.o(.text) refers to btod.o(CL$$btod_ediv) for _btod_ediv
    _printf_fp_dec.o(.text) refers to btod.o(CL$$btod_emul) for _btod_emul
    _printf_fp_dec.o(.text) refers to lludiv10.o(.text) for _ll_udiv10
    _printf_fp_dec.o(.text) refers to fpclassify.o(i.__ARM_fpclassify) for __ARM_fpclassify
    _printf_fp_dec.o(.text) refers to _printf_fp_infnan.o(.text) for _printf_fp_infnan
    _printf_fp_dec.o(.text) refers (Weak) to _printf_pad.o(.text) for _printf_pre_padding
    _printf_fp_dec.o(.text) refers (Weak) to _printf_pad.o(.text) for _printf_pre_padding
    _printf_fp_dec.o(.text) refers to rt_locale_twolibspace.o(.text) for __rt_locale
    _printf_fp_dec.o(.text) refers (Weak) to _printf_pad.o(.text) for _printf_post_padding
    _printf_fp_hex.o(.text) refers (Special) to usenofp.o(x$fpl$usenofp) for __I$use$fp
    _printf_fp_hex.o(.text) refers to fpclassify.o(i.__ARM_fpclassify) for __ARM_fpclassify
    _printf_fp_hex.o(.text) refers to _printf_fp_infnan.o(.text) for _printf_fp_infnan
    _printf_fp_hex.o(.text) refers (Weak) to _printf_pad.o(.text) for _printf_pre_padding
    _printf_fp_hex.o(.text) refers (Weak) to _printf_pad.o(.text) for _printf_pre_padding
    _printf_fp_hex.o(.text) refers (Weak) to _printf_pad.o(.text) for _printf_post_padding
    _printf_fp_hex.o(.text) refers to _printf_fp_hex.o(.constdata) for .constdata
    _printf_fp_hex.o(.constdata) refers (Special) to usenofp.o(x$fpl$usenofp) for __I$use$fp
    _printf_char_common.o(.text) refers to __printf_flags_ss_wp.o(.text) for __printf
    _printf_char.o(.text) refers (Weak) to _printf_str.o(.text) for _printf_str
    _printf_wchar.o(.text) refers (Weak) to _printf_wctomb.o(.text) for _printf_wctomb
    _printf_longlong_dec.o(.text) refers to lludiv10.o(.text) for _ll_udiv10
    _printf_longlong_dec.o(.text) refers to _printf_intcommon.o(.text) for _printf_int_common
    _printf_lli.o(.ARM.Collect$$_printf_percent$$0000000D) refers (Special) to _printf_ll.o(.ARM.Collect$$_printf_percent$$00000007) for _printf_ll
    _printf_lli.o(.ARM.Collect$$_printf_percent$$0000000D) refers (Weak) to _printf_longlong_dec.o(.text) for _printf_longlong_dec
    _printf_lld.o(.ARM.Collect$$_printf_percent$$0000000E) refers (Special) to _printf_ll.o(.ARM.Collect$$_printf_percent$$00000007) for _printf_ll
    _printf_lld.o(.ARM.Collect$$_printf_percent$$0000000E) refers (Weak) to _printf_longlong_dec.o(.text) for _printf_longlong_dec
    _printf_llu.o(.ARM.Collect$$_printf_percent$$0000000F) refers (Special) to _printf_ll.o(.ARM.Collect$$_printf_percent$$00000007) for _printf_ll
    _printf_llu.o(.ARM.Collect$$_printf_percent$$0000000F) refers (Weak) to _printf_longlong_dec.o(.text) for _printf_longlong_dec
    _printf_ls.o(.ARM.Collect$$_printf_percent$$00000016) refers (Special) to _printf_l.o(.ARM.Collect$$_printf_percent$$00000012) for _printf_l
    _printf_ls.o(.ARM.Collect$$_printf_percent$$00000016) refers (Weak) to _printf_wchar.o(.text) for _printf_wstring
    _printf_llo.o(.ARM.Collect$$_printf_percent$$00000010) refers (Special) to _printf_ll.o(.ARM.Collect$$_printf_percent$$00000007) for _printf_ll
    _printf_llo.o(.ARM.Collect$$_printf_percent$$00000010) refers (Weak) to _printf_oct_int_ll.o(.text) for _printf_ll_oct
    _printf_llx.o(.ARM.Collect$$_printf_percent$$00000011) refers (Special) to _printf_ll.o(.ARM.Collect$$_printf_percent$$00000007) for _printf_ll
    _printf_llx.o(.ARM.Collect$$_printf_percent$$00000011) refers (Weak) to _printf_hex_int_ll_ptr.o(.text) for _printf_ll_hex
    _wcrtomb.o(.text) refers to rt_ctype_table.o(.text) for __rt_ctype_table
    dleqf.o(x$fpl$dleqf) refers (Special) to usenofp.o(x$fpl$usenofp) for __I$use$fp
    dleqf.o(x$fpl$dleqf) refers to dnaninf.o(x$fpl$dnaninf) for __fpl_dnaninf
    dleqf.o(x$fpl$dleqf) refers to dcmpi.o(x$fpl$dcmpinf) for __fpl_dcmp_Inf
    dnaninf.o(x$fpl$dnaninf) refers (Special) to usenofp.o(x$fpl$usenofp) for __I$use$fp
    dretinf.o(x$fpl$dretinf) refers (Special) to usenofp.o(x$fpl$usenofp) for __I$use$fp
    drleqf.o(x$fpl$drleqf) refers (Special) to usenofp.o(x$fpl$usenofp) for __I$use$fp
    drleqf.o(x$fpl$drleqf) refers to dleqf.o(x$fpl$dleqf) for __fpl_dcmple_InfNaN
    drnd.o(x$fpl$drnd) refers (Special) to usenofp.o(x$fpl$usenofp) for __I$use$fp
    drnd.o(x$fpl$drnd) refers to dnaninf.o(x$fpl$dnaninf) for __fpl_dnaninf
    fnaninf.o(x$fpl$fnaninf) refers (Special) to usenofp.o(x$fpl$usenofp) for __I$use$fp
    fretinf.o(x$fpl$fretinf) refers (Special) to usenofp.o(x$fpl$usenofp) for __I$use$fp
    __rtentry2.o(.ARM.Collect$$rtentry$$00000008) refers to rtx_lib.o(.text) for _platform_post_stackheap_init
    __rtentry2.o(.ARM.Collect$$rtentry$$0000000A) refers to libinit.o(.ARM.Collect$$libinit$$00000000) for __rt_lib_init
    __rtentry2.o(.ARM.Collect$$rtentry$$0000000B) refers to boardinit3.o(.text) for _platform_post_lib_init
    __rtentry2.o(.ARM.Collect$$rtentry$$0000000D) refers to main.o(.text) for main
    __rtentry2.o(.ARM.Collect$$rtentry$$0000000D) refers to exit.o(.text) for exit
    __rtentry2.o(.ARM.exidx) refers to __rtentry2.o(.ARM.Collect$$rtentry$$00000001) for .ARM.Collect$$rtentry$$00000001
    __rtentry2.o(.ARM.exidx) refers to __rtentry2.o(.ARM.Collect$$rtentry$$00000008) for .ARM.Collect$$rtentry$$00000008
    __rtentry2.o(.ARM.exidx) refers to __rtentry2.o(.ARM.Collect$$rtentry$$0000000A) for .ARM.Collect$$rtentry$$0000000A
    __rtentry2.o(.ARM.exidx) refers to __rtentry2.o(.ARM.Collect$$rtentry$$0000000B) for .ARM.Collect$$rtentry$$0000000B
    __rtentry2.o(.ARM.exidx) refers to __rtentry2.o(.ARM.Collect$$rtentry$$0000000D) for .ARM.Collect$$rtentry$$0000000D
    __rtentry4.o(.ARM.Collect$$rtentry$$00000004) refers to sys_stackheap_outer.o(.text) for __user_setup_stackheap
    __rtentry4.o(.ARM.exidx) refers to __rtentry4.o(.ARM.Collect$$rtentry$$00000004) for .ARM.Collect$$rtentry$$00000004
    rt_ctype_table.o(.text) refers to rt_locale_twolibspace.o(.text) for __rt_locale
    rt_ctype_table.o(.text) refers to lc_ctype_c.o(locale$$code) for _get_lc_ctype
    rt_div0.o(.text) refers to defsig_fpe_outer.o(.text) for __rt_SIGFPE
    rt_locale.o(.text) refers to rt_locale.o(.bss) for __rt_locale_data
    rt_locale_intlibspace.o(.text) refers to libspace.o(.bss) for __libspace_start
    rt_locale_twolibspace.o(.text) refers to libspace.o(.text) for __user_perproc_libspace
    _printf_fp_infnan.o(.text) refers (Weak) to _printf_pad.o(.text) for _printf_pre_padding
    _printf_fp_infnan.o(.text) refers (Weak) to _printf_pad.o(.text) for _printf_post_padding
    bigflt0.o(.text) refers (Special) to usenofp.o(x$fpl$usenofp) for __I$use$fp
    bigflt0.o(.text) refers to btod.o(CL$$btod_emul) for _btod_emul
    bigflt0.o(.text) refers to btod.o(CL$$btod_ediv) for _btod_ediv
    bigflt0.o(.text) refers to bigflt0.o(.constdata) for .constdata
    bigflt0.o(.constdata) refers (Special) to usenofp.o(x$fpl$usenofp) for __I$use$fp
    btod.o(CL$$btod_d2e) refers (Special) to usenofp.o(x$fpl$usenofp) for __I$use$fp
    btod.o(CL$$btod_d2e) refers to btod.o(CL$$btod_d2e_norm_op1) for _d2e_norm_op1
    btod.o(CL$$btod_d2e_norm_op1) refers (Special) to usenofp.o(x$fpl$usenofp) for __I$use$fp
    btod.o(CL$$btod_d2e_norm_op1) refers to btod.o(CL$$btod_d2e_denorm_low) for _d2e_denorm_low
    btod.o(CL$$btod_d2e_denorm_low) refers (Special) to usenofp.o(x$fpl$usenofp) for __I$use$fp
    btod.o(CL$$btod_emul) refers (Special) to usenofp.o(x$fpl$usenofp) for __I$use$fp
    btod.o(CL$$btod_emul) refers to btod.o(CL$$btod_mult_common) for __btod_mult_common
    btod.o(CL$$btod_emul) refers to btod.o(CL$$btod_e2e) for _e2e
    btod.o(CL$$btod_ediv) refers (Special) to usenofp.o(x$fpl$usenofp) for __I$use$fp
    btod.o(CL$$btod_ediv) refers to btod.o(CL$$btod_div_common) for __btod_div_common
    btod.o(CL$$btod_ediv) refers to btod.o(CL$$btod_e2e) for _e2e
    btod.o(CL$$btod_emuld) refers (Special) to usenofp.o(x$fpl$usenofp) for __I$use$fp
    btod.o(CL$$btod_emuld) refers to btod.o(CL$$btod_mult_common) for __btod_mult_common
    btod.o(CL$$btod_emuld) refers to btod.o(CL$$btod_e2d) for _e2d
    btod.o(CL$$btod_edivd) refers (Special) to usenofp.o(x$fpl$usenofp) for __I$use$fp
    btod.o(CL$$btod_edivd) refers to btod.o(CL$$btod_div_common) for __btod_div_common
    btod.o(CL$$btod_edivd) refers to btod.o(CL$$btod_e2d) for _e2d
    btod.o(CL$$btod_e2e) refers (Special) to usenofp.o(x$fpl$usenofp) for __I$use$fp
    btod.o(CL$$btod_e2d) refers (Special) to usenofp.o(x$fpl$usenofp) for __I$use$fp
    btod.o(CL$$btod_e2d) refers to btod.o(CL$$btod_e2e) for _e2e
    btod.o(CL$$btod_mult_common) refers (Special) to usenofp.o(x$fpl$usenofp) for __I$use$fp
    btod.o(CL$$btod_div_common) refers (Special) to usenofp.o(x$fpl$usenofp) for __I$use$fp
    lc_numeric_c.o(locale$$data) refers (Special) to libinit2.o(.ARM.Collect$$libinit$$00000016) for __rt_lib_init_lc_numeric_2
    lc_numeric_c.o(locale$$code) refers (Special) to libinit2.o(.ARM.Collect$$libinit$$00000016) for __rt_lib_init_lc_numeric_2
    lc_numeric_c.o(locale$$code) refers to strcmpv7m.o(.text) for strcmp
    lc_numeric_c.o(locale$$code) refers to lc_numeric_c.o(locale$$data) for __lcnum_c_name
    dcmpi.o(x$fpl$dcmpinf) refers (Special) to usenofp.o(x$fpl$usenofp) for __I$use$fp
    istatus.o(x$fpl$ieeestatus) refers (Special) to usenofp.o(x$fpl$usenofp) for __I$use$fp
    fpclassify.o(i.__ARM_fpclassify) refers (Special) to usenofp.o(x$fpl$usenofp) for __I$use$fp
    libspace.o(.text) refers to libspace.o(.bss) for __libspace_start
    sys_stackheap_outer.o(.text) refers to libspace.o(.text) for __user_perproc_libspace
    sys_stackheap_outer.o(.text) refers to startup_stm32f429xx.o(.text) for __user_initial_stackheap
    lc_ctype_c.o(locale$$data) refers (Special) to libinit2.o(.ARM.Collect$$libinit$$00000012) for __rt_lib_init_lc_ctype_2
    lc_ctype_c.o(locale$$code) refers (Special) to libinit2.o(.ARM.Collect$$libinit$$00000012) for __rt_lib_init_lc_ctype_2
    lc_ctype_c.o(locale$$code) refers to strcmpv7m.o(.text) for strcmp
    lc_ctype_c.o(locale$$code) refers to lc_ctype_c.o(locale$$data) for __lcctype_c_name
    exit.o(.text) refers to rtexit.o(.ARM.Collect$$rtexit$$00000000) for __rt_exit
    defsig_fpe_outer.o(.text) refers to defsig_fpe_inner.o(.text) for __rt_SIGFPE_inner
    defsig_fpe_outer.o(.text) refers to defsig_exit.o(.text) for __sig_exit
    defsig_fpe_formal.o(.text) refers to rt_raise.o(.text) for __rt_raise
    libinit.o(.ARM.Collect$$libinit$$00000000) refers (Special) to libinit2.o(.ARM.Collect$$libinit$$0000002E) for __rt_lib_init_alloca_1
    libinit.o(.ARM.Collect$$libinit$$00000000) refers (Special) to libinit2.o(.ARM.Collect$$libinit$$0000002C) for __rt_lib_init_argv_1
    libinit.o(.ARM.Collect$$libinit$$00000000) refers (Special) to libinit2.o(.ARM.Collect$$libinit$$0000001B) for __rt_lib_init_atexit_1
    libinit.o(.ARM.Collect$$libinit$$00000000) refers (Special) to libinit2.o(.ARM.Collect$$libinit$$00000021) for __rt_lib_init_clock_1
    libinit.o(.ARM.Collect$$libinit$$00000000) refers (Special) to libinit2.o(.ARM.Collect$$libinit$$00000032) for __rt_lib_init_cpp_1
    libinit.o(.ARM.Collect$$libinit$$00000000) refers (Special) to libinit2.o(.ARM.Collect$$libinit$$00000030) for __rt_lib_init_exceptions_1
    libinit.o(.ARM.Collect$$libinit$$00000000) refers (Special) to libinit2.o(.ARM.Collect$$libinit$$00000002) for __rt_lib_init_fp_1
    libinit.o(.ARM.Collect$$libinit$$00000000) refers (Special) to libinit2.o(.ARM.Collect$$libinit$$0000001F) for __rt_lib_init_fp_trap_1
    libinit.o(.ARM.Collect$$libinit$$00000000) refers (Special) to libinit2.o(.ARM.Collect$$libinit$$00000023) for __rt_lib_init_getenv_1
    libinit.o(.ARM.Collect$$libinit$$00000000) refers (Special) to libinit2.o(.ARM.Collect$$libinit$$0000000A) for __rt_lib_init_heap_1
    libinit.o(.ARM.Collect$$libinit$$00000000) refers (Special) to libinit2.o(.ARM.Collect$$libinit$$00000011) for __rt_lib_init_lc_collate_1
    libinit.o(.ARM.Collect$$libinit$$00000000) refers (Special) to libinit2.o(.ARM.Collect$$libinit$$00000013) for __rt_lib_init_lc_ctype_1
    libinit.o(.ARM.Collect$$libinit$$00000000) refers (Special) to libinit2.o(.ARM.Collect$$libinit$$00000015) for __rt_lib_init_lc_monetary_1
    libinit.o(.ARM.Collect$$libinit$$00000000) refers (Special) to libinit2.o(.ARM.Collect$$libinit$$00000017) for __rt_lib_init_lc_numeric_1
    libinit.o(.ARM.Collect$$libinit$$00000000) refers (Special) to libinit2.o(.ARM.Collect$$libinit$$00000019) for __rt_lib_init_lc_time_1
    libinit.o(.ARM.Collect$$libinit$$00000000) refers (Special) to libinit2.o(.ARM.Collect$$libinit$$00000004) for __rt_lib_init_preinit_1
    libinit.o(.ARM.Collect$$libinit$$00000000) refers (Special) to libinit2.o(.ARM.Collect$$libinit$$0000000E) for __rt_lib_init_rand_1
    libinit.o(.ARM.Collect$$libinit$$00000000) refers (Special) to libinit2.o(.ARM.Collect$$libinit$$00000033) for __rt_lib_init_return
    libinit.o(.ARM.Collect$$libinit$$00000000) refers (Special) to libinit2.o(.ARM.Collect$$libinit$$0000001D) for __rt_lib_init_signal_1
    libinit.o(.ARM.Collect$$libinit$$00000000) refers (Special) to libinit2.o(.ARM.Collect$$libinit$$00000025) for __rt_lib_init_stdio_1
    libinit.o(.ARM.Collect$$libinit$$00000000) refers (Special) to libinit2.o(.ARM.Collect$$libinit$$0000000C) for __rt_lib_init_user_alloc_1
    libinit2.o(.ARM.Collect$$libinit$$0000000F) refers (Weak) to rt_locale_twolibspace.o(.text) for __rt_locale
    libinit2.o(.ARM.Collect$$libinit$$00000010) refers to libinit2.o(.ARM.Collect$$libinit$$0000000F) for .ARM.Collect$$libinit$$0000000F
    libinit2.o(.ARM.Collect$$libinit$$00000012) refers to libinit2.o(.ARM.Collect$$libinit$$0000000F) for .ARM.Collect$$libinit$$0000000F
    libinit2.o(.ARM.Collect$$libinit$$00000012) refers (Weak) to lc_ctype_c.o(locale$$code) for _get_lc_ctype
    libinit2.o(.ARM.Collect$$libinit$$00000014) refers to libinit2.o(.ARM.Collect$$libinit$$0000000F) for .ARM.Collect$$libinit$$0000000F
    libinit2.o(.ARM.Collect$$libinit$$00000016) refers to libinit2.o(.ARM.Collect$$libinit$$0000000F) for .ARM.Collect$$libinit$$0000000F
    libinit2.o(.ARM.Collect$$libinit$$00000016) refers (Weak) to lc_numeric_c.o(locale$$code) for _get_lc_numeric
    libinit2.o(.ARM.Collect$$libinit$$00000018) refers to libinit2.o(.ARM.Collect$$libinit$$0000000F) for .ARM.Collect$$libinit$$0000000F
    libinit2.o(.ARM.Collect$$libinit$$00000026) refers to argv_veneer.o(.emb_text) for __ARM_argv_veneer
    libinit2.o(.ARM.Collect$$libinit$$00000027) refers to argv_veneer.o(.emb_text) for __ARM_argv_veneer
    rtexit.o(.ARM.Collect$$rtexit$$00000000) refers (Special) to rtexit2.o(.ARM.Collect$$rtexit$$00000004) for __rt_exit_exit
    rtexit.o(.ARM.Collect$$rtexit$$00000000) refers (Special) to rtexit2.o(.ARM.Collect$$rtexit$$00000003) for __rt_exit_ls
    rtexit.o(.ARM.Collect$$rtexit$$00000000) refers (Special) to rtexit2.o(.ARM.Collect$$rtexit$$00000002) for __rt_exit_prels_1
    rtexit.o(.ARM.exidx) refers (Special) to rtexit2.o(.ARM.Collect$$rtexit$$00000004) for __rt_exit_exit
    rtexit.o(.ARM.exidx) refers (Special) to rtexit2.o(.ARM.Collect$$rtexit$$00000003) for __rt_exit_ls
    rtexit.o(.ARM.exidx) refers (Special) to rtexit2.o(.ARM.Collect$$rtexit$$00000002) for __rt_exit_prels_1
    rtexit.o(.ARM.exidx) refers to rtexit.o(.ARM.Collect$$rtexit$$00000000) for .ARM.Collect$$rtexit$$00000000
    rt_raise.o(.text) refers to __raise.o(.text) for __raise
    rt_raise.o(.text) refers to sys_exit.o(.text) for _sys_exit
    defsig_exit.o(.text) refers to sys_exit.o(.text) for _sys_exit
    defsig_fpe_inner.o(.text) refers to defsig_general.o(.text) for __default_signal_display
    argv_veneer.o(.emb_text) refers to no_argv.o(.text) for __ARM_get_argv
    sys_exit.o(.text) refers (Special) to use_no_semi.o(.text) for __I$use$semihosting
    sys_exit.o(.text) refers (Special) to indicate_semi.o(.text) for __semihosting_library_function
    rtexit2.o(.ARM.Collect$$rtexit$$00000003) refers to libshutdown.o(.ARM.Collect$$libshutdown$$00000000) for __rt_lib_shutdown
    rtexit2.o(.ARM.Collect$$rtexit$$00000004) refers to sys_exit.o(.text) for _sys_exit
    rtexit2.o(.ARM.exidx) refers to rtexit2.o(.ARM.Collect$$rtexit$$00000001) for .ARM.Collect$$rtexit$$00000001
    rtexit2.o(.ARM.exidx) refers to rtexit2.o(.ARM.Collect$$rtexit$$00000003) for .ARM.Collect$$rtexit$$00000003
    rtexit2.o(.ARM.exidx) refers to rtexit2.o(.ARM.Collect$$rtexit$$00000004) for .ARM.Collect$$rtexit$$00000004
    __raise.o(.text) refers to defsig.o(CL$$defsig) for __default_signal_handler
    defsig_general.o(.text) refers to sys_wrch.o(.text) for _ttywrch
    _get_argv_nomalloc.o(.text) refers (Special) to hrguard.o(.text) for __heap_region$guard
    _get_argv_nomalloc.o(.text) refers to defsig_rtmem_outer.o(.text) for __rt_SIGRTMEM
    _get_argv_nomalloc.o(.text) refers to sys_command.o(.text) for _sys_command_string
    sys_wrch.o(.text) refers (Special) to use_no_semi.o(.text) for __I$use$semihosting
    sys_wrch.o(.text) refers (Special) to indicate_semi.o(.text) for __semihosting_library_function
    sys_command.o(.text) refers (Special) to use_no_semi.o(.text) for __I$use$semihosting
    sys_command.o(.text) refers (Special) to indicate_semi.o(.text) for __semihosting_library_function
    defsig_rtmem_outer.o(.text) refers to defsig_rtmem_inner.o(.text) for __rt_SIGRTMEM_inner
    defsig_rtmem_outer.o(.text) refers to defsig_exit.o(.text) for __sig_exit
    defsig_rtmem_formal.o(.text) refers to rt_raise.o(.text) for __rt_raise
    defsig.o(CL$$defsig) refers to defsig_fpe_inner.o(.text) for __rt_SIGFPE_inner
    defsig.o(CL$$defsig) refers to defsig_rtmem_inner.o(.text) for __rt_SIGRTMEM_inner
    libshutdown.o(.ARM.Collect$$libshutdown$$00000000) refers (Special) to libshutdown2.o(.ARM.Collect$$libshutdown$$00000004) for __rt_lib_shutdown_cpp_1
    libshutdown.o(.ARM.Collect$$libshutdown$$00000000) refers (Special) to libshutdown2.o(.ARM.Collect$$libshutdown$$00000002) for __rt_lib_shutdown_fini_1
    libshutdown.o(.ARM.Collect$$libshutdown$$00000000) refers (Special) to libshutdown2.o(.ARM.Collect$$libshutdown$$00000009) for __rt_lib_shutdown_fp_trap_1
    libshutdown.o(.ARM.Collect$$libshutdown$$00000000) refers (Special) to libshutdown2.o(.ARM.Collect$$libshutdown$$00000011) for __rt_lib_shutdown_heap_1
    libshutdown.o(.ARM.Collect$$libshutdown$$00000000) refers (Special) to libshutdown2.o(.ARM.Collect$$libshutdown$$00000012) for __rt_lib_shutdown_return
    libshutdown.o(.ARM.Collect$$libshutdown$$00000000) refers (Special) to libshutdown2.o(.ARM.Collect$$libshutdown$$0000000C) for __rt_lib_shutdown_signal_1
    libshutdown.o(.ARM.Collect$$libshutdown$$00000000) refers (Special) to libshutdown2.o(.ARM.Collect$$libshutdown$$00000006) for __rt_lib_shutdown_stdio_1
    libshutdown.o(.ARM.Collect$$libshutdown$$00000000) refers (Special) to libshutdown2.o(.ARM.Collect$$libshutdown$$0000000E) for __rt_lib_shutdown_user_alloc_1
    defsig_abrt_inner.o(.text) refers to defsig_general.o(.text) for __default_signal_display
    defsig_rtred_inner.o(.text) refers to defsig_general.o(.text) for __default_signal_display
    defsig_rtmem_inner.o(.text) refers to defsig_general.o(.text) for __default_signal_display
    defsig_stak_inner.o(.text) refers to defsig_general.o(.text) for __default_signal_display
    defsig_pvfn_inner.o(.text) refers to defsig_general.o(.text) for __default_signal_display
    defsig_cppl_inner.o(.text) refers to defsig_general.o(.text) for __default_signal_display
    defsig_segv_inner.o(.text) refers to defsig_general.o(.text) for __default_signal_display
    defsig_other.o(.text) refers to defsig_general.o(.text) for __default_signal_display
    net_version.o(.ARM.RL_ARM1) refers to net_version.o(.ARM.RL_ARM2) for .ARM.RL_ARM2
    net_version.o(.ARM.RL_ARM2) refers to net_version.o(.ARM.RL_ARM3) for .ARM.RL_ARM3
    net_version.o(.ARM.RL_ARM3) refers to net_version.o(.ARM.RL_ARM4) for .ARM.RL_ARM4
    net_version.o(.ARM.RL_ARM4) refers to net_version.o(.ARM.RL_ARM5) for .ARM.RL_ARM5
    net_version.o(.ARM.RL_ARM5) refers to net_version.o(.ARM.RL_ARM6) for .ARM.RL_ARM6
    net_version.o(.ARM.RL_ARM6) refers to net_version.o(.ARM.RL_ARM1) for .ARM.RL_ARM1


==============================================================================

Removing Unused input sections from the image.

    Removing main.o(.rev16_text), (4 bytes).
    Removing main.o(.revsh_text), (4 bytes).
    Removing main.o(.rrx_text), (6 bytes).
    Removing http_server.o(.rev16_text), (4 bytes).
    Removing http_server.o(.revsh_text), (4 bytes).
    Removing http_server.o(.rrx_text), (6 bytes).
    Removing http_server_cgi.o(.rev16_text), (4 bytes).
    Removing http_server_cgi.o(.revsh_text), (4 bytes).
    Removing http_server_cgi.o(.rrx_text), (6 bytes).
    Removing pot.o(.rev16_text), (4 bytes).
    Removing pot.o(.revsh_text), (4 bytes).
    Removing pot.o(.rrx_text), (6 bytes).
    Removing lcd.o(.rev16_text), (4 bytes).
    Removing lcd.o(.revsh_text), (4 bytes).
    Removing lcd.o(.rrx_text), (6 bytes).
    Removing rtc.o(.rev16_text), (4 bytes).
    Removing rtc.o(.revsh_text), (4 bytes).
    Removing rtc.o(.rrx_text), (6 bytes).
    Removing stm32f4xx_hal_msp.o(.rev16_text), (4 bytes).
    Removing stm32f4xx_hal_msp.o(.revsh_text), (4 bytes).
    Removing stm32f4xx_hal_msp.o(.rrx_text), (6 bytes).
    Removing buttons_nucleo_f429zi.o(.rev16_text), (4 bytes).
    Removing buttons_nucleo_f429zi.o(.revsh_text), (4 bytes).
    Removing buttons_nucleo_f429zi.o(.rrx_text), (6 bytes).
    Removing led_nucleo_f429zi.o(.rev16_text), (4 bytes).
    Removing led_nucleo_f429zi.o(.revsh_text), (4 bytes).
    Removing led_nucleo_f429zi.o(.rrx_text), (6 bytes).
    Removing rtx_delay.o(.rev16_text), (4 bytes).
    Removing rtx_delay.o(.revsh_text), (4 bytes).
    Removing rtx_delay.o(.rrx_text), (6 bytes).
    Removing rtx_delay.o(.emb_text), (328 bytes).
    Removing rtx_evflags.o(.rev16_text), (4 bytes).
    Removing rtx_evflags.o(.revsh_text), (4 bytes).
    Removing rtx_evflags.o(.rrx_text), (6 bytes).
    Removing rtx_evflags.o(.emb_text), (328 bytes).
    Removing rtx_evflags.o(.text), (1604 bytes).
    Removing rtx_evr.o(.rev16_text), (4 bytes).
    Removing rtx_evr.o(.revsh_text), (4 bytes).
    Removing rtx_evr.o(.rrx_text), (6 bytes).
    Removing rtx_kernel.o(.rev16_text), (4 bytes).
    Removing rtx_kernel.o(.revsh_text), (4 bytes).
    Removing rtx_kernel.o(.rrx_text), (6 bytes).
    Removing rtx_kernel.o(.emb_text), (328 bytes).
    Removing rtx_lib.o(.rev16_text), (4 bytes).
    Removing rtx_lib.o(.revsh_text), (4 bytes).
    Removing rtx_lib.o(.rrx_text), (6 bytes).
    Removing rtx_memory.o(.rev16_text), (4 bytes).
    Removing rtx_memory.o(.revsh_text), (4 bytes).
    Removing rtx_memory.o(.rrx_text), (6 bytes).
    Removing rtx_memory.o(.emb_text), (328 bytes).
    Removing rtx_mempool.o(.rev16_text), (4 bytes).
    Removing rtx_mempool.o(.revsh_text), (4 bytes).
    Removing rtx_mempool.o(.rrx_text), (6 bytes).
    Removing rtx_msgqueue.o(.rev16_text), (4 bytes).
    Removing rtx_msgqueue.o(.revsh_text), (4 bytes).
    Removing rtx_msgqueue.o(.rrx_text), (6 bytes).
    Removing rtx_mutex.o(.rev16_text), (4 bytes).
    Removing rtx_mutex.o(.revsh_text), (4 bytes).
    Removing rtx_mutex.o(.rrx_text), (6 bytes).
    Removing rtx_mutex.o(.emb_text), (328 bytes).
    Removing rtx_semaphore.o(.rev16_text), (4 bytes).
    Removing rtx_semaphore.o(.revsh_text), (4 bytes).
    Removing rtx_semaphore.o(.rrx_text), (6 bytes).
    Removing rtx_system.o(.rev16_text), (4 bytes).
    Removing rtx_system.o(.revsh_text), (4 bytes).
    Removing rtx_system.o(.rrx_text), (6 bytes).
    Removing rtx_thread.o(.rev16_text), (4 bytes).
    Removing rtx_thread.o(.revsh_text), (4 bytes).
    Removing rtx_thread.o(.rrx_text), (6 bytes).
    Removing rtx_timer.o(.rev16_text), (4 bytes).
    Removing rtx_timer.o(.revsh_text), (4 bytes).
    Removing rtx_timer.o(.rrx_text), (6 bytes).
    Removing rtx_timer.o(.emb_text), (328 bytes).
    Removing os_systick.o(.rev16_text), (4 bytes).
    Removing os_systick.o(.revsh_text), (4 bytes).
    Removing os_systick.o(.rrx_text), (6 bytes).
    Removing rtx_config.o(.rev16_text), (4 bytes).
    Removing rtx_config.o(.revsh_text), (4 bytes).
    Removing rtx_config.o(.rrx_text), (6 bytes).
    Removing emac_stm32f4xx.o(.rev16_text), (4 bytes).
    Removing emac_stm32f4xx.o(.revsh_text), (4 bytes).
    Removing emac_stm32f4xx.o(.rrx_text), (6 bytes).
    Removing spi_stm32f4xx.o(.rev16_text), (4 bytes).
    Removing spi_stm32f4xx.o(.revsh_text), (4 bytes).
    Removing spi_stm32f4xx.o(.rrx_text), (6 bytes).
    Removing eventrecorder.o(.rev16_text), (4 bytes).
    Removing eventrecorder.o(.revsh_text), (4 bytes).
    Removing eventrecorder.o(.rrx_text), (6 bytes).
    Removing stm32f4xx_hal.o(.rev16_text), (4 bytes).
    Removing stm32f4xx_hal.o(.revsh_text), (4 bytes).
    Removing stm32f4xx_hal.o(.rrx_text), (6 bytes).
    Removing stm32f4xx_hal_adc.o(.rev16_text), (4 bytes).
    Removing stm32f4xx_hal_adc.o(.revsh_text), (4 bytes).
    Removing stm32f4xx_hal_adc.o(.rrx_text), (6 bytes).
    Removing stm32f4xx_hal_adc_ex.o(.rev16_text), (4 bytes).
    Removing stm32f4xx_hal_adc_ex.o(.revsh_text), (4 bytes).
    Removing stm32f4xx_hal_adc_ex.o(.rrx_text), (6 bytes).
    Removing stm32f4xx_hal_cortex.o(.rev16_text), (4 bytes).
    Removing stm32f4xx_hal_cortex.o(.revsh_text), (4 bytes).
    Removing stm32f4xx_hal_cortex.o(.rrx_text), (6 bytes).
    Removing stm32f4xx_hal_dma.o(.rev16_text), (4 bytes).
    Removing stm32f4xx_hal_dma.o(.revsh_text), (4 bytes).
    Removing stm32f4xx_hal_dma.o(.rrx_text), (6 bytes).
    Removing stm32f4xx_hal_dma_ex.o(.rev16_text), (4 bytes).
    Removing stm32f4xx_hal_dma_ex.o(.revsh_text), (4 bytes).
    Removing stm32f4xx_hal_dma_ex.o(.rrx_text), (6 bytes).
    Removing stm32f4xx_hal_dma_ex.o(.text), (4232 bytes).
    Removing stm32f4xx_hal_gpio.o(.rev16_text), (4 bytes).
    Removing stm32f4xx_hal_gpio.o(.revsh_text), (4 bytes).
    Removing stm32f4xx_hal_gpio.o(.rrx_text), (6 bytes).
    Removing stm32f4xx_hal_pwr.o(.rev16_text), (4 bytes).
    Removing stm32f4xx_hal_pwr.o(.revsh_text), (4 bytes).
    Removing stm32f4xx_hal_pwr.o(.rrx_text), (6 bytes).
    Removing stm32f4xx_hal_pwr_ex.o(.rev16_text), (4 bytes).
    Removing stm32f4xx_hal_pwr_ex.o(.revsh_text), (4 bytes).
    Removing stm32f4xx_hal_pwr_ex.o(.rrx_text), (6 bytes).
    Removing stm32f4xx_hal_rcc.o(.rev16_text), (4 bytes).
    Removing stm32f4xx_hal_rcc.o(.revsh_text), (4 bytes).
    Removing stm32f4xx_hal_rcc.o(.rrx_text), (6 bytes).
    Removing stm32f4xx_hal_rcc_ex.o(.rev16_text), (4 bytes).
    Removing stm32f4xx_hal_rcc_ex.o(.revsh_text), (4 bytes).
    Removing stm32f4xx_hal_rcc_ex.o(.rrx_text), (6 bytes).
    Removing stm32f4xx_hal_rtc.o(.rev16_text), (4 bytes).
    Removing stm32f4xx_hal_rtc.o(.revsh_text), (4 bytes).
    Removing stm32f4xx_hal_rtc.o(.rrx_text), (6 bytes).
    Removing stm32f4xx_hal_rtc_ex.o(.rev16_text), (4 bytes).
    Removing stm32f4xx_hal_rtc_ex.o(.revsh_text), (4 bytes).
    Removing stm32f4xx_hal_rtc_ex.o(.rrx_text), (6 bytes).
    Removing stm32f4xx_hal_spi.o(.rev16_text), (4 bytes).
    Removing stm32f4xx_hal_spi.o(.revsh_text), (4 bytes).
    Removing stm32f4xx_hal_spi.o(.rrx_text), (6 bytes).
    Removing stm32f4xx_hal_spi.o(.text), (7552 bytes).
    Removing stm32f4xx_hal_sram.o(.rev16_text), (4 bytes).
    Removing stm32f4xx_hal_sram.o(.revsh_text), (4 bytes).
    Removing stm32f4xx_hal_sram.o(.rrx_text), (6 bytes).
    Removing stm32f4xx_hal_sram.o(.text), (896 bytes).
    Removing stm32f4xx_hal_tim.o(.rev16_text), (4 bytes).
    Removing stm32f4xx_hal_tim.o(.revsh_text), (4 bytes).
    Removing stm32f4xx_hal_tim.o(.rrx_text), (6 bytes).
    Removing stm32f4xx_hal_tim_ex.o(.rev16_text), (4 bytes).
    Removing stm32f4xx_hal_tim_ex.o(.revsh_text), (4 bytes).
    Removing stm32f4xx_hal_tim_ex.o(.rrx_text), (6 bytes).
    Removing stm32f4xx_ll_fmc.o(.rev16_text), (4 bytes).
    Removing stm32f4xx_ll_fmc.o(.revsh_text), (4 bytes).
    Removing stm32f4xx_ll_fmc.o(.rrx_text), (6 bytes).
    Removing stm32f4xx_ll_fmc.o(.text), (1432 bytes).
    Removing system_stm32f4xx_1.o(.rev16_text), (4 bytes).
    Removing system_stm32f4xx_1.o(.revsh_text), (4 bytes).
    Removing system_stm32f4xx_1.o(.rrx_text), (6 bytes).
    Removing net_eth.o(i.netETH_SendRaw), (176 bytes).
    Removing net_eth.o(i.net_eth_get_addr), (44 bytes).
    Removing net_eth.o(.bss), (160 bytes).
    Removing net_arp.o(i.arp_probe_start), (148 bytes).
    Removing net_arp.o(i.netARP_CacheIP), (144 bytes).
    Removing net_arp.o(i.netARP_CacheMAC), (348 bytes).
    Removing net_arp.o(i.netARP_ClearCache), (152 bytes).
    Removing net_arp.o(i.netARP_GetIP), (188 bytes).
    Removing net_arp.o(i.netARP_GetMAC), (144 bytes).
    Removing net_arp.o(i.netARP_Probe), (74 bytes).
    Removing net_arp.o(i.netARP_ProbeX), (132 bytes).
    Removing net_arp.o(i.net_arp_find_mac), (44 bytes).
    Removing net_arp.o(i.net_arp_probe), (18 bytes).
    Removing net_arp.o(.bss), (24 bytes).
    Removing net_arp.o(.bss), (24 bytes).
    Removing net_arp.o(.bss), (24 bytes).
    Removing net_icmp.o(i.netICMP_SetNoEcho), (28 bytes).
    Removing net_icmp.o(.data), (1 bytes).
    Removing net_icmp.o(.data), (1 bytes).
    Removing net_icmp.o(.data), (1 bytes).
    Removing net_icmp.o(.data), (1 bytes).
    Removing net_icmp.o(.data), (1 bytes).
    Removing net_udp.o(i.netUDP_Close), (24 bytes).
    Removing net_udp.o(i.netUDP_GetBuffer), (8 bytes).
    Removing net_udp.o(i.netUDP_GetLocalPort), (4 bytes).
    Removing net_udp.o(i.netUDP_GetSocket), (24 bytes).
    Removing net_udp.o(i.netUDP_Open), (28 bytes).
    Removing net_udp.o(i.netUDP_ReleaseSocket), (24 bytes).
    Removing net_udp.o(i.netUDP_Send), (38 bytes).
    Removing net_udp.o(i.netUDP_SetOption), (32 bytes).
    Removing net_udp.o(i.net_udp_enable_lla), (40 bytes).
    Removing net_udp.o(i.net_udp_free_buf), (6 bytes).
    Removing net_udp.o(i.net_udp_get_local_port), (44 bytes).
    Removing net_udp.o(i.net_udp_get_option), (80 bytes).
    Removing net_udp.o(i.net_udp_keep_buf), (56 bytes).
    Removing net_udp.o(i.net_udp_release_socket), (96 bytes).
    Removing net_udp.o(i.net_udp_set_option), (260 bytes).
    Removing net_tcp.o(i.netTCP_Abort), (24 bytes).
    Removing net_tcp.o(i.netTCP_Close), (24 bytes).
    Removing net_tcp.o(i.netTCP_Connect), (32 bytes).
    Removing net_tcp.o(i.netTCP_GetBuffer), (8 bytes).
    Removing net_tcp.o(i.netTCP_GetMaxSegmentSize), (4 bytes).
    Removing net_tcp.o(i.netTCP_GetSocket), (24 bytes).
    Removing net_tcp.o(i.netTCP_Listen), (28 bytes).
    Removing net_tcp.o(i.netTCP_ReleaseSocket), (24 bytes).
    Removing net_tcp.o(i.netTCP_ResetReceiveWindow), (24 bytes).
    Removing net_tcp.o(i.netTCP_Send), (38 bytes).
    Removing net_tcp.o(i.netTCP_SendReady), (4 bytes).
    Removing net_tcp.o(i.netTCP_SetOption), (32 bytes).
    Removing net_tcp.o(i.net_tcp_alloc_port), (76 bytes).
    Removing net_tcp.o(i.net_tcp_check_send), (92 bytes).
    Removing net_tcp.o(i.net_tcp_connect), (360 bytes).
    Removing net_tcp.o(i.net_tcp_ctrl_opt), (68 bytes).
    Removing net_tcp.o(i.net_tcp_get_local_addr), (52 bytes).
    Removing net_tcp.o(i.net_tcp_get_option), (96 bytes).
    Removing net_tcp.o(i.net_tcp_get_peer_ptr), (44 bytes).
    Removing net_tcp.o(i.net_tcp_ntoa), (12 bytes).
    Removing net_tcp.o(i.net_tcp_release_socket), (104 bytes).
    Removing net_tcp.o(i.net_tcp_reset_tout), (48 bytes).
    Removing net_tcp.o(i.net_tcp_reset_window), (144 bytes).
    Removing net_tcp.o(i.net_tcp_set_cb), (48 bytes).
    Removing net_tcp.o(.constdata), (44 bytes).
    Removing net_tcp.o(.conststring), (112 bytes).
    Removing net_http_server.o(i.http_server_stop), (84 bytes).
    Removing net_http_server.o(i.netCGI_ProcessData), (2 bytes).
    Removing net_http_server.o(i.netCGI_ProcessQuery), (2 bytes).
    Removing net_http_server.o(i.netCGI_Script), (4 bytes).
    Removing net_http_server.o(i.netHTTPs_CalcHashHA1), (76 bytes).
    Removing net_http_server.o(i.netHTTPs_GetClient), (44 bytes).
    Removing net_http_server.o(i.netHTTPs_GetContentType), (44 bytes).
    Removing net_http_server.o(i.netHTTPs_GetPort), (12 bytes).
    Removing net_http_server.o(i.netHTTPs_GetRootPath), (12 bytes).
    Removing net_http_server.o(i.netHTTPs_GetSession), (12 bytes).
    Removing net_http_server.o(i.netHTTPs_GetUserId), (32 bytes).
    Removing net_http_server.o(i.netHTTPs_GetUsername), (12 bytes).
    Removing net_http_server.o(i.netHTTPs_LoginOnOff), (28 bytes).
    Removing net_http_server.o(i.netHTTPs_Running), (12 bytes).
    Removing net_http_server.o(i.netHTTPs_SetPort), (20 bytes).
    Removing net_http_server.o(i.netHTTPs_SetRootPath), (96 bytes).
    Removing net_http_server.o(i.netHTTPs_SetUsername), (88 bytes).
    Removing net_http_server.o(i.netHTTPs_Start), (32 bytes).
    Removing net_http_server.o(i.netHTTPs_Stop), (32 bytes).
    Removing net_http_server.o(i.net_http_time), (116 bytes).
    Removing net_http_server_auth.o(i.get_nonce), (104 bytes).
    Removing net_http_server_auth.o(i.get_rnd), (32 bytes).
    Removing net_http_server_auth.o(i.http_auth_digest_add), (224 bytes).
    Removing net_http_server_auth.o(i.http_auth_digest_hash), (112 bytes).
    Removing net_http_server_auth.o(i.http_auth_digest_init), (32 bytes).
    Removing net_http_server_auth.o(i.http_auth_digest_parse), (1092 bytes).
    Removing net_http_server_auth.o(i.http_auth_digest_uninit), (20 bytes).
    Removing net_http_server_auth.o(i.netHTTPs_GetUserSecret), (2 bytes).
    Removing net_http_server_auth.o(i.verify_nonce), (100 bytes).
    Removing net_http_server_auth.o(.constdata), (24 bytes).
    Removing net_sntp_client_core.o(i.netSNTPc_SetMode), (24 bytes).
    Removing net_sntp_client_core.o(i.sntp_set_mode), (84 bytes).
    Removing net_ping_core.o(i.netPing_Echo), (28 bytes).
    Removing net_ping_core.o(i.net_ping_client_start), (232 bytes).
    Removing net_sys.o(i.netIF_SetDefault), (68 bytes).
    Removing net_sys.o(i.netSYS_GetHostName), (12 bytes).
    Removing net_sys.o(i.netSYS_SetHostName), (72 bytes).
    Removing net_sys.o(i.netUninitialize), (104 bytes).
    Removing net_sys.o(i.net_if_map_lan), (12 bytes).
    Removing net_sys.o(i.net_sys_suspend), (44 bytes).
    Removing net_sys.o(i.net_sys_wait), (26 bytes).
    Removing net_addr.o(i.mac_ntoa), (62 bytes).
    Removing net_addr.o(i.netMAC_ntoa), (16 bytes).
    Removing net_addr.o(i.net_addr4_ntoa), (12 bytes).
    Removing net_addr.o(i.net_addr6_ntoa), (12 bytes).
    Removing net_addr.o(i.net_addr_get_lhost), (36 bytes).
    Removing net_addr.o(i.net_addr_ntoa), (14 bytes).
    Removing net_addr.o(i.net_mac_ntoa), (12 bytes).
    Removing net_ndp.o(i.ndp_cache_run), (364 bytes).
    Removing net_ndp.o(i.ndp_probe_run), (156 bytes).
    Removing net_ndp.o(i.ndp_probe_start), (168 bytes).
    Removing net_ndp.o(i.ndp_slaac_run), (416 bytes).
    Removing net_ndp.o(i.netNDP_CacheIP), (136 bytes).
    Removing net_ndp.o(i.netNDP_ClearCache), (164 bytes).
    Removing net_ndp.o(i.netNDP_GetIP), (200 bytes).
    Removing net_ndp.o(i.netNDP_GetMAC), (156 bytes).
    Removing net_ndp.o(i.netNDP_Probe), (74 bytes).
    Removing net_ndp.o(i.netNDP_ProbeX), (134 bytes).
    Removing net_ndp.o(i.net_ndp_cache_init), (128 bytes).
    Removing net_ndp.o(i.net_ndp_cache_mac), (82 bytes).
    Removing net_ndp.o(i.net_ndp_cache_run), (28 bytes).
    Removing net_ndp.o(i.net_ndp_cache_uninit), (60 bytes).
    Removing net_ndp.o(i.net_ndp_find_mac), (54 bytes).
    Removing net_ndp.o(.bss), (68 bytes).
    Removing net_ndp.o(.bss), (68 bytes).
    Removing net_ndp.o(.bss), (68 bytes).
    Removing net_ndp.o(.bss), (68 bytes).
    Removing net_ip4.o(i.net_ip4_def_localm), (16 bytes).
    Removing net_ip4.o(i.net_ip4_set_netif), (36 bytes).
    Removing net_ip6.o(i.net_ip6_def_localm), (16 bytes).
    Removing net_ip6.o(i.net_ip6_set_netif), (36 bytes).
    Removing net_ip6.o(.constdata), (16 bytes).
    Removing net_icmp6.o(i.netICMP6_SetNoEcho), (28 bytes).
    Removing net_icmp6.o(.data), (1 bytes).
    Removing net_icmp6.o(.data), (1 bytes).
    Removing net_icmp6.o(.data), (1 bytes).
    Removing net_icmp6.o(.data), (1 bytes).
    Removing net_mem.o(i.net_mem_uninit), (52 bytes).
    Removing net_common.o(i.net_bin2hex), (48 bytes).
    Removing net_common.o(i.net_itoa_n), (6 bytes).
    Removing net_common.o(i.net_strcrc), (26 bytes).
    Removing net_common.o(i.net_ultoa_n), (6 bytes).
    Removing net_common.o(i.net_ultoa_n0), (6 bytes).
    Removing net_md5.o(i.md5_transform), (368 bytes).
    Removing net_md5.o(i.net_md5_final), (80 bytes).
    Removing net_md5.o(i.net_md5_init), (36 bytes).
    Removing net_md5.o(i.net_md5_update), (104 bytes).
    Removing net_md5.o(.constdata), (272 bytes).
    Removing net_base64.o(i.net_base64_encode), (160 bytes).
    Removing net_version.o(.ARM.RL_ARM1), (82 bytes).
    Removing net_version.o(.ARM.RL_ARM2), (76 bytes).
    Removing net_version.o(.ARM.RL_ARM3), (45 bytes).
    Removing net_version.o(.ARM.RL_ARM4), (65 bytes).
    Removing net_version.o(.ARM.RL_ARM5), (82 bytes).
    Removing net_version.o(.ARM.RL_ARM6), (77 bytes).

307 unused section(s) (total 30242 bytes) removed from the image.
