Component: ARM Compiler 6.16 Tool: armlink [5dfeaa00]

==============================================================================

Section Cross References

    main.o(.text.HAL_GetTick) refers to rtx_kernel.o(.text.osKernelGetState) for osKernelGetState
    main.o(.text.HAL_GetTick) refers to rtx_kernel.o(.text.osKernelGetTickCount) for osKernelGetTickCount
    main.o(.text.HAL_GetTick) refers to system_stm32f4xx.o(.data.SystemCoreClock) for SystemCoreClock
    main.o(.text.HAL_GetTick) refers to main.o(.bss.HAL_GetTick.ticks) for HAL_GetTick.ticks
    main.o(.ARM.exidx.text.HAL_GetTick) refers to main.o(.text.HAL_GetTick) for [Anonymous Symbol]
    main.o(.text.main) refers to stm32f4xx_hal.o(.text.HAL_Init) for HAL_Init
    main.o(.text.main) refers to main.o(.text.SystemClock_Config) for SystemClock_Config
    main.o(.text.main) refers to system_stm32f4xx.o(.text.SystemCoreClockUpdate) for SystemCoreClockUpdate
    main.o(.text.main) refers to stm32f4xx_hal_pwr.o(.text.HAL_PWR_EnableBkUpAccess) for HAL_PWR_EnableBkUpAccess
    main.o(.text.main) refers to rtx_kernel.o(.text.osKernelInitialize) for osKernelInitialize
    main.o(.text.main) refers to rtc.o(.text.Init_RTC) for Init_RTC
    main.o(.text.main) refers to lcd.o(.text.Init_LCD) for Init_LCD
    main.o(.text.main) refers to rtx_kernel.o(.text.osKernelStart) for osKernelStart
    main.o(.ARM.exidx.text.main) refers to main.o(.text.main) for [Anonymous Symbol]
    main.o(.text.SystemClock_Config) refers to stm32f4xx_hal_rcc.o(.text.HAL_RCC_OscConfig) for HAL_RCC_OscConfig
    main.o(.text.SystemClock_Config) refers to stm32f4xx_hal_pwr_ex.o(.text.HAL_PWREx_EnableOverDrive) for HAL_PWREx_EnableOverDrive
    main.o(.text.SystemClock_Config) refers to stm32f4xx_hal_rcc.o(.text.HAL_RCC_ClockConfig) for HAL_RCC_ClockConfig
    main.o(.text.SystemClock_Config) refers to main.o(.text.Error_Handler) for Error_Handler
    main.o(.ARM.exidx.text.SystemClock_Config) refers to main.o(.text.SystemClock_Config) for [Anonymous Symbol]
    main.o(.text.Error_Handler) refers to led_nucleo_f429zi.o(.text.LED_On) for LED_On
    main.o(.ARM.exidx.text.Error_Handler) refers to main.o(.text.Error_Handler) for [Anonymous Symbol]
    lcd.o(.text.Init_LCD) refers to lcd.o(.text.LCD) for LCD
    lcd.o(.text.Init_LCD) refers to rtx_thread.o(.text.osThreadNew) for osThreadNew
    lcd.o(.text.Init_LCD) refers to lcd.o(.bss.tid_lcd) for tid_lcd
    lcd.o(.ARM.exidx.text.Init_LCD) refers to lcd.o(.text.Init_LCD) for [Anonymous Symbol]
    lcd.o(.text.LCD) refers to rtx_msgqueue.o(.text.osMessageQueueNew) for osMessageQueueNew
    lcd.o(.text.LCD) refers to lcd.o(.bss.mid_MsgQueue) for mid_MsgQueue
    lcd.o(.text.LCD) refers to lcd.o(.text.LCD_reset) for LCD_reset
    lcd.o(.text.LCD) refers to lcd.o(.text.LCD_Init) for LCD_Init
    lcd.o(.text.LCD) refers to lcd.o(.text.LCD_update) for LCD_update
    lcd.o(.text.LCD) refers to rtx_msgqueue.o(.text.osMessageQueueGet) for osMessageQueueGet
    lcd.o(.text.LCD) refers to lcd.o(.text.limpiarBuffer) for limpiarBuffer
    lcd.o(.text.LCD) refers to lcd.o(.text.escribirLCD) for escribirLCD
    lcd.o(.text.LCD) refers to lcd.o(.text.lineReset) for lineReset
    lcd.o(.text.LCD) refers to rtx_thread.o(.text.osThreadYield) for osThreadYield
    lcd.o(.ARM.exidx.text.LCD) refers to lcd.o(.text.LCD) for [Anonymous Symbol]
    lcd.o(.text.LCD_reset) refers to spi_stm32f4xx.o(.rodata.Driver_SPI1) for Driver_SPI1
    lcd.o(.text.LCD_reset) refers to lcd.o(.text.initPIN_RESET) for initPIN_RESET
    lcd.o(.text.LCD_reset) refers to lcd.o(.text.initPIN_A0) for initPIN_A0
    lcd.o(.text.LCD_reset) refers to lcd.o(.text.initPIN_CS) for initPIN_CS
    lcd.o(.text.LCD_reset) refers to stm32f4xx_hal_gpio.o(.text.HAL_GPIO_WritePin) for HAL_GPIO_WritePin
    lcd.o(.text.LCD_reset) refers to stm32f4xx_hal_gpio.o(.text.HAL_GPIO_TogglePin) for HAL_GPIO_TogglePin
    lcd.o(.text.LCD_reset) refers to lcd.o(.text.delay) for delay
    lcd.o(.ARM.exidx.text.LCD_reset) refers to lcd.o(.text.LCD_reset) for [Anonymous Symbol]
    lcd.o(.text.LCD_Init) refers to lcd.o(.text.LCD_wr_cmd) for LCD_wr_cmd
    lcd.o(.ARM.exidx.text.LCD_Init) refers to lcd.o(.text.LCD_Init) for [Anonymous Symbol]
    lcd.o(.text.LCD_update) refers to lcd.o(.text.LCD_wr_cmd) for LCD_wr_cmd
    lcd.o(.text.LCD_update) refers to lcd.o(.bss.buffer) for buffer
    lcd.o(.text.LCD_update) refers to lcd.o(.text.LCD_wr_data) for LCD_wr_data
    lcd.o(.ARM.exidx.text.LCD_update) refers to lcd.o(.text.LCD_update) for [Anonymous Symbol]
    lcd.o(.text.limpiarBuffer) refers to lcd.o(.bss.buffer) for buffer
    lcd.o(.text.limpiarBuffer) refers to rt_memclr_w.o(.text) for __aeabi_memclr4
    lcd.o(.ARM.exidx.text.limpiarBuffer) refers to lcd.o(.text.limpiarBuffer) for [Anonymous Symbol]
    lcd.o(.text.escribirLCD) refers to lcd.o(.text.symbolToLocalBuffer) for symbolToLocalBuffer
    lcd.o(.ARM.exidx.text.escribirLCD) refers to lcd.o(.text.escribirLCD) for [Anonymous Symbol]
[...]
    [Anonymous Symbol]                       0x2000ab70   Section        0  os_systick.o(.bss.os)
    os_timer_mq_cb                           0x2000ab74   Data          52  rtx_lib.o(.bss.os.msgqueue.cb)
    [Anonymous Symbol]                       0x2000ab74   Section        0  rtx_lib.o(.bss.os.msgqueue.cb)
    os_timer_mq_data                         0x2000aba8   Data          80  rtx_lib.o(.bss.os.msgqueue.mem)
    [Anonymous Symbol]                       0x2000aba8   Section        0  rtx_lib.o(.bss.os.msgqueue.mem)
    os_idle_thread_cb                        0x2000abf8   Data          68  rtx_lib.o(.bss.os.thread.cb)
    [Anonymous Symbol]                       0x2000abf8   Section        0  rtx_lib.o(.bss.os.thread.cb)
    os_timer_thread_cb                       0x2000ac3c   Data          68  rtx_lib.o(.bss.os.thread.cb)
    os_idle_thread_stack                     0x2000ac80   Data         512  rtx_lib.o(.bss.os.thread.idle.stack)
    [Anonymous Symbol]                       0x2000ac80   Section        0  rtx_lib.o(.bss.os.thread.idle.stack)
    os_timer_thread_stack                    0x2000ae80   Data         512  rtx_lib.o(.bss.os.thread.timer.stack)
    [Anonymous Symbol]                       0x2000ae80   Section        0  rtx_lib.o(.bss.os.thread.timer.stack)
    os_kernel_is_active.os_kernel_active     0x2000b080   Data           1  rtx_lib.o(.bss.os_kernel_is_active.os_kernel_active)
    [Anonymous Symbol]                       0x2000b080   Section        0  rtx_lib.o(.bss.os_kernel_is_active.os_kernel_active)
    positionL1                               0x2000b088   Data           2  lcd.o(.bss.positionL1)
    [Anonymous Symbol]                       0x2000b088   Section        0  lcd.o(.bss.positionL1)
    positionL2                               0x2000b08a   Data           2  lcd.o(.bss.positionL2)
    [Anonymous Symbol]                       0x2000b08a   Section        0  lcd.o(.bss.positionL2)
    sdatestructureget                        0x2000b08c   Data           4  rtc.o(.bss.sdatestructureget)
    [Anonymous Symbol]                       0x2000b08c   Section        0  rtc.o(.bss.sdatestructureget)
    stimestructureget                        0x2000b090   Data          20  rtc.o(.bss.stimestructureget)
    [Anonymous Symbol]                       0x2000b090   Section        0  rtc.o(.bss.stimestructureget)
    Heap_Mem                                 0x2000b0b0   Data         512  startup_stm32f429xx.o(HEAP)
    HEAP                                     0x2000b0b0   Section      512  startup_stm32f429xx.o(HEAP)
    Stack_Mem                                0x2000b2b0   Data        1024  startup_stm32f429xx.o(STACK)
    STACK                                    0x2000b2b0   Section     1024  startup_stm32f429xx.o(STACK)
    __initial_sp                             0x2000b6b0   Data           0  startup_stm32f429xx.o(STACK)
    FPCCR                                    0xe000ef34   Number         0  irq_armv7m.o ABSOLUTE

    Global Symbols

    Symbol Name                              Value     Ov Type        Size  Object(Section)

    BuildAttributes$$THM_ISAv4$E$P$D$K$B$S$7EM$VFPi3$EXTD16$VFPS$VFMA$PE$A:L22UL41UL21$X:L11$S22US41US21$IEEE1$IW$~IW$USESV6$~STKCKD$USESV7$~SHL$OTIME$ROPI$EBA8$UX$STANDARDLIB$REQ8$PRES8$EABIv2 0x00000000   Number         0  anon$$obj.o ABSOLUTE
    _printf_flags                            0x00000000   Number         0  printf_stubs.o ABSOLUTE
    _printf_return_value                     0x00000000   Number         0  printf_stubs.o ABSOLUTE
    _printf_sizespec                         0x00000000   Number         0  printf_stubs.o ABSOLUTE
    _printf_widthprec                        0x00000000   Number         0  printf_stubs.o ABSOLUTE
    .bss.os.evflags.cb$$Base                  - Undefined Weak Reference
    .bss.os.evflags.cb$$Limit                 - Undefined Weak Reference
    .bss.os.mempool.cb$$Base                  - Undefined Weak Reference
    .bss.os.mempool.cb$$Limit                 - Undefined Weak Reference
    .bss.os.mutex.cb$$Base                    - Undefined Weak Reference
    .bss.os.mutex.cb$$Limit                   - Undefined Weak Reference
    .bss.os.semaphore.cb$$Base                - Undefined Weak Reference
    .bss.os.semaphore.cb$$Limit               - Undefined Weak Reference
    .bss.os.timer.cb$$Base                    - Undefined Weak Reference
    .bss.os.timer.cb$$Limit                   - Undefined Weak Reference
    __ARM_exceptions_init                     - Undefined Weak Reference
    __alloca_initialize                       - Undefined Weak Reference
    __arm_preinit_                            - Undefined Weak Reference
    __cpp_initialize__aeabi_                  - Undefined Weak Reference
    __cxa_finalize                            - Undefined Weak Reference
    __rt_locale                               - Undefined Weak Reference
    __sigvec_lookup                           - Undefined Weak Reference
    _atexit_init                              - Undefined Weak Reference
    _call_atexit_fns                          - Undefined Weak Reference
    _clock_init                               - Undefined Weak Reference
    _fp_trap_init                             - Undefined Weak Reference
    _fp_trap_shutdown                         - Undefined Weak Reference
    _get_lc_collate                           - Undefined Weak Reference
    _get_lc_ctype                             - Undefined Weak Reference
    _get_lc_monetary                          - Undefined Weak Reference
    _get_lc_numeric                           - Undefined Weak Reference
    _get_lc_time                              - Undefined Weak Reference
    _getenv_init                              - Undefined Weak Reference
    _handle_redirection                       - Undefined Weak Reference
    _init_alloc                               - Undefined Weak Reference
    _init_user_alloc                          - Undefined Weak Reference
    _initio                                   - Undefined Weak Reference
    _printf_truncate_signed                   - Undefined Weak Reference
    _printf_truncate_unsigned                 - Undefined Weak Reference
    _rand_init                                - Undefined Weak Reference
    _signal_finish                            - Undefined Weak Reference
    _signal_init                              - Undefined Weak Reference
    _terminate_alloc                          - Undefined Weak Reference
    _terminate_user_alloc                     - Undefined Weak Reference
    _terminateio                              - Undefined Weak Reference
    __Vectors_Size                           0x000001ac   Number         0  startup_stm32f429xx.o ABSOLUTE
    __Vectors                                0x08000000   Data           4  startup_stm32f429xx.o(RESET)
    __Vectors_End                            0x080001ac   Data           0  startup_stm32f429xx.o(RESET)
    __main                                   0x080001ad   Thumb Code     8  __main.o(!!!main)
    __scatterload                            0x080001b5   Thumb Code     0  __scatter.o(!!!scatter)
    __scatterload_rt2                        0x080001b5   Thumb Code    44  __scatter.o(!!!scatter)
    __scatterload_rt2_thumb_only             0x080001b5   Thumb Code     0  __scatter.o(!!!scatter)
    __scatterload_null                       0x080001c3   Thumb Code     0  __scatter.o(!!!scatter)
    __scatterload_copy                       0x080001e9   Thumb Code    26  __scatter_copy.o(!!handler_copy)
    __scatterload_zeroinit                   0x08000205   Thumb Code    28  __scatter_zi.o(!!handler_zi)
    _printf_d                                0x08000221   Thumb Code     0  _printf_d.o(.ARM.Collect$$_printf_percent$$00000009)
    _printf_percent                          0x08000221   Thumb Code     0  _printf_percent.o(.ARM.Collect$$_printf_percent$$00000000)
    _printf_percent_end                      0x08000227   Thumb Code     0  _printf_percent_end.o(.ARM.Collect$$_printf_percent$$00000017)
    __rt_lib_init                            0x0800022b   Thumb Code     0  libinit.o(.ARM.Collect$$libinit$$00000000)
    __rt_lib_init_fp_1                       0x0800022d   Thumb Code     0  libinit2.o(.ARM.Collect$$libinit$$00000001)
    __rt_lib_init_alloca_1                   0x08000231   Thumb Code     0  libinit2.o(.ARM.Collect$$libinit$$0000002E)
    __rt_lib_init_argv_1                     0x08000231   Thumb Code     0  libinit2.o(.ARM.Collect$$libinit$$0000002C)
    __rt_lib_init_atexit_1                   0x08000231   Thumb Code     0  libinit2.o(.ARM.Collect$$libinit$$0000001B)
    __rt_lib_init_clock_1                    0x08000231   Thumb Code     0  libinit2.o(.ARM.Collect$$libinit$$00000021)
    __rt_lib_init_cpp_1                      0x08000231   Thumb Code     0  libinit2.o(.ARM.Collect$$libinit$$00000032)
    __rt_lib_init_exceptions_1               0x08000231   Thumb Code     0  libinit2.o(.ARM.Collect$$libinit$$00000030)
    __rt_lib_init_fp_trap_1                  0x08000231   Thumb Code     0  libinit2.o(.ARM.Collect$$libinit$$0000001F)
    __rt_lib_init_getenv_1                   0x08000231   Thumb Code     0  libinit2.o(.ARM.Collect$$libinit$$00000023)
    __rt_lib_init_heap_1                     0x08000231   Thumb Code     0  libinit2.o(.ARM.Collect$$libinit$$0000000A)
    __rt_lib_init_lc_collate_1               0x08000231   Thumb Code     0  libinit2.o(.ARM.Collect$$libinit$$00000011)
    __rt_lib_init_lc_ctype_1                 0x08000231   Thumb Code     0  libinit2.o(.ARM.Collect$$libinit$$00000013)
    __rt_lib_init_lc_monetary_1              0x08000231   Thumb Code     0  libinit2.o(.ARM.Collect$$libinit$$00000015)
    __rt_lib_init_lc_numeric_1               0x08000231   Thumb Code     0  libinit2.o(.ARM.Collect$$libinit$$00000017)
    __rt_lib_init_lc_time_1                  0x08000231   Thumb Code     0  libinit2.o(.ARM.Collect$$libinit$$00000019)
    __rt_lib_init_preinit_1                  0x08000231   Thumb Code     0  libinit2.o(.ARM.Collect$$libinit$$00000004)
    __rt_lib_init_rand_1                     0x08000231   Thumb Code     0  libinit2.o(.ARM.Collect$$libinit$$0000000E)
    __rt_lib_init_return                     0x08000231   Thumb Code     0  libinit2.o(.ARM.Collect$$libinit$$00000033)
    __rt_lib_init_signal_1                   0x08000231   Thumb Code     0  libinit2.o(.ARM.Collect$$libinit$$0000001D)
    __rt_lib_init_stdio_1                    0x08000231   Thumb Code     0  libinit2.o(.ARM.Collect$$libinit$$00000025)
    __rt_lib_init_user_alloc_1               0x08000231   Thumb Code     0  libinit2.o(.ARM.Collect$$libinit$$0000000C)
    __rt_lib_shutdown                        0x08000233   Thumb Code     0  libshutdown.o(.ARM.Collect$$libshutdown$$00000000)
    __rt_lib_shutdown_cpp_1                  0x08000235   Thumb Code     0  libshutdown2.o(.ARM.Collect$$libshutdown$$00000002)
    __rt_lib_shutdown_fp_trap_1              0x08000235   Thumb Code     0  libshutdown2.o(.ARM.Collect$$libshutdown$$00000007)
    __rt_lib_shutdown_heap_1                 0x08000235   Thumb Code     0  libshutdown2.o(.ARM.Collect$$libshutdown$$0000000F)
    __rt_lib_shutdown_return                 0x08000235   Thumb Code     0  libshutdown2.o(.ARM.Collect$$libshutdown$$00000010)
    __rt_lib_shutdown_signal_1               0x08000235   Thumb Code     0  libshutdown2.o(.ARM.Collect$$libshutdown$$0000000A)
    __rt_lib_shutdown_stdio_1                0x08000235   Thumb Code     0  libshutdown2.o(.ARM.Collect$$libshutdown$$00000004)
    __rt_lib_shutdown_user_alloc_1           0x08000235   Thumb Code     0  libshutdown2.o(.ARM.Collect$$libshutdown$$0000000C)
    __rt_entry                               0x08000237   Thumb Code     0  __rtentry.o(.ARM.Collect$$rtentry$$00000000)
    __rt_entry_presh_1                       0x08000237   Thumb Code     0  __rtentry2.o(.ARM.Collect$$rtentry$$00000002)
    __rt_entry_sh                            0x08000237   Thumb Code     0  __rtentry4.o(.ARM.Collect$$rtentry$$00000004)
    __rt_entry_postsh_1                      0x0800023d   Thumb Code     0  __rtentry2.o(.ARM.Collect$$rtentry$$00000008)
    __rt_entry_li                            0x08000245   Thumb Code     0  __rtentry2.o(.ARM.Collect$$rtentry$$0000000A)
    __rt_entry_main                          0x08000249   Thumb Code     0  __rtentry2.o(.ARM.Collect$$rtentry$$0000000D)
    __rt_entry_postli_1                      0x08000249   Thumb Code     0  __rtentry2.o(.ARM.Collect$$rtentry$$0000000C)
    __rt_exit                                0x08000251   Thumb Code     0  rtexit.o(.ARM.Collect$$rtexit$$00000000)
    __rt_exit_ls                             0x08000253   Thumb Code     0  rtexit2.o(.ARM.Collect$$rtexit$$00000003)
    __rt_exit_prels_1                        0x08000253   Thumb Code     0  rtexit2.o(.ARM.Collect$$rtexit$$00000002)
    __rt_exit_exit                           0x08000257   Thumb Code     0  rtexit2.o(.ARM.Collect$$rtexit$$00000004)
    Reset_Handler                            0x0800025d   Thumb Code     8  startup_stm32f429xx.o(.text)
    ADC_IRQHandler                           0x08000277   Thumb Code     0  startup_stm32f429xx.o(.text)
    CAN1_RX0_IRQHandler                      0x08000277   Thumb Code     0  startup_stm32f429xx.o(.text)
    CAN1_RX1_IRQHandler                      0x08000277   Thumb Code     0  startup_stm32f429xx.o(.text)
    CAN1_SCE_IRQHandler                      0x08000277   Thumb Code     0  startup_stm32f429xx.o(.text)
    CAN1_TX_IRQHandler                       0x08000277   Thumb Code     0  startup_stm32f429xx.o(.text)
    CAN2_RX0_IRQHandler                      0x08000277   Thumb Code     0  startup_stm32f429xx.o(.text)
    CAN2_RX1_IRQHandler                      0x08000277   Thumb Code     0  startup_stm32f429xx.o(.text)
    CAN2_SCE_IRQHandler                      0x08000277   Thumb Code     0  startup_stm32f429xx.o(.text)
    CAN2_TX_IRQHandler                       0x08000277   Thumb Code     0  startup_stm32f429xx.o(.text)
    DCMI_IRQHandler                          0x08000277   Thumb Code     0  startup_stm32f429xx.o(.text)
    DMA1_Stream0_IRQHandler                  0x08000277   Thumb Code     0  startup_stm32f429xx.o(.text)
    DMA1_Stream1_IRQHandler                  0x08000277   Thumb Code     0  startup_stm32f429xx.o(.text)
    DMA1_Stream2_IRQHandler                  0x08000277   Thumb Code     0  startup_stm32f429xx.o(.text)
    DMA1_Stream3_IRQHandler                  0x08000277   Thumb Code     0  startup_stm32f429xx.o(.text)
    DMA1_Stream4_IRQHandler                  0x08000277   Thumb Code     0  startup_stm32f429xx.o(.text)
    DMA1_Stream5_IRQHandler                  0x08000277   Thumb Code     0  startup_stm32f429xx.o(.text)
    DMA1_Stream6_IRQHandler                  0x08000277   Thumb Code     0  startup_stm32f429xx.o(.text)
    DMA1_Stream7_IRQHandler                  0x08000277   Thumb Code     0  startup_stm32f429xx.o(.text)
    DMA2D_IRQHandler                         0x08000277   Thumb Code     0  startup_stm32f429xx.o(.text)
    DMA2_Stream0_IRQHandler                  0x08000277   Thumb Code     0  startup_stm32f429xx.o(.text)
    DMA2_Stream1_IRQHandler                  0x08000277   Thumb Code     0  startup_stm32f429xx.o(.text)
    DMA2_Stream2_IRQHandler                  0x08000277   Thumb Code     0  startup_stm32f429xx.o(.text)
    DMA2_Stream3_IRQHandler                  0x08000277   Thumb Code     0  startup_stm32f429xx.o(.text)
    DMA2_Stream4_IRQHandler                  0x08000277   Thumb Code     0  startup_stm32f429xx.o(.text)
    DMA2_Stream5_IRQHandler                  0x08000277   Thumb Code     0  startup_stm32f429xx.o(.text)
    DMA2_Stream6_IRQHandler                  0x08000277   Thumb Code     0  startup_stm32f429xx.o(.text)
    DMA2_Stream7_IRQHandler                  0x08000277   Thumb Code     0  startup_stm32f429xx.o(.text)
    ETH_IRQHandler                           0x08000277   Thumb Code     0  startup_stm32f429xx.o(.text)
    ETH_WKUP_IRQHandler                      0x08000277   Thumb Code     0  startup_stm32f429xx.o(.text)
    EXTI0_IRQHandler                         0x08000277   Thumb Code     0  startup_stm32f429xx.o(.text)
    EXTI15_10_IRQHandler                     0x08000277   Thumb Code     0  startup_stm32f429xx.o(.text)
    EXTI1_IRQHandler                         0x08000277   Thumb Code     0  startup_stm32f429xx.o(.text)
    EXTI2_IRQHandler                         0x08000277   Thumb Code     0  startup_stm32f429xx.o(.text)
    EXTI3_IRQHandler                         0x08000277   Thumb Code     0  startup_stm32f429xx.o(.text)
    EXTI4_IRQHandler                         0x08000277   Thumb Code     0  startup_stm32f429xx.o(.text)
    EXTI9_5_IRQHandler                       0x08000277   Thumb Code     0  startup_stm32f429xx.o(.text)
    FLASH_IRQHandler                         0x08000277   Thumb Code     0  startup_stm32f429xx.o(.text)
    FMC_IRQHandler                           0x08000277   Thumb Code     0  startup_stm32f429xx.o(.text)
    FPU_IRQHandler                           0x08000277   Thumb Code     0  startup_stm32f429xx.o(.text)
    HASH_RNG_IRQHandler                      0x08000277   Thumb Code     0  startup_stm32f429xx.o(.text)
    I2C1_ER_IRQHandler                       0x08000277   Thumb Code     0  startup_stm32f429xx.o(.text)
    I2C1_EV_IRQHandler                       0x08000277   Thumb Code     0  startup_stm32f429xx.o(.text)
    I2C2_ER_IRQHandler                       0x08000277   Thumb Code     0  startup_stm32f429xx.o(.text)
    I2C2_EV_IRQHandler                       0x08000277   Thumb Code     0  startup_stm32f429xx.o(.text)
    I2C3_ER_IRQHandler                       0x08000277   Thumb Code     0  startup_stm32f429xx.o(.text)
    I2C3_EV_IRQHandler                       0x08000277   Thumb Code     0  startup_stm32f429xx.o(.text)
    LTDC_ER_IRQHandler                       0x08000277   Thumb Code     0  startup_stm32f429xx.o(.text)
    LTDC_IRQHandler                          0x08000277   Thumb Code     0  startup_stm32f429xx.o(.text)
    OTG_FS_IRQHandler                        0x08000277   Thumb Code     0  startup_stm32f429xx.o(.text)
    OTG_FS_WKUP_IRQHandler                   0x08000277   Thumb Code     0  startup_stm32f429xx.o(.text)
    OTG_HS_EP1_IN_IRQHandler                 0x08000277   Thumb Code     0  startup_stm32f429xx.o(.text)
    OTG_HS_EP1_OUT_IRQHandler                0x08000277   Thumb Code     0  startup_stm32f429xx.o(.text)
    OTG_HS_IRQHandler                        0x08000277   Thumb Code     0  startup_stm32f429xx.o(.text)
    OTG_HS_WKUP_IRQHandler                   0x08000277   Thumb Code     0  startup_stm32f429xx.o(.text)
    PVD_IRQHandler                           0x08000277   Thumb Code     0  startup_stm32f429xx.o(.text)
    RCC_IRQHandler                           0x08000277   Thumb Code     0  startup_stm32f429xx.o(.text)
    RTC_WKUP_IRQHandler                      0x08000277   Thumb Code     0  startup_stm32f429xx.o(.text)
    SAI1_IRQHandler                          0x08000277   Thumb Code     0  startup_stm32f429xx.o(.text)
    SDIO_IRQHandler                          0x08000277   Thumb Code     0  startup_stm32f429xx.o(.text)
    SPI2_IRQHandler                          0x08000277   Thumb Code     0  startup_stm32f429xx.o(.text)
    SPI3_IRQHandler                          0x08000277   Thumb Code     0  startup_stm32f429xx.o(.text)
    SPI4_IRQHandler                          0x08000277   Thumb Code     0  startup_stm32f429xx.o(.text)
    SPI5_IRQHandler                          0x08000277   Thumb Code     0  startup_stm32f429xx.o(.text)
    SPI6_IRQHandler                          0x08000277   Thumb Code     0  startup_stm32f429xx.o(.text)
    TAMP_STAMP_IRQHandler                    0x08000277   Thumb Code     0  startup_stm32f429xx.o(.text)
    TIM1_BRK_TIM9_IRQHandler                 0x08000277   Thumb Code     0  startup_stm32f429xx.o(.text)
    TIM1_CC_IRQHandler                       0x08000277   Thumb Code     0  startup_stm32f429xx.o(.text)
    TIM1_TRG_COM_TIM11_IRQHandler            0x08000277   Thumb Code     0  startup_stm32f429xx.o(.text)
    TIM1_UP_TIM10_IRQHandler                 0x08000277   Thumb Code     0  startup_stm32f429xx.o(.text)
    TIM2_IRQHandler                          0x08000277   Thumb Code     0  startup_stm32f429xx.o(.text)
    TIM3_IRQHandler                          0x08000277   Thumb Code     0  startup_stm32f429xx.o(.text)
    TIM4_IRQHandler                          0x08000277   Thumb Code     0  startup_stm32f429xx.o(.text)
    TIM5_IRQHandler                          0x08000277   Thumb Code     0  startup_stm32f429xx.o(.text)
    TIM6_DAC_IRQHandler                      0x08000277   Thumb Code     0  startup_stm32f429xx.o(.text)
    TIM7_IRQHandler                          0x08000277   Thumb Code     0  startup_stm32f429xx.o(.text)
    TIM8_BRK_TIM12_IRQHandler                0x08000277   Thumb Code     0  startup_stm32f429xx.o(.text)
    TIM8_CC_IRQHandler                       0x08000277   Thumb Code     0  startup_stm32f429xx.o(.text)
    TIM8_TRG_COM_TIM14_IRQHandler            0x08000277   Thumb Code     0  startup_stm32f429xx.o(.text)
    TIM8_UP_TIM13_IRQHandler                 0x08000277   Thumb Code     0  startup_stm32f429xx.o(.text)
    UART4_IRQHandler                         0x08000277   Thumb Code     0  startup_stm32f429xx.o(.text)
    UART5_IRQHandler                         0x08000277   Thumb Code     0  startup_stm32f429xx.o(.text)
    UART7_IRQHandler                         0x08000277   Thumb Code     0  startup_stm32f429xx.o(.text)
    UART8_IRQHandler                         0x08000277   Thumb Code     0  startup_stm32f429xx.o(.text)
    USART1_IRQHandler                        0x08000277   Thumb Code     0  startup_stm32f429xx.o(.text)
    USART2_IRQHandler                        0x08000277   Thumb Code     0  startup_stm32f429xx.o(.text)
    USART3_IRQHandler                        0x08000277   Thumb Code     0  startup_stm32f429xx.o(.text)
    USART6_IRQHandler                        0x08000277   Thumb Code     0  startup_stm32f429xx.o(.text)
    WWDG_IRQHandler                          0x08000277   Thumb Code     0  startup_stm32f429xx.o(.text)
    __user_initial_stackheap                 0x08000279   Thumb Code     0  startup_stm32f429xx.o(.text)
    SVC_Handler                              0x0800029d   Thumb Code   154  irq_armv7m.o(.text)
    PendSV_Handler                           0x08000337   Thumb Code    16  irq_armv7m.o(.text)
    SysTick_Handler                          0x08000347   Thumb Code    16  irq_armv7m.o(.text)
    __aeabi_uldivmod                         0x08000365   Thumb Code     0  lludivv7m.o(.text)
    _ll_udiv                                 0x08000365   Thumb Code   240  lludivv7m.o(.text)
    __2sprintf                               0x08000455   Thumb Code    34  noretval__2sprintf.o(.text)
    _printf_pre_padding                      0x0800047d   Thumb Code    44  _printf_pad.o(.text)
    _printf_post_padding                     0x080004a9   Thumb Code    34  _printf_pad.o(.text)
    _printf_int_dec                          0x080004cd   Thumb Code   104  _printf_dec.o(.text)
    __printf                                 0x08000545   Thumb Code   270  __printf_wp.o(.text)
    __aeabi_memcpy                           0x08000653   Thumb Code     0  rt_memcpy_v6.o(.text)
    __rt_memcpy                              0x08000653   Thumb Code   138  rt_memcpy_v6.o(.text)
    _memcpy_lastbytes                        0x080006b9   Thumb Code     0  rt_memcpy_v6.o(.text)
    __aeabi_memclr                           0x080006dd   Thumb Code     0  rt_memclr.o(.text)
    __rt_memclr                              0x080006dd   Thumb Code     0  rt_memclr.o(.text)
    _memset                                  0x080006e1   Thumb Code    64  rt_memclr.o(.text)
    __aeabi_memclr4                          0x08000721   Thumb Code     0  rt_memclr_w.o(.text)
    __aeabi_memclr8                          0x08000721   Thumb Code     0  rt_memclr_w.o(.text)
    __rt_memclr_w                            0x08000721   Thumb Code     0  rt_memclr_w.o(.text)
    _memset_w                                0x08000725   Thumb Code    74  rt_memclr_w.o(.text)
    __use_two_region_memory                  0x0800076f   Thumb Code     2  heapauxi.o(.text)
    __rt_heap_escrow$2region                 0x08000771   Thumb Code     2  heapauxi.o(.text)
    __rt_heap_expand$2region                 0x08000773   Thumb Code     2  heapauxi.o(.text)
    _printf_int_common                       0x08000775   Thumb Code   178  _printf_intcommon.o(.text)
    _printf_char_common                      0x08000833   Thumb Code    32  _printf_char_common.o(.text)
    _sputc                                   0x08000859   Thumb Code    10  _sputc.o(.text)
    __aeabi_memcpy4                          0x08000863   Thumb Code     0  rt_memcpy_w.o(.text)
    __aeabi_memcpy8                          0x08000863   Thumb Code     0  rt_memcpy_w.o(.text)
    __rt_memcpy_w                            0x08000863   Thumb Code   100  rt_memcpy_w.o(.text)
    _memcpy_lastbytes_aligned                0x080008ab   Thumb Code     0  rt_memcpy_w.o(.text)
    __user_setup_stackheap                   0x080008c7   Thumb Code    74  sys_stackheap_outer.o(.text)
    exit                                     0x08000911   Thumb Code    18  exit.o(.text)
    __user_libspace                          0x08000925   Thumb Code     8  libspace.o(.text)
    __user_perproc_libspace                  0x08000925   Thumb Code     0  libspace.o(.text)
    _sys_exit                                0x0800092d   Thumb Code     8  sys_exit.o(.text)
    __I$use$semihosting                      0x08000939   Thumb Code     0  use_no_semi.o(.text)
    __use_no_semihosting_swi                 0x08000939   Thumb Code     2  use_no_semi.o(.text)
    __semihosting_library_function           0x0800093b   Thumb Code     0  indicate_semi.o(.text)
    BusFault_Handler                         0x0800093d   Thumb Code     2  stm32f4xx_it.o(.text.BusFault_Handler)
    DebugMon_Handler                         0x08000941   Thumb Code     2  stm32f4xx_it.o(.text.DebugMon_Handler)
    Error_Handler                            0x08000ae1   Thumb Code    10  main.o(.text.Error_Handler)
    HAL_GPIO_DeInit                          0x08000aed   Thumb Code   262  stm32f4xx_hal_gpio.o(.text.HAL_GPIO_DeInit)
    HAL_GPIO_Init                            0x08000bf5   Thumb Code   410  stm32f4xx_hal_gpio.o(.text.HAL_GPIO_Init)
    HAL_GPIO_TogglePin                       0x08000d91   Thumb Code    14  stm32f4xx_hal_gpio.o(.text.HAL_GPIO_TogglePin)
    HAL_GPIO_WritePin                        0x08000da1   Thumb Code    10  stm32f4xx_hal_gpio.o(.text.HAL_GPIO_WritePin)
    HAL_GetTick                              0x08000dad   Thumb Code    80  main.o(.text.HAL_GetTick)
    HAL_Init                                 0x08000dfd   Thumb Code    46  stm32f4xx_hal.o(.text.HAL_Init)
    HAL_InitTick                             0x08000e2d   Thumb Code    80  stm32f4xx_hal.o(.text.HAL_InitTick)
    HAL_MspInit                              0x08000e7d   Thumb Code     2  stm32f4xx_hal.o(.text.HAL_MspInit)
    HAL_NVIC_DisableIRQ                      0x08000e81   Thumb Code     8  stm32f4xx_hal_cortex.o(.text.HAL_NVIC_DisableIRQ)
    HAL_NVIC_EnableIRQ                       0x08000e89   Thumb Code     8  stm32f4xx_hal_cortex.o(.text.HAL_NVIC_EnableIRQ)
    HAL_NVIC_SetPriority                     0x08000e91   Thumb Code    30  stm32f4xx_hal_cortex.o(.text.HAL_NVIC_SetPriority)
    HAL_NVIC_SetPriorityGrouping             0x08000eb1   Thumb Code     8  stm32f4xx_hal_cortex.o(.text.HAL_NVIC_SetPriorityGrouping)
    HAL_PWREx_EnableOverDrive                0x08000eb9   Thumb Code   122  stm32f4xx_hal_pwr_ex.o(.text.HAL_PWREx_EnableOverDrive)
    HAL_PWR_EnableBkUpAccess                 0x08000f35   Thumb Code    12  stm32f4xx_hal_pwr.o(.text.HAL_PWR_EnableBkUpAccess)
    HAL_RCC_ClockConfig                      0x08000f41   Thumb Code   352  stm32f4xx_hal_rcc.o(.text.HAL_RCC_ClockConfig)
    HAL_RCC_GetHCLKFreq                      0x080010a1   Thumb Code    12  stm32f4xx_hal_rcc.o(.text.HAL_RCC_GetHCLKFreq)
    HAL_RCC_GetPCLK2Freq                     0x080010ad   Thumb Code    34  stm32f4xx_hal_rcc.o(.text.HAL_RCC_GetPCLK2Freq)
    HAL_RCC_GetSysClockFreq                  0x080010d1   Thumb Code   106  stm32f4xx_hal_rcc.o(.text.HAL_RCC_GetSysClockFreq)
    HAL_RCC_OscConfig                        0x0800113d   Thumb Code   820  stm32f4xx_hal_rcc.o(.text.HAL_RCC_OscConfig)
    HAL_RTCEx_AlarmBEventCallback            0x08001471   Thumb Code     2  stm32f4xx_hal_rtc_ex.o(.text.HAL_RTCEx_AlarmBEventCallback)
    HAL_RTCEx_BKUPRead                       0x08001475   Thumb Code    10  stm32f4xx_hal_rtc_ex.o(.text.HAL_RTCEx_BKUPRead)
    HAL_RTCEx_BKUPWrite                      0x08001481   Thumb Code    10  stm32f4xx_hal_rtc_ex.o(.text.HAL_RTCEx_BKUPWrite)
    HAL_RTC_AlarmAEventCallback              0x0800148d   Thumb Code    20  rtc.o(.text.HAL_RTC_AlarmAEventCallback)
    HAL_RTC_AlarmIRQHandler                  0x080014a1   Thumb Code   100  stm32f4xx_hal_rtc.o(.text.HAL_RTC_AlarmIRQHandler)
    HAL_RTC_GetDate                          0x08001505   Thumb Code    66  stm32f4xx_hal_rtc.o(.text.HAL_RTC_GetDate)
    HAL_RTC_GetTime                          0x08001549   Thumb Code    80  stm32f4xx_hal_rtc.o(.text.HAL_RTC_GetTime)
    HAL_RTC_Init                             0x08001599   Thumb Code   160  stm32f4xx_hal_rtc.o(.text.HAL_RTC_Init)
    HAL_RTC_MspInit                          0x08001639   Thumb Code     2  stm32f4xx_hal_rtc.o(.text.HAL_RTC_MspInit)
    HAL_RTC_SetAlarm_IT                      0x0800163d   Thumb Code   368  stm32f4xx_hal_rtc.o(.text.HAL_RTC_SetAlarm_IT)
    HAL_RTC_SetDate                          0x080017ad   Thumb Code   170  stm32f4xx_hal_rtc.o(.text.HAL_RTC_SetDate)
    HAL_RTC_SetTime                          0x08001859   Thumb Code   210  stm32f4xx_hal_rtc.o(.text.HAL_RTC_SetTime)
    HAL_RTC_WaitForSynchro                   0x0800192d   Thumb Code    48  stm32f4xx_hal_rtc.o(.text.HAL_RTC_WaitForSynchro)
    HAL_SYSTICK_Config                       0x0800195d   Thumb Code     8  stm32f4xx_hal_cortex.o(.text.HAL_SYSTICK_Config)
    HAL_TIM_Base_Init                        0x08001965   Thumb Code    54  stm32f4xx_hal_tim.o(.text.HAL_TIM_Base_Init)
    HAL_TIM_Base_MspInit                     0x0800199d   Thumb Code     2  stm32f4xx_hal_tim.o(.text.HAL_TIM_Base_MspInit)
    HAL_TIM_Base_Start                       0x080019a1   Thumb Code    38  stm32f4xx_hal_tim.o(.text.HAL_TIM_Base_Start)
    HAL_TIM_Base_Stop                        0x080019c9   Thumb Code    48  stm32f4xx_hal_tim.o(.text.HAL_TIM_Base_Stop)
    HardFault_Handler                        0x080019f9   Thumb Code     2  stm32f4xx_it.o(.text.HardFault_Handler)
    Init_LCD                                 0x080019fd   Thumb Code    44  lcd.o(.text.Init_LCD)
    Init_RTC                                 0x08001a29   Thumb Code    98  rtc.o(.text.Init_RTC)
    LCD                                      0x08001a8d   Thumb Code    86  lcd.o(.text.LCD)
    LCD_Init                                 0x08001ae5   Thumb Code    76  lcd.o(.text.LCD_Init)
    LCD_reset                                0x08001b31   Thumb Code   132  lcd.o(.text.LCD_reset)
    LCD_update                               0x08001bb5   Thumb Code   154  lcd.o(.text.LCD_update)
    LCD_wr_cmd                               0x08001c51   Thumb Code    86  lcd.o(.text.LCD_wr_cmd)
    LCD_wr_data                              0x08001ca9   Thumb Code    86  lcd.o(.text.LCD_wr_data)
    LED_Initialize                           0x08001d01   Thumb Code   102  led_nucleo_f429zi.o(.text.LED_Initialize)
    LED_Off                                  0x08001d69   Thumb Code    40  led_nucleo_f429zi.o(.text.LED_Off)
    LED_On                                   0x08001d91   Thumb Code    40  led_nucleo_f429zi.o(.text.LED_On)
    LED_SetOut                               0x08001db9   Thumb Code    40  led_nucleo_f429zi.o(.text.LED_SetOut)
    MemManage_Handler                        0x08001de1   Thumb Code     2  stm32f4xx_it.o(.text.MemManage_Handler)
    NMI_Handler                              0x08001e99   Thumb Code     2  stm32f4xx_it.o(.text.NMI_Handler)
    OS_Tick_AcknowledgeIRQ                   0x08001ec9   Thumb Code     8  os_systick.o(.text.OS_Tick_AcknowledgeIRQ)
    OS_Tick_Enable                           0x08001ed1   Thumb Code    32  os_systick.o(.text.OS_Tick_Enable)
    OS_Tick_GetIRQn                          0x08001ef5   Thumb Code     6  os_systick.o(.text.OS_Tick_GetIRQn)
    OS_Tick_Setup                            0x08001efd   Thumb Code    48  os_systick.o(.text.OS_Tick_Setup)
    RTC_Alarm_IRQHandler                     0x08001fb1   Thumb Code    16  rtc.o(.text.RTC_Alarm_IRQHandler)
    RTC_Bcd2ToByte                           0x08001fc1   Thumb Code    18  stm32f4xx_hal_rtc.o(.text.RTC_Bcd2ToByte)
    RTC_ByteToBcd2                           0x08001fd5   Thumb Code    46  stm32f4xx_hal_rtc.o(.text.RTC_ByteToBcd2)
    RTC_EnterInitMode                        0x08002145   Thumb Code    52  stm32f4xx_hal_rtc.o(.text.RTC_EnterInitMode)
    SPI1_IRQHandler                          0x08002191   Thumb Code     8  spi_stm32f4xx.o(.text.SPI1_IRQHandler)
    SystemCoreClockUpdate                    0x08002a71   Thumb Code   126  system_stm32f4xx.o(.text.SystemCoreClockUpdate)
    SystemInit                               0x08002af1   Thumb Code    26  system_stm32f4xx.o(.text.SystemInit)
    TIM_Base_SetConfig                       0x08002b0d   Thumb Code   292  stm32f4xx_hal_tim.o(.text.TIM_Base_SetConfig)
    ThAlarma                                 0x08002c31   Thumb Code    90  rtc.o(.text.ThAlarma)
    ThRTC                                    0x08002c8d   Thumb Code   110  rtc.o(.text.ThRTC)
    UsageFault_Handler                       0x08002dc9   Thumb Code     2  stm32f4xx_it.o(.text.UsageFault_Handler)
    _mutex_acquire                           0x08002e89   Thumb Code    26  rtx_lib.o(.text._mutex_acquire)
    _mutex_free                              0x08002ea5   Thumb Code    10  rtx_lib.o(.text._mutex_free)
    _mutex_initialize                        0x08002eb1   Thumb Code    32  rtx_lib.o(.text._mutex_initialize)
    _mutex_release                           0x08002ed1   Thumb Code    22  rtx_lib.o(.text._mutex_release)
    _platform_post_stackheap_init            0x08002ee9   Thumb Code     8  rtx_lib.o(.text._platform_post_stackheap_init)
    delay                                    0x08002ef1   Thumb Code   112  lcd.o(.text.delay)
    escribirLCD                              0x08002f61   Thumb Code    66  lcd.o(.text.escribirLCD)
    initPIN_A0                               0x08002fa5   Thumb Code    68  lcd.o(.text.initPIN_A0)
    initPIN_CS                               0x08002fe9   Thumb Code    68  lcd.o(.text.initPIN_CS)
    initPIN_RESET                            0x0800302d   Thumb Code    64  lcd.o(.text.initPIN_RESET)
    limpiarBuffer                            0x0800306d   Thumb Code    44  lcd.o(.text.limpiarBuffer)
    lineReset                                0x08003099   Thumb Code    24  lcd.o(.text.lineReset)
    main                                     0x080030b1   Thumb Code    34  main.o(.text.main)
    osKernelGetState                         0x080030d5   Thumb Code    40  rtx_kernel.o(.text.osKernelGetState)
    osKernelGetTickCount                     0x08003101   Thumb Code    32  rtx_kernel.o(.text.osKernelGetTickCount)
    osKernelInitialize                       0x08003129   Thumb Code    40  rtx_kernel.o(.text.osKernelInitialize)
    osKernelStart                            0x08003155   Thumb Code    32  rtx_kernel.o(.text.osKernelStart)
    osMessageQueueGet                        0x08003179   Thumb Code   108  rtx_msgqueue.o(.text.osMessageQueueGet)
    osMessageQueueNew                        0x080031e9   Thumb Code    32  rtx_msgqueue.o(.text.osMessageQueueNew)
    osMessageQueuePut                        0x0800320d   Thumb Code   124  rtx_msgqueue.o(.text.osMessageQueuePut)
    osMutexAcquire                           0x0800328d   Thumb Code    32  rtx_mutex.o(.text.osMutexAcquire)
    osMutexDelete                            0x080032b1   Thumb Code    32  rtx_mutex.o(.text.osMutexDelete)
    osMutexNew                               0x080032d5   Thumb Code    32  rtx_mutex.o(.text.osMutexNew)
    osMutexRelease                           0x080032f9   Thumb Code    32  rtx_mutex.o(.text.osMutexRelease)
    osRtxErrorNotify                         0x0800331d   Thumb Code     2  rtx_config.o(.text.osRtxErrorNotify)
    osRtxIdleThread                          0x08003321   Thumb Code     2  rtx_config.o(.text.osRtxIdleThread)
    osRtxKernelErrorNotify                   0x08003323   Thumb Code     4  rtx_kernel.o(.text.osRtxKernelErrorNotify)
    osRtxKernelPreInit                       0x08003327   Thumb Code     2  rtx_kernel.o(.text.osRtxKernelPreInit)
    osRtxMemoryAlloc                         0x08003329   Thumb Code   108  rtx_memory.o(.text.osRtxMemoryAlloc)
    osRtxMemoryFree                          0x08003395   Thumb Code    66  rtx_memory.o(.text.osRtxMemoryFree)
    osRtxMemoryInit                          0x080033d7   Thumb Code    54  rtx_memory.o(.text.osRtxMemoryInit)
    osRtxMemoryPoolAlloc                     0x0800340d   Thumb Code    58  rtx_mempool.o(.text.osRtxMemoryPoolAlloc)
    osRtxMemoryPoolFree                      0x08003447   Thumb Code    74  rtx_mempool.o(.text.osRtxMemoryPoolFree)
    osRtxMemoryPoolInit                      0x08003491   Thumb Code    56  rtx_mempool.o(.text.osRtxMemoryPoolInit)
    osRtxMessageQueueTimerSetup              0x08003575   Thumb Code    32  rtx_msgqueue.o(.text.osRtxMessageQueueTimerSetup)
    osRtxMutexOwnerRelease                   0x08003599   Thumb Code    72  rtx_mutex.o(.text.osRtxMutexOwnerRelease)
    osRtxMutexOwnerRestore                   0x080035e1   Thumb Code    66  rtx_mutex.o(.text.osRtxMutexOwnerRestore)
    osRtxPendSV_Handler                      0x08003625   Thumb Code   136  rtx_system.o(.text.osRtxPendSV_Handler)
    osRtxPostProcess                         0x080036ad   Thumb Code   108  rtx_system.o(.text.osRtxPostProcess)
    osRtxThreadDelayTick                     0x08003809   Thumb Code    72  rtx_thread.o(.text.osRtxThreadDelayTick)
    osRtxThreadDispatch                      0x08003871   Thumb Code    80  rtx_thread.o(.text.osRtxThreadDispatch)
    osRtxThreadListGet                       0x08003937   Thumb Code    18  rtx_thread.o(.text.osRtxThreadListGet)
    osRtxThreadListPut                       0x08003949   Thumb Code    44  rtx_thread.o(.text.osRtxThreadListPut)
    osRtxThreadListRemove                    0x08003975   Thumb Code    20  rtx_thread.o(.text.osRtxThreadListRemove)
    osRtxThreadListSort                      0x08003995   Thumb Code    38  rtx_thread.o(.text.osRtxThreadListSort)
    osRtxThreadReadyPut                      0x080039e5   Thumb Code    16  rtx_thread.o(.text.osRtxThreadReadyPut)
    osRtxThreadRegPtr                        0x080039f9   Thumb Code    20  rtx_thread.o(.text.osRtxThreadRegPtr)
    osRtxThreadStartup                       0x08003a0d   Thumb Code    48  rtx_thread.o(.text.osRtxThreadStartup)
    osRtxThreadSwitch                        0x08003a45   Thumb Code    12  rtx_thread.o(.text.osRtxThreadSwitch)
    osRtxThreadWaitEnter                     0x08003a51   Thumb Code    56  rtx_thread.o(.text.osRtxThreadWaitEnter)
    osRtxThreadWaitExit                      0x08003a8d   Thumb Code    48  rtx_thread.o(.text.osRtxThreadWaitExit)
    osRtxTick_Handler                        0x08003abd   Thumb Code   116  rtx_system.o(.text.osRtxTick_Handler)
    osRtxTimerSetup                          0x08003b35   Thumb Code    24  rtx_timer.o(.text.osRtxTimerSetup)
    osRtxTimerThread                         0x08003b55   Thumb Code    32  rtx_timer.o(.text.osRtxTimerThread)
    osThreadExit                             0x08003be5   Thumb Code     8  rtx_thread.o(.text.osThreadExit)
    osThreadFlagsSet                         0x08003bf1   Thumb Code    84  rtx_thread.o(.text.osThreadFlagsSet)
    osThreadFlagsWait                        0x08003c49   Thumb Code    32  rtx_thread.o(.text.osThreadFlagsWait)
    osThreadNew                              0x08003c6d   Thumb Code    32  rtx_thread.o(.text.osThreadNew)
    osThreadYield                            0x08003c91   Thumb Code    32  rtx_thread.o(.text.osThreadYield)
    osTimerNew                               0x08003cb5   Thumb Code    32  rtx_timer.o(.text.osTimerNew)
    osTimerStart                             0x08003cd9   Thumb Code    32  rtx_timer.o(.text.osTimerStart)
    osTimerStop                              0x08003cfd   Thumb Code    32  rtx_timer.o(.text.osTimerStop)
    symbolToLocalBuffer                      0x080047e9   Thumb Code    28  lcd.o(.text.symbolToLocalBuffer)
    symbolToLocalBuffer_L1                   0x08004805   Thumb Code    96  lcd.o(.text.symbolToLocalBuffer_L1)
    symbolToLocalBuffer_L2                   0x08004865   Thumb Code   106  lcd.o(.text.symbolToLocalBuffer_L2)
    _is_digit                                0x080048cf   Thumb Code    14  __printf_wp.o(i._is_digit)
    _fp_init                                 0x080048dd   Thumb Code    26  fpinit.o(x$fpl$fpinit)
    __fplib_config_fpu_vfp                   0x080048f5   Thumb Code     0  fpinit.o(x$fpl$fpinit)
    __fplib_config_pureend_doubles           0x080048f5   Thumb Code     0  fpinit.o(x$fpl$fpinit)
    osRtxConfig                              0x080048f8   Data         112  rtx_lib.o(.rodata)
    os_cb_sections                           0x08004968   Data          56  rtx_lib.o(.rodata)
    AHBPrescTable                            0x080049a0   Data          16  system_stm32f4xx.o(.rodata.AHBPrescTable)
    APBPrescTable                            0x080049b0   Data           8  system_stm32f4xx.o(.rodata.APBPrescTable)
    Arial12x12                               0x080049b8   Data        2400  lcd.o(.rodata.Arial12x12)
    Driver_SPI1                              0x08005318   Data          44  spi_stm32f4xx.o(.rodata.Driver_SPI1)
    osRtxUserSVC                             0x0800535c   Data           4  rtx_lib.o(.rodata.osRtxUserSVC)
    Region$$Table$$Base                      0x080053cc   Number         0  anon$$obj.o(Region$$Table)
    Region$$Table$$Limit                     0x080053ec   Number         0  anon$$obj.o(Region$$Table)
    SystemCoreClock                          0x20000000   Data           4  system_stm32f4xx.o(.data.SystemCoreClock)
    osRtxInfo                                0x20000004   Data         164  rtx_kernel.o(.data.os)
    uwTickFreq                               0x200000a8   Data           1  stm32f4xx_hal.o(.data.uwTickFreq)
    uwTickPrio                               0x200000ac   Data           4  stm32f4xx_hal.o(.data.uwTickPrio)
    __libspace_start                         0x200000b0   Data          96  libspace.o(.bss)
    __temporary_stack_top$libspace           0x20000110   Data           0  libspace.o(.bss)
    mid_MsgQueue                             0x2000041c   Data           4  lcd.o(.bss.mid_MsgQueue)
    .bss.os.msgqueue.cb$$Base                0x2000ab74   Number         0  rtx_lib.o(.bss.os.msgqueue.cb)
    .bss.os.msgqueue.cb$$Limit               0x2000aba8   Number         0  rtx_lib.o(.bss.os.msgqueue.cb)
    .bss.os.thread.cb$$Base                  0x2000abf8   Number         0  rtx_lib.o(.bss.os.thread.cb)
    .bss.os.thread.cb$$Limit                 0x2000ac80   Number         0  rtx_lib.o(.bss.os.thread.cb)
    periodic_id                              0x2000b084   Data           4  rtc.o(.bss.periodic_id)
    tid_RTC                                  0x2000b0a4   Data           4  rtc.o(.bss.tid_RTC)
    tid_alarma                               0x2000b0a8   Data           4  rtc.o(.bss.tid_alarma)
    tid_lcd                                  0x2000b0ac   Data           4  lcd.o(.bss.tid_lcd)



==============================================================================

Memory Map of the image

  Image Entry point : 0x080001ad

  Load Region LR_IROM1 (Base: 0x08000000, Size: 0x000054a0, Max: 0x00200000, ABSOLUTE)

    Execution Region ER_IROM1 (Exec base: 0x08000000, Load base: 0x08000000, Size: 0x000053ec, Max: 0x00200000, ABSOLUTE)

    Exec Addr    Load Addr    Size         Type   Attr      Idx    E Section Name        Object

    0x08000000   0x08000000   0x000001ac   Data   RO         1193    RESET               startup_stm32f429xx.o
    0x080001ac   0x080001ac   0x00000008   Code   RO         1729  * !!!main             c_w.l(__main.o)
    0x080001b4   0x080001b4   0x00000034   Code   RO         1911    !!!scatter          c_w.l(__scatter.o)
    0x080001e8   0x080001e8   0x0000001a   Code   RO         1913    !!handler_copy      c_w.l(__scatter_copy.o)
    0x08000202   0x08000202   0x00000002   PAD
    0x08000204   0x08000204   0x0000001c   Code   RO         1915    !!handler_zi        c_w.l(__scatter_zi.o)
    0x08000220   0x08000220   0x00000000   Code   RO         1720    .ARM.Collect$$_printf_percent$$00000000  c_w.l(_printf_percent.o)
    0x08000220   0x08000220   0x00000006   Code   RO         1719    .ARM.Collect$$_printf_percent$$00000009  c_w.l(_printf_d.o)
    0x08000226   0x08000226   0x00000004   Code   RO         1742    .ARM.Collect$$_printf_percent$$00000017  c_w.l(_printf_percent_end.o)
    0x0800022a   0x0800022a   0x00000002   Code   RO         1775    .ARM.Collect$$libinit$$00000000  c_w.l(libinit.o)
    0x0800022c   0x0800022c   0x00000004   Code   RO         1787    .ARM.Collect$$libinit$$00000001  c_w.l(libinit2.o)
    0x08000230   0x08000230   0x00000000   Code   RO         1790    .ARM.Collect$$libinit$$00000004  c_w.l(libinit2.o)
    0x08000230   0x08000230   0x00000000   Code   RO         1793    .ARM.Collect$$libinit$$0000000A  c_w.l(libinit2.o)
    0x08000230   0x08000230   0x00000000   Code   RO         1795    .ARM.Collect$$libinit$$0000000C  c_w.l(libinit2.o)
    0x08000230   0x08000230   0x00000000   Code   RO         1797    .ARM.Collect$$libinit$$0000000E  c_w.l(libinit2.o)
    0x08000230   0x08000230   0x00000000   Code   RO         1800    .ARM.Collect$$libinit$$00000011  c_w.l(libinit2.o)
    0x08000230   0x08000230   0x00000000   Code   RO         1802    .ARM.Collect$$libinit$$00000013  c_w.l(libinit2.o)
    0x08000230   0x08000230   0x00000000   Code   RO         1804    .ARM.Collect$$libinit$$00000015  c_w.l(libinit2.o)
    0x08000230   0x08000230   0x00000000   Code   RO         1806    .ARM.Collect$$libinit$$00000017  c_w.l(libinit2.o)
    0x08000230   0x08000230   0x00000000   Code   RO         1808    .ARM.Collect$$libinit$$00000019  c_w.l(libinit2.o)
    0x08000230   0x08000230   0x00000000   Code   RO         1810    .ARM.Collect$$libinit$$0000001B  c_w.l(libinit2.o)
    0x08000230   0x08000230   0x00000000   Code   RO         1812    .ARM.Collect$$libinit$$0000001D  c_w.l(libinit2.o)
    0x08000230   0x08000230   0x00000000   Code   RO         1814    .ARM.Collect$$libinit$$0000001F  c_w.l(libinit2.o)
    0x08000230   0x08000230   0x00000000   Code   RO         1816    .ARM.Collect$$libinit$$00000021  c_w.l(libinit2.o)
    0x08000230   0x08000230   0x00000000   Code   RO         1818    .ARM.Collect$$libinit$$00000023  c_w.l(libinit2.o)
    0x08000230   0x08000230   0x00000000   Code   RO         1820    .ARM.Collect$$libinit$$00000025  c_w.l(libinit2.o)
    0x08000230   0x08000230   0x00000000   Code   RO         1824    .ARM.Collect$$libinit$$0000002C  c_w.l(libinit2.o)
    0x08000230   0x08000230   0x00000000   Code   RO         1826    .ARM.Collect$$libinit$$0000002E  c_w.l(libinit2.o)
    0x08000230   0x08000230   0x00000000   Code   RO         1828    .ARM.Collect$$libinit$$00000030  c_w.l(libinit2.o)
    0x08000230   0x08000230   0x00000000   Code   RO         1830    .ARM.Collect$$libinit$$00000032  c_w.l(libinit2.o)
    0x08000230   0x08000230   0x00000002   Code   RO         1831    .ARM.Collect$$libinit$$00000033  c_w.l(libinit2.o)
    0x08000232   0x08000232   0x00000002   Code   RO         1866    .ARM.Collect$$libshutdown$$00000000  c_w.l(libshutdown.o)
    0x08000234   0x08000234   0x00000000   Code   RO         1894    .ARM.Collect$$libshutdown$$00000002  c_w.l(libshutdown2.o)
    0x08000234   0x08000234   0x00000000   Code   RO         1896    .ARM.Collect$$libshutdown$$00000004  c_w.l(libshutdown2.o)
    0x08000234   0x08000234   0x00000000   Code   RO         1899    .ARM.Collect$$libshutdown$$00000007  c_w.l(libshutdown2.o)
    0x08000234   0x08000234   0x00000000   Code   RO         1902    .ARM.Collect$$libshutdown$$0000000A  c_w.l(libshutdown2.o)
    0x08000234   0x08000234   0x00000000   Code   RO         1904    .ARM.Collect$$libshutdown$$0000000C  c_w.l(libshutdown2.o)
    0x08000234   0x08000234   0x00000000   Code   RO         1907    .ARM.Collect$$libshutdown$$0000000F  c_w.l(libshutdown2.o)
    0x08000234   0x08000234   0x00000002   Code   RO         1908    .ARM.Collect$$libshutdown$$00000010  c_w.l(libshutdown2.o)
    0x08000236   0x08000236   0x00000000   Code   RO         1731    .ARM.Collect$$rtentry$$00000000  c_w.l(__rtentry.o)
    0x08000236   0x08000236   0x00000000   Code   RO         1746    .ARM.Collect$$rtentry$$00000002  c_w.l(__rtentry2.o)
    0x08000236   0x08000236   0x00000006   Code   RO         1758    .ARM.Collect$$rtentry$$00000004  c_w.l(__rtentry4.o)
    0x0800023c   0x0800023c   0x00000008   Code   RO         1747    .ARM.Collect$$rtentry$$00000008  c_w.l(__rtentry2.o)
    0x08000244   0x08000244   0x00000004   Code   RO         1749    .ARM.Collect$$rtentry$$0000000A  c_w.l(__rtentry2.o)
    0x08000248   0x08000248   0x00000000   Code   RO         1751    .ARM.Collect$$rtentry$$0000000C  c_w.l(__rtentry2.o)
    0x08000248   0x08000248   0x00000008   Code   RO         1752    .ARM.Collect$$rtentry$$0000000D  c_w.l(__rtentry2.o)
    0x08000250   0x08000250   0x00000002   Code   RO         1779    .ARM.Collect$$rtexit$$00000000  c_w.l(rtexit.o)
    0x08000252   0x08000252   0x00000000   Code   RO         1837    .ARM.Collect$$rtexit$$00000002  c_w.l(rtexit2.o)
    0x08000252   0x08000252   0x00000004   Code   RO         1838    .ARM.Collect$$rtexit$$00000003  c_w.l(rtexit2.o)
    0x08000256   0x08000256   0x00000006   Code   RO         1839    .ARM.Collect$$rtexit$$00000004  c_w.l(rtexit2.o)
    0x0800025c   0x0800025c   0x00000040   Code   RO         1194    .text               startup_stm32f429xx.o
    0x0800029c   0x0800029c   0x000000c8   Code   RO         1571    .text               RTX_CM4F.lib(irq_armv7m.o)
    0x08000364   0x08000364   0x000000f0   Code   RO         1687    .text               c_w.l(lludivv7m.o)
    0x08000454   0x08000454   0x00000028   Code   RO         1691    .text               c_w.l(noretval__2sprintf.o)
    0x0800047c   0x0800047c   0x0000004e   Code   RO         1695    .text               c_w.l(_printf_pad.o)
    0x080004ca   0x080004ca   0x00000002   PAD
    0x080004cc   0x080004cc   0x00000078   Code   RO         1697    .text               c_w.l(_printf_dec.o)
    0x08000544   0x08000544   0x0000010e   Code   RO         1707    .text               c_w.l(__printf_wp.o)
    0x08000652   0x08000652   0x0000008a   Code   RO         1721    .text               c_w.l(rt_memcpy_v6.o)
    0x080006dc   0x080006dc   0x00000044   Code   RO         1723    .text               c_w.l(rt_memclr.o)
    0x08000720   0x08000720   0x0000004e   Code   RO         1725    .text               c_w.l(rt_memclr_w.o)
    0x0800076e   0x0800076e   0x00000006   Code   RO         1727    .text               c_w.l(heapauxi.o)
    0x08000774   0x08000774   0x000000b2   Code   RO         1736    .text               c_w.l(_printf_intcommon.o)
    0x08000826   0x08000826   0x00000002   PAD
    0x08000828   0x08000828   0x00000030   Code   RO         1738    .text               c_w.l(_printf_char_common.o)
    0x08000858   0x08000858   0x0000000a   Code   RO         1740    .text               c_w.l(_sputc.o)
    0x08000862   0x08000862   0x00000064   Code   RO         1743    .text               c_w.l(rt_memcpy_w.o)
    0x080008c6   0x080008c6   0x0000004a   Code   RO         1764    .text               c_w.l(sys_stackheap_outer.o)
    0x08000910   0x08000910   0x00000012   Code   RO         1766    .text               c_w.l(exit.o)
    0x08000922   0x08000922   0x00000002   PAD
    0x08000924   0x08000924   0x00000008   Code   RO         1776    .text               c_w.l(libspace.o)
    0x0800092c   0x0800092c   0x0000000c   Code   RO         1832    .text               c_w.l(sys_exit.o)
    0x08000938   0x08000938   0x00000002   Code   RO         1855    .text               c_w.l(use_no_semi.o)
    0x0800093a   0x0800093a   0x00000000   Code   RO         1857    .text               c_w.l(indicate_semi.o)
    0x0800093a   0x0800093a   0x00000002   PAD
    0x0800093c   0x0800093c   0x00000002   Code   RO           78    .text.BusFault_Handler  stm32f4xx_it.o
    0x0800093e   0x0800093e   0x00000002   PAD
    0x08000940   0x08000940   0x00000002   Code   RO           82    .text.DebugMon_Handler  stm32f4xx_it.o
    0x08000942   0x08000942   0x00000002   PAD
    0x08000944   0x08000944   0x00000012   Code   RO          237    .text.Disable_SPI_Clock  spi_stm32f4xx.o
    0x08000956   0x08000956   0x00000002   PAD
    0x08000958   0x08000958   0x00000164   Code   RO          227    .text.Enable_GPIO_Clock  spi_stm32f4xx.o
    0x08000abc   0x08000abc   0x00000024   Code   RO          239    .text.Enable_SPI_Clock  spi_stm32f4xx.o
    0x08000ae0   0x08000ae0   0x0000000a   Code   RO            8    .text.Error_Handler  main.o
    0x08000aea   0x08000aea   0x00000002   PAD
    0x08000aec   0x08000aec   0x00000106   Code   RO          468    .text.HAL_GPIO_DeInit  stm32f4xx_hal_gpio.o
    0x08000bf2   0x08000bf2   0x00000002   PAD
    0x08000bf4   0x08000bf4   0x0000019a   Code   RO          466    .text.HAL_GPIO_Init  stm32f4xx_hal_gpio.o
    0x08000d8e   0x08000d8e   0x00000002   PAD
    0x08000d90   0x08000d90   0x0000000e   Code   RO          474    .text.HAL_GPIO_TogglePin  stm32f4xx_hal_gpio.o
    0x08000d9e   0x08000d9e   0x00000002   PAD
    0x08000da0   0x08000da0   0x0000000a   Code   RO          472    .text.HAL_GPIO_WritePin  stm32f4xx_hal_gpio.o
    0x08000daa   0x08000daa   0x00000002   PAD
    0x08000dac   0x08000dac   0x00000050   Code   RO            2    .text.HAL_GetTick   main.o
    0x08000dfc   0x08000dfc   0x0000002e   Code   RO          271    .text.HAL_Init      stm32f4xx_hal.o
    0x08000e2a   0x08000e2a   0x00000002   PAD
    0x08000e2c   0x08000e2c   0x00000050   Code   RO          273    .text.HAL_InitTick  stm32f4xx_hal.o
    0x08000e7c   0x08000e7c   0x00000002   Code   RO          275    .text.HAL_MspInit   stm32f4xx_hal.o
    0x08000e7e   0x08000e7e   0x00000002   PAD
    0x08000e80   0x08000e80   0x00000008   Code   RO          356    .text.HAL_NVIC_DisableIRQ  stm32f4xx_hal_cortex.o
    0x08000e88   0x08000e88   0x00000008   Code   RO          352    .text.HAL_NVIC_EnableIRQ  stm32f4xx_hal_cortex.o
    0x08000e90   0x08000e90   0x0000001e   Code   RO          344    .text.HAL_NVIC_SetPriority  stm32f4xx_hal_cortex.o
    0x08000eae   0x08000eae   0x00000002   PAD
    0x08000eb0   0x08000eb0   0x00000008   Code   RO          340    .text.HAL_NVIC_SetPriorityGrouping  stm32f4xx_hal_cortex.o
    0x08000eb8   0x08000eb8   0x0000007a   Code   RO          544    .text.HAL_PWREx_EnableOverDrive  stm32f4xx_hal_pwr_ex.o
    0x08000f32   0x08000f32   0x00000002   PAD
    0x08000f34   0x08000f34   0x0000000c   Code   RO          492    .text.HAL_PWR_EnableBkUpAccess  stm32f4xx_hal_pwr.o
    0x08000f40   0x08000f40   0x00000160   Code   RO          562    .text.HAL_RCC_ClockConfig  stm32f4xx_hal_rcc.o
    0x080010a0   0x080010a0   0x0000000c   Code   RO          572    .text.HAL_RCC_GetHCLKFreq  stm32f4xx_hal_rcc.o
    0x080010ac   0x080010ac   0x00000022   Code   RO          576    .text.HAL_RCC_GetPCLK2Freq  stm32f4xx_hal_rcc.o
    0x080010ce   0x080010ce   0x00000002   PAD
    0x080010d0   0x080010d0   0x0000006a   Code   RO          564    .text.HAL_RCC_GetSysClockFreq  stm32f4xx_hal_rcc.o
    0x0800113a   0x0800113a   0x00000002   PAD
    0x0800113c   0x0800113c   0x00000334   Code   RO          560    .text.HAL_RCC_OscConfig  stm32f4xx_hal_rcc.o
    0x08001470   0x08001470   0x00000002   Code   RO          732    .text.HAL_RTCEx_AlarmBEventCallback  stm32f4xx_hal_rtc_ex.o
    0x08001472   0x08001472   0x00000002   PAD
    0x08001474   0x08001474   0x0000000a   Code   RO          710    .text.HAL_RTCEx_BKUPRead  stm32f4xx_hal_rtc_ex.o
    0x0800147e   0x0800147e   0x00000002   PAD
    0x08001480   0x08001480   0x0000000a   Code   RO          708    .text.HAL_RTCEx_BKUPWrite  stm32f4xx_hal_rtc_ex.o
    0x0800148a   0x0800148a   0x00000002   PAD
    0x0800148c   0x0800148c   0x00000014   Code   RO          107    .text.HAL_RTC_AlarmAEventCallback  rtc.o
    0x080014a0   0x080014a0   0x00000064   Code   RO          650    .text.HAL_RTC_AlarmIRQHandler  stm32f4xx_hal_rtc.o
    0x08001504   0x08001504   0x00000042   Code   RO          640    .text.HAL_RTC_GetDate  stm32f4xx_hal_rtc.o
    0x08001546   0x08001546   0x00000002   PAD
    0x08001548   0x08001548   0x00000050   Code   RO          634    .text.HAL_RTC_GetTime  stm32f4xx_hal_rtc.o
    0x08001598   0x08001598   0x000000a0   Code   RO          618    .text.HAL_RTC_Init  stm32f4xx_hal_rtc.o
    0x08001638   0x08001638   0x00000002   Code   RO          620    .text.HAL_RTC_MspInit  stm32f4xx_hal_rtc.o
    0x0800163a   0x0800163a   0x00000002   PAD
    0x0800163c   0x0800163c   0x00000170   Code   RO          644    .text.HAL_RTC_SetAlarm_IT  stm32f4xx_hal_rtc.o
    0x080017ac   0x080017ac   0x000000aa   Code   RO          638    .text.HAL_RTC_SetDate  stm32f4xx_hal_rtc.o
    0x08001856   0x08001856   0x00000002   PAD
    0x08001858   0x08001858   0x000000d2   Code   RO          630    .text.HAL_RTC_SetTime  stm32f4xx_hal_rtc.o
    0x0800192a   0x0800192a   0x00000002   PAD
    0x0800192c   0x0800192c   0x00000030   Code   RO          624    .text.HAL_RTC_WaitForSynchro  stm32f4xx_hal_rtc.o
    0x0800195c   0x0800195c   0x00000008   Code   RO          364    .text.HAL_SYSTICK_Config  stm32f4xx_hal_cortex.o
    0x08001964   0x08001964   0x00000036   Code   RO          870    .text.HAL_TIM_Base_Init  stm32f4xx_hal_tim.o
    0x0800199a   0x0800199a   0x00000002   PAD
    0x0800199c   0x0800199c   0x00000002   Code   RO          872    .text.HAL_TIM_Base_MspInit  stm32f4xx_hal_tim.o
    0x0800199e   0x0800199e   0x00000002   PAD
    0x080019a0   0x080019a0   0x00000026   Code   RO          880    .text.HAL_TIM_Base_Start  stm32f4xx_hal_tim.o
    0x080019c6   0x080019c6   0x00000002   PAD
    0x080019c8   0x080019c8   0x00000030   Code   RO          882    .text.HAL_TIM_Base_Stop  stm32f4xx_hal_tim.o
    0x080019f8   0x080019f8   0x00000002   Code   RO           74    .text.HardFault_Handler  stm32f4xx_it.o
    0x080019fa   0x080019fa   0x00000002   PAD
    0x080019fc   0x080019fc   0x0000002c   Code   RO           20    .text.Init_LCD      lcd.o
    0x08001a28   0x08001a28   0x00000062   Code   RO           91    .text.Init_RTC      rtc.o
    0x08001a8a   0x08001a8a   0x00000002   PAD
    0x08001a8c   0x08001a8c   0x00000056   Code   RO           22    .text.LCD           lcd.o
    0x08001ae2   0x08001ae2   0x00000002   PAD
    0x08001ae4   0x08001ae4   0x0000004c   Code   RO           26    .text.LCD_Init      lcd.o
    0x08001b30   0x08001b30   0x00000084   Code   RO           24    .text.LCD_reset     lcd.o
    0x08001bb4   0x08001bb4   0x0000009a   Code   RO           28    .text.LCD_update    lcd.o
    0x08001c4e   0x08001c4e   0x00000002   PAD
    0x08001c50   0x08001c50   0x00000056   Code   RO           46    .text.LCD_wr_cmd    lcd.o
    0x08001ca6   0x08001ca6   0x00000002   PAD
    0x08001ca8   0x08001ca8   0x00000056   Code   RO           44    .text.LCD_wr_data   lcd.o
    0x08001cfe   0x08001cfe   0x00000002   PAD
    0x08001d00   0x08001d00   0x00000066   Code   RO          127    .text.LED_Initialize  led_nucleo_f429zi.o
    0x08001d66   0x08001d66   0x00000002   PAD
    0x08001d68   0x08001d68   0x00000028   Code   RO          133    .text.LED_Off       led_nucleo_f429zi.o
    0x08001d90   0x08001d90   0x00000028   Code   RO          131    .text.LED_On        led_nucleo_f429zi.o
    0x08001db8   0x08001db8   0x00000028   Code   RO          135    .text.LED_SetOut    led_nucleo_f429zi.o
    0x08001de0   0x08001de0   0x00000002   Code   RO           76    .text.MemManage_Handler  stm32f4xx_it.o
    0x08001de2   0x08001de2   0x00000040   Code   RO         1554    .text.MessageQueueGet  RTX_CM4F.lib(rtx_msgqueue.o)
    0x08001e22   0x08001e22   0x00000058   Code   RO         1548    .text.MessageQueuePut  RTX_CM4F.lib(rtx_msgqueue.o)
    0x08001e7a   0x08001e7a   0x0000001c   Code   RO         1546    .text.MessageQueueRemove  RTX_CM4F.lib(rtx_msgqueue.o)
    0x08001e96   0x08001e96   0x00000002   PAD
    0x08001e98   0x08001e98   0x00000002   Code   RO           72    .text.NMI_Handler   stm32f4xx_it.o
    0x08001e9a   0x08001e9a   0x00000002   PAD
    0x08001e9c   0x08001e9c   0x0000002c   Code   RO          350    .text.NVIC_EncodePriority  stm32f4xx_hal_cortex.o
    0x08001ec8   0x08001ec8   0x00000008   Code   RO         1665    .text.OS_Tick_AcknowledgeIRQ  RTX_CM4F.lib(os_systick.o)
    0x08001ed0   0x08001ed0   0x00000024   Code   RO         1661    .text.OS_Tick_Enable  RTX_CM4F.lib(os_systick.o)
    0x08001ef4   0x08001ef4   0x00000006   Code   RO         1667    .text.OS_Tick_GetIRQn  RTX_CM4F.lib(os_systick.o)
    0x08001efa   0x08001efa   0x00000002   PAD
    0x08001efc   0x08001efc   0x00000040   Code   RO         1659    .text.OS_Tick_Setup  RTX_CM4F.lib(os_systick.o)
    0x08001f3c   0x08001f3c   0x0000000c   Code   RO         1274    .text.OUTLINED_FUNCTION_0  RTX_CM4F.lib(rtx_kernel.o)
    0x08001f48   0x08001f48   0x00000006   Code   RO         1416    .text.OUTLINED_FUNCTION_0  RTX_CM4F.lib(rtx_thread.o)
    0x08001f4e   0x08001f4e   0x0000000c   Code   RO         1562    .text.OUTLINED_FUNCTION_0  RTX_CM4F.lib(rtx_msgqueue.o)
    0x08001f5a   0x08001f5a   0x00000006   Code   RO         1276    .text.OUTLINED_FUNCTION_1  RTX_CM4F.lib(rtx_kernel.o)
    0x08001f60   0x08001f60   0x00000050   Code   RO          103    .text.RTC_Alarm_Config  rtc.o
    0x08001fb0   0x08001fb0   0x00000010   Code   RO          105    .text.RTC_Alarm_IRQHandler  rtc.o
    0x08001fc0   0x08001fc0   0x00000012   Code   RO          636    .text.RTC_Bcd2ToByte  stm32f4xx_hal_rtc.o
    0x08001fd2   0x08001fd2   0x00000002   PAD
    0x08001fd4   0x08001fd4   0x0000002e   Code   RO          632    .text.RTC_ByteToBcd2  stm32f4xx_hal_rtc.o
    0x08002002   0x08002002   0x00000002   PAD
    0x08002004   0x08002004   0x0000005e   Code   RO          109    .text.RTC_CalendarConfig  rtc.o
    0x08002062   0x08002062   0x00000002   PAD
    0x08002064   0x08002064   0x0000007c   Code   RO          101    .text.RTC_CalendarShow  rtc.o
    0x080020e0   0x080020e0   0x00000064   Code   RO           99    .text.RTC_Config    rtc.o
    0x08002144   0x08002144   0x00000034   Code   RO          622    .text.RTC_EnterInitMode  stm32f4xx_hal_rtc.o
    0x08002178   0x08002178   0x00000008   Code   RO          217    .text.SPI1_Control  spi_stm32f4xx.o
    0x08002180   0x08002180   0x00000008   Code   RO          215    .text.SPI1_GetDataCount  spi_stm32f4xx.o
    0x08002188   0x08002188   0x00000008   Code   RO          219    .text.SPI1_GetStatus  spi_stm32f4xx.o
    0x08002190   0x08002190   0x00000008   Code   RO          195    .text.SPI1_IRQHandler  spi_stm32f4xx.o
    0x08002198   0x08002198   0x0000000a   Code   RO          203    .text.SPI1_Initialize  spi_stm32f4xx.o
    0x080021a2   0x080021a2   0x00000002   PAD
    0x080021a4   0x080021a4   0x00000008   Code   RO          207    .text.SPI1_PowerControl  spi_stm32f4xx.o
    0x080021ac   0x080021ac   0x00000008   Code   RO          211    .text.SPI1_Receive  spi_stm32f4xx.o
    0x080021b4   0x080021b4   0x00000008   Code   RO          209    .text.SPI1_Send     spi_stm32f4xx.o
    0x080021bc   0x080021bc   0x00000008   Code   RO          213    .text.SPI1_Transfer  spi_stm32f4xx.o
    0x080021c4   0x080021c4   0x0000000a   Code   RO          205    .text.SPI1_Uninitialize  spi_stm32f4xx.o
    0x080021ce   0x080021ce   0x00000002   PAD
    0x080021d0   0x080021d0   0x00000004   Code   RO          201    .text.SPIX_GetCapabilities  spi_stm32f4xx.o
    0x080021d4   0x080021d4   0x0000000a   Code   RO          199    .text.SPIX_GetVersion  spi_stm32f4xx.o
    0x080021de   0x080021de   0x00000002   PAD
    0x080021e0   0x080021e0   0x000002d8   Code   RO          233    .text.SPI_Control   spi_stm32f4xx.o
    0x080024b8   0x080024b8   0x0000000c   Code   RO          251    .text.SPI_GetDataCount  spi_stm32f4xx.o
    0x080024c4   0x080024c4   0x00000028   Code   RO          253    .text.SPI_GetStatus  spi_stm32f4xx.o
    0x080024ec   0x080024ec   0x000000f0   Code   RO          197    .text.SPI_IRQHandler  spi_stm32f4xx.o
    0x080025dc   0x080025dc   0x000000ae   Code   RO          225    .text.SPI_Initialize  spi_stm32f4xx.o
    0x0800268a   0x0800268a   0x00000002   PAD
    0x0800268c   0x0800268c   0x00000022   Code   RO          235    .text.SPI_PeripheralReset  spi_stm32f4xx.o
    0x080026ae   0x080026ae   0x00000002   PAD
    0x080026b0   0x080026b0   0x000000c2   Code   RO          231    .text.SPI_PowerControl  spi_stm32f4xx.o
    0x08002772   0x08002772   0x00000002   PAD
    0x08002774   0x08002774   0x00000082   Code   RO          247    .text.SPI_Receive   spi_stm32f4xx.o
    0x080027f6   0x080027f6   0x00000002   PAD
    0x080027f8   0x080027f8   0x0000005a   Code   RO          221    .text.SPI_RxData    spi_stm32f4xx.o
    0x08002852   0x08002852   0x00000002   PAD
    0x08002854   0x08002854   0x00000082   Code   RO          245    .text.SPI_Send      spi_stm32f4xx.o
    0x080028d6   0x080028d6   0x00000002   PAD
    0x080028d8   0x080028d8   0x0000003a   Code   RO          249    .text.SPI_Transfer  spi_stm32f4xx.o
    0x08002912   0x08002912   0x00000002   PAD
    0x08002914   0x08002914   0x0000005c   Code   RO          223    .text.SPI_TxData    spi_stm32f4xx.o
    0x08002970   0x08002970   0x00000034   Code   RO          229    .text.SPI_Uninitialize  spi_stm32f4xx.o
    0x080029a4   0x080029a4   0x0000002e   Code   RO          366    .text.SysTick_Config  stm32f4xx_hal_cortex.o
    0x080029d2   0x080029d2   0x00000002   PAD
    0x080029d4   0x080029d4   0x0000009c   Code   RO            6    .text.SystemClock_Config  main.o
    0x08002a70   0x08002a70   0x0000007e   Code   RO         1203    .text.SystemCoreClockUpdate  system_stm32f4xx.o
    0x08002aee   0x08002aee   0x00000002   PAD
    0x08002af0   0x08002af0   0x0000001a   Code   RO         1201    .text.SystemInit    system_stm32f4xx.o
    0x08002b0a   0x08002b0a   0x00000002   PAD
    0x08002b0c   0x08002b0c   0x00000124   Code   RO          874    .text.TIM_Base_SetConfig  stm32f4xx_hal_tim.o
    0x08002c30   0x08002c30   0x0000005a   Code   RO           95    .text.ThAlarma      rtc.o
    0x08002c8a   0x08002c8a   0x00000002   PAD
    0x08002c8c   0x08002c8c   0x0000006e   Code   RO           93    .text.ThRTC         rtc.o
    0x08002cfa   0x08002cfa   0x00000064   Code   RO         1368    .text.ThreadFlagsCheck  RTX_CM4F.lib(rtx_thread.o)
    0x08002d5e   0x08002d5e   0x00000002   PAD
    0x08002d60   0x08002d60   0x00000044   Code   RO         1452    .text.TimerInsert   RTX_CM4F.lib(rtx_timer.o)
    0x08002da4   0x08002da4   0x00000024   Code   RO         1460    .text.TimerRemove   RTX_CM4F.lib(rtx_timer.o)
    0x08002dc8   0x08002dc8   0x00000002   Code   RO           80    .text.UsageFault_Handler  stm32f4xx_it.o
    0x08002dca   0x08002dca   0x00000002   PAD
    0x08002dcc   0x08002dcc   0x0000000e   Code   RO          241    .text.__NVIC_ClearPendingIRQ  spi_stm32f4xx.o
    0x08002dda   0x08002dda   0x00000002   PAD
    0x08002ddc   0x08002ddc   0x00000028   Code   RO          358    .text.__NVIC_DisableIRQ  stm32f4xx_hal_cortex.o
    0x08002e04   0x08002e04   0x0000000e   Code   RO          243    .text.__NVIC_EnableIRQ  spi_stm32f4xx.o
    0x08002e12   0x08002e12   0x00000002   PAD
    0x08002e14   0x08002e14   0x00000020   Code   RO          354    .text.__NVIC_EnableIRQ  stm32f4xx_hal_cortex.o
    0x08002e34   0x08002e34   0x00000010   Code   RO          346    .text.__NVIC_GetPriorityGrouping  stm32f4xx_hal_cortex.o
    0x08002e44   0x08002e44   0x00000022   Code   RO          348    .text.__NVIC_SetPriority  stm32f4xx_hal_cortex.o
    0x08002e66   0x08002e66   0x00000002   PAD
    0x08002e68   0x08002e68   0x00000020   Code   RO          342    .text.__NVIC_SetPriorityGrouping  stm32f4xx_hal_cortex.o
    0x08002e88   0x08002e88   0x0000001a   Code   RO          156    .text._mutex_acquire  rtx_lib.o
    0x08002ea2   0x08002ea2   0x00000002   PAD
    0x08002ea4   0x08002ea4   0x0000000a   Code   RO          160    .text._mutex_free   rtx_lib.o
    0x08002eae   0x08002eae   0x00000002   PAD
    0x08002eb0   0x08002eb0   0x00000020   Code   RO          154    .text._mutex_initialize  rtx_lib.o
    0x08002ed0   0x08002ed0   0x00000016   Code   RO          158    .text._mutex_release  rtx_lib.o
    0x08002ee6   0x08002ee6   0x00000002   PAD
    0x08002ee8   0x08002ee8   0x00000008   Code   RO          148    .text._platform_post_stackheap_init  rtx_lib.o
    0x08002ef0   0x08002ef0   0x00000070   Code   RO           42    .text.delay         lcd.o
    0x08002f60   0x08002f60   0x00000042   Code   RO           32    .text.escribirLCD   lcd.o
    0x08002fa2   0x08002fa2   0x00000002   PAD
    0x08002fa4   0x08002fa4   0x00000044   Code   RO           38    .text.initPIN_A0    lcd.o
    0x08002fe8   0x08002fe8   0x00000044   Code   RO           36    .text.initPIN_CS    lcd.o
    0x0800302c   0x0800302c   0x00000040   Code   RO           40    .text.initPIN_RESET  lcd.o
    0x0800306c   0x0800306c   0x0000002c   Code   RO           30    .text.limpiarBuffer  lcd.o
    0x08003098   0x08003098   0x00000018   Code   RO           34    .text.lineReset     lcd.o
    0x080030b0   0x080030b0   0x00000022   Code   RO            4    .text.main          main.o
    0x080030d2   0x080030d2   0x00000002   PAD
    0x080030d4   0x080030d4   0x0000002c   Code   RO         1226    .text.osKernelGetState  RTX_CM4F.lib(rtx_kernel.o)
    0x08003100   0x08003100   0x00000028   Code   RO         1242    .text.osKernelGetTickCount  RTX_CM4F.lib(rtx_kernel.o)
    0x08003128   0x08003128   0x0000002c   Code   RO         1220    .text.osKernelInitialize  RTX_CM4F.lib(rtx_kernel.o)
    0x08003154   0x08003154   0x00000024   Code   RO         1230    .text.osKernelStart  RTX_CM4F.lib(rtx_kernel.o)
    0x08003178   0x08003178   0x00000070   Code   RO         1522    .text.osMessageQueueGet  RTX_CM4F.lib(rtx_msgqueue.o)
    0x080031e8   0x080031e8   0x00000024   Code   RO         1516    .text.osMessageQueueNew  RTX_CM4F.lib(rtx_msgqueue.o)
    0x0800320c   0x0800320c   0x00000080   Code   RO         1520    .text.osMessageQueuePut  RTX_CM4F.lib(rtx_msgqueue.o)
    0x0800328c   0x0800328c   0x00000024   Code   RO         1484    .text.osMutexAcquire  RTX_CM4F.lib(rtx_mutex.o)
    0x080032b0   0x080032b0   0x00000024   Code   RO         1490    .text.osMutexDelete  RTX_CM4F.lib(rtx_mutex.o)
    0x080032d4   0x080032d4   0x00000024   Code   RO         1480    .text.osMutexNew    RTX_CM4F.lib(rtx_mutex.o)
    0x080032f8   0x080032f8   0x00000024   Code   RO         1486    .text.osMutexRelease  RTX_CM4F.lib(rtx_mutex.o)
    0x0800331c   0x0800331c   0x00000002   Code   RO          186    .text.osRtxErrorNotify  rtx_config.o
    0x0800331e   0x0800331e   0x00000002   PAD
    0x08003320   0x08003320   0x00000002   Code   RO          184    .text.osRtxIdleThread  rtx_config.o
    0x08003322   0x08003322   0x00000004   Code   RO         1218    .text.osRtxKernelErrorNotify  RTX_CM4F.lib(rtx_kernel.o)
    0x08003326   0x08003326   0x00000002   Code   RO         1216    .text.osRtxKernelPreInit  RTX_CM4F.lib(rtx_kernel.o)
    0x08003328   0x08003328   0x0000006c   Code   RO         1581    .text.osRtxMemoryAlloc  RTX_CM4F.lib(rtx_memory.o)
    0x08003394   0x08003394   0x00000042   Code   RO         1583    .text.osRtxMemoryFree  RTX_CM4F.lib(rtx_memory.o)
    0x080033d6   0x080033d6   0x00000036   Code   RO         1579    .text.osRtxMemoryInit  RTX_CM4F.lib(rtx_memory.o)
    0x0800340c   0x0800340c   0x0000003a   Code   RO         1595    .text.osRtxMemoryPoolAlloc  RTX_CM4F.lib(rtx_mempool.o)
    0x08003446   0x08003446   0x0000004a   Code   RO         1597    .text.osRtxMemoryPoolFree  RTX_CM4F.lib(rtx_mempool.o)
    0x08003490   0x08003490   0x00000038   Code   RO         1593    .text.osRtxMemoryPoolInit  RTX_CM4F.lib(rtx_mempool.o)
    0x080034c8   0x080034c8   0x000000aa   Code   RO         1544    .text.osRtxMessageQueuePostProcess  RTX_CM4F.lib(rtx_msgqueue.o)
    0x08003572   0x08003572   0x00000002   PAD
    0x08003574   0x08003574   0x00000024   Code   RO         1512    .text.osRtxMessageQueueTimerSetup  RTX_CM4F.lib(rtx_msgqueue.o)
    0x08003598   0x08003598   0x00000048   Code   RO         1476    .text.osRtxMutexOwnerRelease  RTX_CM4F.lib(rtx_mutex.o)
    0x080035e0   0x080035e0   0x00000042   Code   RO         1478    .text.osRtxMutexOwnerRestore  RTX_CM4F.lib(rtx_mutex.o)
    0x08003622   0x08003622   0x00000002   PAD
    0x08003624   0x08003624   0x00000088   Code   RO         1647    .text.osRtxPendSV_Handler  RTX_CM4F.lib(rtx_system.o)
    0x080036ac   0x080036ac   0x00000070   Code   RO         1649    .text.osRtxPostProcess  RTX_CM4F.lib(rtx_system.o)
    0x0800371c   0x0800371c   0x00000034   Code   RO         1308    .text.osRtxThreadBlock  RTX_CM4F.lib(rtx_thread.o)
    0x08003750   0x08003750   0x0000007c   Code   RO         1316    .text.osRtxThreadDelayInsert  RTX_CM4F.lib(rtx_thread.o)
    0x080037cc   0x080037cc   0x0000003c   Code   RO         1312    .text.osRtxThreadDelayRemove  RTX_CM4F.lib(rtx_thread.o)
    0x08003808   0x08003808   0x00000048   Code   RO         1298    .text.osRtxThreadDelayTick  RTX_CM4F.lib(rtx_thread.o)
    0x08003850   0x08003850   0x00000020   Code   RO         1400    .text.osRtxThreadDestroy  RTX_CM4F.lib(rtx_thread.o)
    0x08003870   0x08003870   0x00000050   Code   RO         1306    .text.osRtxThreadDispatch  RTX_CM4F.lib(rtx_thread.o)
    0x080038c0   0x080038c0   0x00000058   Code   RO         1392    .text.osRtxThreadFree  RTX_CM4F.lib(rtx_thread.o)
    0x08003918   0x08003918   0x0000001e   Code   RO         1398    .text.osRtxThreadJoinWakeup  RTX_CM4F.lib(rtx_thread.o)
    0x08003936   0x08003936   0x00000012   Code   RO         1290    .text.osRtxThreadListGet  RTX_CM4F.lib(rtx_thread.o)
    0x08003948   0x08003948   0x0000002c   Code   RO         1288    .text.osRtxThreadListPut  RTX_CM4F.lib(rtx_thread.o)
    0x08003974   0x08003974   0x00000014   Code   RO         1294    .text.osRtxThreadListRemove  RTX_CM4F.lib(rtx_thread.o)
    0x08003988   0x08003988   0x0000000c   Code   RO         1300    .text.osRtxThreadListRoot  RTX_CM4F.lib(rtx_thread.o)
    0x08003994   0x08003994   0x00000026   Code   RO         1292    .text.osRtxThreadListSort  RTX_CM4F.lib(rtx_thread.o)
    0x080039ba   0x080039ba   0x00000028   Code   RO         1366    .text.osRtxThreadPostProcess  RTX_CM4F.lib(rtx_thread.o)
    0x080039e2   0x080039e2   0x00000002   PAD
    0x080039e4   0x080039e4   0x00000014   Code   RO         1296    .text.osRtxThreadReadyPut  RTX_CM4F.lib(rtx_thread.o)
    0x080039f8   0x080039f8   0x00000014   Code   RO         1302    .text.osRtxThreadRegPtr  RTX_CM4F.lib(rtx_thread.o)
    0x08003a0c   0x08003a0c   0x00000038   Code   RO         1318    .text.osRtxThreadStartup  RTX_CM4F.lib(rtx_thread.o)
    0x08003a44   0x08003a44   0x0000000c   Code   RO         1304    .text.osRtxThreadSwitch  RTX_CM4F.lib(rtx_thread.o)
    0x08003a50   0x08003a50   0x0000003c   Code   RO         1314    .text.osRtxThreadWaitEnter  RTX_CM4F.lib(rtx_thread.o)
    0x08003a8c   0x08003a8c   0x00000030   Code   RO         1310    .text.osRtxThreadWaitExit  RTX_CM4F.lib(rtx_thread.o)
    0x08003abc   0x08003abc   0x00000078   Code   RO         1645    .text.osRtxTick_Handler  RTX_CM4F.lib(rtx_system.o)
    0x08003b34   0x08003b34   0x00000020   Code   RO         1434    .text.osRtxTimerSetup  RTX_CM4F.lib(rtx_timer.o)
    0x08003b54   0x08003b54   0x00000020   Code   RO         1438    .text.osRtxTimerThread  RTX_CM4F.lib(rtx_timer.o)
    0x08003b74   0x08003b74   0x00000070   Code   RO         1436    .text.osRtxTimerTick  RTX_CM4F.lib(rtx_timer.o)
    0x08003be4   0x08003be4   0x0000000c   Code   RO         1350    .text.osThreadExit  RTX_CM4F.lib(rtx_thread.o)
    0x08003bf0   0x08003bf0   0x00000058   Code   RO         1358    .text.osThreadFlagsSet  RTX_CM4F.lib(rtx_thread.o)
    0x08003c48   0x08003c48   0x00000024   Code   RO         1364    .text.osThreadFlagsWait  RTX_CM4F.lib(rtx_thread.o)
    0x08003c6c   0x08003c6c   0x00000024   Code   RO         1322    .text.osThreadNew   RTX_CM4F.lib(rtx_thread.o)
    0x08003c90   0x08003c90   0x00000024   Code   RO         1340    .text.osThreadYield  RTX_CM4F.lib(rtx_thread.o)
    0x08003cb4   0x08003cb4   0x00000024   Code   RO         1440    .text.osTimerNew    RTX_CM4F.lib(rtx_timer.o)
    0x08003cd8   0x08003cd8   0x00000024   Code   RO         1444    .text.osTimerStart  RTX_CM4F.lib(rtx_timer.o)
    0x08003cfc   0x08003cfc   0x00000024   Code   RO         1446    .text.osTimerStop   RTX_CM4F.lib(rtx_timer.o)
    0x08003d20   0x08003d20   0x0000001e   Code   RO          152    .text.os_kernel_is_active  rtx_lib.o
    0x08003d3e   0x08003d3e   0x00000002   PAD
    0x08003d40   0x08003d40   0x00000014   Code   RO           97    .text.periodic_Callback  rtc.o
    0x08003d54   0x08003d54   0x00000008   Code   RO         1228    .text.svcRtxKernelGetState  RTX_CM4F.lib(rtx_kernel.o)
    0x08003d5c   0x08003d5c   0x0000000c   Code   RO         1244    .text.svcRtxKernelGetTickCount  RTX_CM4F.lib(rtx_kernel.o)
    0x08003d68   0x08003d68   0x000000fc   Code   RO         1258    .text.svcRtxKernelInitialize  RTX_CM4F.lib(rtx_kernel.o)
    0x08003e64   0x08003e64   0x00000088   Code   RO         1260    .text.svcRtxKernelStart  RTX_CM4F.lib(rtx_kernel.o)
    0x08003eec   0x08003eec   0x000000d4   Code   RO         1556    .text.svcRtxMessageQueueGet  RTX_CM4F.lib(rtx_msgqueue.o)
    0x08003fc0   0x08003fc0   0x00000118   Code   RO         1514    .text.svcRtxMessageQueueNew  RTX_CM4F.lib(rtx_msgqueue.o)
    0x080040d8   0x080040d8   0x000000b0   Code   RO         1552    .text.svcRtxMessageQueuePut  RTX_CM4F.lib(rtx_msgqueue.o)
    0x08004188   0x08004188   0x00000090   Code   RO         1496    .text.svcRtxMutexAcquire  RTX_CM4F.lib(rtx_mutex.o)
    0x08004218   0x08004218   0x000000ac   Code   RO         1502    .text.svcRtxMutexDelete  RTX_CM4F.lib(rtx_mutex.o)
    0x080042c4   0x080042c4   0x00000068   Code   RO         1492    .text.svcRtxMutexNew  RTX_CM4F.lib(rtx_mutex.o)
    0x0800432c   0x0800432c   0x000000b4   Code   RO         1498    .text.svcRtxMutexRelease  RTX_CM4F.lib(rtx_mutex.o)
    0x080043e0   0x080043e0   0x0000004c   Code   RO         1396    .text.svcRtxThreadExit  RTX_CM4F.lib(rtx_thread.o)
    0x0800442c   0x0800442c   0x00000066   Code   RO         1408    .text.svcRtxThreadFlagsSet  RTX_CM4F.lib(rtx_thread.o)
    0x08004492   0x08004492   0x00000002   PAD
    0x08004494   0x08004494   0x0000004c   Code   RO         1414    .text.svcRtxThreadFlagsWait  RTX_CM4F.lib(rtx_thread.o)
    0x080044e0   0x080044e0   0x000001ec   Code   RO         1320    .text.svcRtxThreadNew  RTX_CM4F.lib(rtx_thread.o)
    0x080046cc   0x080046cc   0x00000038   Code   RO         1382    .text.svcRtxThreadYield  RTX_CM4F.lib(rtx_thread.o)
    0x08004704   0x08004704   0x00000074   Code   RO         1454    .text.svcRtxTimerNew  RTX_CM4F.lib(rtx_timer.o)
    0x08004778   0x08004778   0x00000048   Code   RO         1458    .text.svcRtxTimerStart  RTX_CM4F.lib(rtx_timer.o)
    0x080047c0   0x080047c0   0x00000028   Code   RO         1462    .text.svcRtxTimerStop  RTX_CM4F.lib(rtx_timer.o)
    0x080047e8   0x080047e8   0x0000001c   Code   RO           52    .text.symbolToLocalBuffer  lcd.o
    0x08004804   0x08004804   0x00000060   Code   RO           48    .text.symbolToLocalBuffer_L1  lcd.o
    0x08004864   0x08004864   0x0000006a   Code   RO           50    .text.symbolToLocalBuffer_L2  lcd.o
    0x080048ce   0x080048ce   0x0000000e   Code   RO         1709    i._is_digit         c_w.l(__printf_wp.o)
    0x080048dc   0x080048dc   0x0000001a   Code   RO         1849    x$fpl$fpinit        fz_wm.l(fpinit.o)
    0x080048f6   0x080048f6   0x00000002   PAD
    0x080048f8   0x080048f8   0x000000a8   Data   RO          166    .rodata             rtx_lib.o
    0x080049a0   0x080049a0   0x00000010   Data   RO         1206    .rodata.AHBPrescTable  system_stm32f4xx.o
    0x080049b0   0x080049b0   0x00000008   Data   RO         1207    .rodata.APBPrescTable  system_stm32f4xx.o
    0x080049b8   0x080049b8   0x00000960   Data   RO           56    .rodata.Arial12x12  lcd.o
    0x08005318   0x08005318   0x0000002c   Data   RO          255    .rodata.Driver_SPI1  spi_stm32f4xx.o
    0x08005344   0x08005344   0x00000018   Data   RO          139    .rodata.LED_PIN     led_nucleo_f429zi.o
    0x0800535c   0x0800535c   0x00000004   Data   RO          168    .rodata.osRtxUserSVC  rtx_lib.o
    0x08005360   0x08005360   0x00000024   Data   RO          163    .rodata.os_idle_thread_attr  rtx_lib.o
    0x08005384   0x08005384   0x00000018   Data   RO          165    .rodata.os_timer_mq_attr  rtx_lib.o
    0x0800539c   0x0800539c   0x00000024   Data   RO          164    .rodata.os_timer_thread_attr  rtx_lib.o
    0x080053c0   0x080053c0   0x0000000b   Data   RO         1278    .rodata.str1.4      RTX_CM4F.lib(rtx_kernel.o)
    0x080053cb   0x080053cb   0x00000001   PAD
    0x080053cc   0x080053cc   0x00000020   Data   RO         1910    Region$$Table       anon$$obj.o


    Execution Region RW_IRAM1 (Exec base: 0x20000000, Load base: 0x080053f0, Size: 0x0000b6b0, Max: 0x00030000, ABSOLUTE)

    Exec Addr    Load Addr    Size         Type   Attr      Idx    E Section Name        Object

    0x20000000   0x080053f0   0x00000004   Data   RW         1205    .data.SystemCoreClock  system_stm32f4xx.o
    0x20000004   0x080053f4   0x000000a4   Data   RW         1279    .data.os            RTX_CM4F.lib(rtx_kernel.o)
    0x200000a8   0x08005498   0x00000001   Data   RW          330    .data.uwTickFreq    stm32f4xx_hal.o
    0x200000a9   0x08005499   0x00000003   PAD
    0x200000ac   0x0800549c   0x00000004   Data   RW          329    .data.uwTickPrio    stm32f4xx_hal.o
    0x200000b0        -       0x00000060   Zero   RW         1777    .bss                c_w.l(libspace.o)
    0x20000110        -       0x00000014   Zero   RW           59    .bss.GPIO_InitStruct  lcd.o
    0x20000124        -       0x00000004   Zero   RW           10    .bss.HAL_GetTick.ticks  main.o
    0x20000128        -       0x00000020   Zero   RW          116    .bss.RtcHandle      rtc.o
    0x20000148        -       0x00000004   Zero   RW          257    .bss.SPI1_Info.0    spi_stm32f4xx.o
    0x2000014c        -       0x00000001   Zero   RW          260    .bss.SPI1_Info.1.0  spi_stm32f4xx.o
    0x2000014d   0x080054a0   0x00000003   PAD
    0x20000150        -       0x00000001   Zero   RW          261    .bss.SPI1_Info.1.1  spi_stm32f4xx.o
    0x20000151   0x080054a0   0x00000001   PAD
    0x20000152        -       0x00000001   Zero   RW          262    .bss.SPI1_Info.1.2  spi_stm32f4xx.o
    0x20000153   0x080054a0   0x00000001   PAD
    0x20000154        -       0x00000004   Zero   RW          258    .bss.SPI1_Info.2    spi_stm32f4xx.o
    0x20000158        -       0x00000004   Zero   RW          259    .bss.SPI1_Info.3    spi_stm32f4xx.o
    0x2000015c        -       0x0000001c   Zero   RW          256    .bss.SPI1_TransferInfo  spi_stm32f4xx.o
    0x20000178        -       0x00000032   Zero   RW          115    .bss.aShowDate      rtc.o
    0x200001aa        -       0x00000032   Zero   RW          114    .bss.aShowTime      rtc.o
    0x200001dc        -       0x00000200   Zero   RW           61    .bss.buffer         lcd.o
    0x200003dc        -       0x00000040   Zero   RW           60    .bss.htim7          lcd.o
    0x2000041c        -       0x00000004   Zero   RW           58    .bss.mid_MsgQueue   lcd.o
    0x20000420        -       0x0000a750   Zero   RW          162    .bss.os             rtx_lib.o
    0x2000ab70        -       0x00000001   Zero   RW         1677    .bss.os             RTX_CM4F.lib(os_systick.o)
    0x2000ab71   0x080054a0   0x00000003   PAD
    0x2000ab74        -       0x00000034   Zero   RW          173    .bss.os.msgqueue.cb  rtx_lib.o
    0x2000aba8        -       0x00000050   Zero   RW          174    .bss.os.msgqueue.mem  rtx_lib.o
    0x2000abf8        -       0x00000088   Zero   RW          170    .bss.os.thread.cb   rtx_lib.o
    0x2000ac80        -       0x00000200   Zero   RW          171    .bss.os.thread.idle.stack  rtx_lib.o
    0x2000ae80        -       0x00000200   Zero   RW          172    .bss.os.thread.timer.stack  rtx_lib.o
    0x2000b080        -       0x00000001   Zero   RW          175    .bss.os_kernel_is_active.os_kernel_active  rtx_lib.o
    0x2000b081   0x080054a0   0x00000003   PAD
    0x2000b084        -       0x00000004   Zero   RW          113    .bss.periodic_id    rtc.o
    0x2000b088        -       0x00000002   Zero   RW           62    .bss.positionL1     lcd.o
    0x2000b08a        -       0x00000002   Zero   RW           63    .bss.positionL2     lcd.o
    0x2000b08c        -       0x00000004   Zero   RW          118    .bss.sdatestructureget  rtc.o
    0x2000b090        -       0x00000014   Zero   RW          117    .bss.stimestructureget  rtc.o
    0x2000b0a4        -       0x00000004   Zero   RW          111    .bss.tid_RTC        rtc.o
    0x2000b0a8        -       0x00000004   Zero   RW          112    .bss.tid_alarma     rtc.o
    0x2000b0ac        -       0x00000004   Zero   RW           57    .bss.tid_lcd        lcd.o
    0x2000b0b0        -       0x00000200   Zero   RW         1192    HEAP                startup_stm32f429xx.o
    0x2000b2b0        -       0x00000400   Zero   RW         1191    STACK               startup_stm32f429xx.o


==============================================================================

Image component sizes


      Code (inc. data)   RO Data    RW Data    ZI Data      Debug   Object Name

      1340          0       2400          0        608      10420   lcd.o
       222          0         24          0          0       3524   led_nucleo_f429zi.o
       280          0          0          0          4       3319   main.o
       752         24          0          0        168       7975   rtc.o
         4          0          0          0          0        671   rtx_config.o
       128          0        268          0      44125       7315   rtx_lib.o
      2510         38         44          0         43      16838   spi_stm32f4xx.o
        64         26        428          0       1536        876   startup_stm32f429xx.o
       128          0          0          5          0       7993   stm32f4xx_hal.o
       306          0          0          0          0      11133   stm32f4xx_hal_cortex.o
       696          0          0          0          0       5411   stm32f4xx_hal_gpio.o
        12          0          0          0          0       4819   stm32f4xx_hal_pwr.o
       122          0          0          0          0       4859   stm32f4xx_hal_pwr_ex.o
      1324          0          0          0          0       7575   stm32f4xx_hal_rcc.o
      1320          0          0          0          0      10390   stm32f4xx_hal_rtc.o
        22          0          0          0          0      13648   stm32f4xx_hal_rtc_ex.o
       434          0          0          0          0      38545   stm32f4xx_hal_tim.o
        12          0          0          0          0        742   stm32f4xx_it.o
       152          0         24          4          0       2776   system_stm32f4xx.o

    ----------------------------------------------------------------------
      9948         88       3220         12      46492     158829   Object Totals
         0          0         32          0          0          0   (incl. Generated)
       120          0          0          3          8          0   (incl. Padding)

    ----------------------------------------------------------------------

      Code (inc. data)   RO Data    RW Data    ZI Data      Debug   Library Member Name

       200         12          0          0          0        634   irq_armv7m.o
       114         20          0          0          1       3200   os_systick.o
       596         48         11        164          0      16501   rtx_kernel.o
       228          0          0          0          0       2537   rtx_memory.o
       188          0          0          0          0      16008   rtx_mempool.o
      1342         24          0          0          0      18657   rtx_msgqueue.o
       882         28          0          0          0       9962   rtx_mutex.o
       368         18          0          0          0       5296   rtx_system.o
      2042         72          0          0          0      31847   rtx_thread.o
       616         28          0          0          0      10397   rtx_timer.o
         8          0          0          0          0         68   __main.o
       284          0          0          0          0        156   __printf_wp.o
         0          0          0          0          0          0   __rtentry.o
        20          0          0          0          0          0   __rtentry2.o
         6          0          0          0          0          0   __rtentry4.o
        52          8          0          0          0          0   __scatter.o
        26          0          0          0          0          0   __scatter_copy.o
        28          0          0          0          0          0   __scatter_zi.o
        48          6          0          0          0         96   _printf_char_common.o
         6          0          0          0          0          0   _printf_d.o
       120         16          0          0          0         92   _printf_dec.o
       178          0          0          0          0         88   _printf_intcommon.o
        78          0          0          0          0        108   _printf_pad.o
         0          0          0          0          0          0   _printf_percent.o
         4          0          0          0          0          0   _printf_percent_end.o
        10          0          0          0          0         68   _sputc.o
        18          0          0          0          0         80   exit.o
         6          0          0          0          0        152   heapauxi.o
         0          0          0          0          0          0   indicate_semi.o
         2          0          0          0          0          0   libinit.o
         6          0          0          0          0          0   libinit2.o
         2          0          0          0          0          0   libshutdown.o
         2          0          0          0          0          0   libshutdown2.o
         8          4          0          0         96         68   libspace.o
       240          0          0          0          0        100   lludivv7m.o
        40          6          0          0          0         84   noretval__2sprintf.o
        68          0          0          0          0         68   rt_memclr.o
        78          0          0          0          0         80   rt_memclr_w.o
       138          0          0          0          0         68   rt_memcpy_v6.o
       100          0          0          0          0         80   rt_memcpy_w.o
         2          0          0          0          0          0   rtexit.o
        10          0          0          0          0          0   rtexit2.o
        12          4          0          0          0         68   sys_exit.o
        74          0          0          0          0         80   sys_stackheap_outer.o
         2          0          0          0          0         68   use_no_semi.o
        26          0          0          0          0        116   fpinit.o

    ----------------------------------------------------------------------
      8304        294         12        164        100     116827   Library Totals
        26          0          1          0          3          0   (incl. Padding)

    ----------------------------------------------------------------------

      Code (inc. data)   RO Data    RW Data    ZI Data      Debug   Library Name

      6576        250         11        164          1     115039   RTX_CM4F.lib
      1676         44          0          0         96       1672   c_w.l
        26          0          0          0          0        116   fz_wm.l

    ----------------------------------------------------------------------
      8304        294         12        164        100     116827   Library Totals

    ----------------------------------------------------------------------

==============================================================================


      Code (inc. data)   RO Data    RW Data    ZI Data      Debug   

     18252        382       3232        176      46592     274408   Grand Totals
     18252        382       3232        176      46592     274408   ELF Image Totals
     18252        382       3232        176          0          0   ROM Totals

==============================================================================

    Total RO  Size (Code + RO Data)                21484 (  20.98kB)
    Total RW  Size (RW Data + ZI Data)             46768 (  45.67kB)
    Total ROM Size (Code + RO Data + RW Data)      21660 (  21.15kB)

==============================================================================

