Component: ARM Compiler 5.06 update 7 (build 960) Tool: armlink [4d3601]

==============================================================================

Section Cross References

    http_server.o(.text) refers to pot.o(.text) for configAD
    http_server.o(.text) refers to buttons_nucleo_f429zi.o(.text) for Buttons_GetState
    http_server.o(.text) refers to led_nucleo_f429zi.o(.text) for LED_Initialize
    http_server.o(.text) refers to rtc.o(.text) for RTC_Config
    http_server.o(.text) refers to net_sys.o(i.netInitialize) for netInitialize
    http_server.o(.text) refers to sprintf.o(.text) for sprintf
    http_server.o(.text) refers to rtx_msgqueue.o(.text) for osMessageQueuePut
    http_server.o(.text) refers to rtx_thread.o(.text) for osThreadYield
    http_server.o(.text) refers to http_server.o(.bss) for aShowDate
    http_server.o(.text) refers to lcd.o(.data) for mid_MsgQueue
    http_server.o(.constdata) refers to http_server.o(.bss) for app_main_stk
    http_server_cgi.o(.text) refers to _printf_pad.o(.text) for _printf_pre_padding
    http_server_cgi.o(.text) refers to _printf_percent.o(.ARM.Collect$$_printf_percent$$00000000) for _printf_percent
    http_server_cgi.o(.text) refers to _printf_p.o(.ARM.Collect$$_printf_percent$$00000002) for _printf_p
    http_server_cgi.o(.text) refers to _printf_s.o(.ARM.Collect$$_printf_percent$$00000014) for _printf_s
    http_server_cgi.o(.text) refers to _printf_n.o(.ARM.Collect$$_printf_percent$$00000001) for _printf_n
    http_server_cgi.o(.text) refers to _printf_charcount.o(.text) for _printf_charcount
    http_server_cgi.o(.text) refers to _printf_hex_int_ll_ptr.o(.text) for _printf_longlong_hex
    http_server_cgi.o(.text) refers to _printf_str.o(.text) for _printf_str
    http_server_cgi.o(.text) refers to _printf_d.o(.ARM.Collect$$_printf_percent$$00000009) for _printf_d
    http_server_cgi.o(.text) refers to _printf_dec.o(.text) for _printf_int_dec
    http_server_cgi.o(.text) refers to _printf_truncate.o(.text) for _printf_truncate_unsigned
    http_server_cgi.o(.text) refers to _printf_i.o(.ARM.Collect$$_printf_percent$$00000008) for _printf_i
    http_server_cgi.o(.text) refers to _printf_u.o(.ARM.Collect$$_printf_percent$$0000000A) for _printf_u
    http_server_cgi.o(.text) refers to _printf_o.o(.ARM.Collect$$_printf_percent$$0000000B) for _printf_o
    http_server_cgi.o(.text) refers to _printf_x.o(.ARM.Collect$$_printf_percent$$0000000C) for _printf_x
    http_server_cgi.o(.text) refers to _printf_c.o(.ARM.Collect$$_printf_percent$$00000013) for _printf_c
    http_server_cgi.o(.text) refers to _printf_lc.o(.ARM.Collect$$_printf_percent$$00000015) for _printf_lc
    http_server_cgi.o(.text) refers to _printf_oct_int_ll.o(.text) for _printf_longlong_oct
    http_server_cgi.o(.text) refers to _printf_wctomb.o(.text) for _printf_wctomb
    http_server_cgi.o(.text) refers to _printf_f.o(.ARM.Collect$$_printf_percent$$00000003) for _printf_f
    http_server_cgi.o(.text) refers to _printf_e.o(.ARM.Collect$$_printf_percent$$00000004) for _printf_e
    http_server_cgi.o(.text) refers to _printf_g.o(.ARM.Collect$$_printf_percent$$00000005) for _printf_g
    http_server_cgi.o(.text) refers to _printf_a.o(.ARM.Collect$$_printf_percent$$00000006) for _printf_a
    http_server_cgi.o(.text) refers to printf2.o(x$fpl$printf2) for _printf_fp_hex
    http_server_cgi.o(.text) refers to printf1.o(x$fpl$printf1) for _printf_fp_dec
    http_server_cgi.o(.text) refers to net_http_server.o(i.netCGI_GetEnvVar) for netCGI_GetEnvVar
    http_server_cgi.o(.text) refers to net_addr.o(i.netIP_aton) for netIP_aton
    http_server_cgi.o(.text) refers to net_sys.o(i.netIF_SetOption) for netIF_SetOption
    http_server_cgi.o(.text) refers to led_nucleo_f429zi.o(.text) for LED_SetOut
    http_server_cgi.o(.text) refers to strcmpv7m.o(.text) for strcmp
    http_server_cgi.o(.text) refers to strncmp.o(.text) for strncmp
    http_server_cgi.o(.text) refers to net_http_server.o(i.netHTTPs_LoginActive) for netHTTPs_LoginActive
    http_server_cgi.o(.text) refers to strcpy.o(.text) for strcpy
    http_server_cgi.o(.text) refers to net_http_server.o(i.netHTTPs_SetPassword) for netHTTPs_SetPassword
    http_server_cgi.o(.text) refers to sprintf.o(.text) for sprintf
    http_server_cgi.o(.text) refers to rtx_msgqueue.o(.text) for osMessageQueuePut
    http_server_cgi.o(.text) refers to net_sys.o(i.netIF_GetOption) for netIF_GetOption
    http_server_cgi.o(.text) refers to net_addr.o(i.netIP_ntoa) for netIP_ntoa
    http_server_cgi.o(.text) refers to __2sprintf.o(.text) for __2sprintf
    http_server_cgi.o(.text) refers to net_tcp.o(i.netTCP_GetState) for netTCP_GetState
    http_server_cgi.o(.text) refers to net_tcp.o(i.netTCP_GetLocalPort) for netTCP_GetLocalPort
    http_server_cgi.o(.text) refers to net_tcp.o(i.netTCP_GetPeer) for netTCP_GetPeer
    http_server_cgi.o(.text) refers to net_tcp.o(i.netTCP_GetTimer) for netTCP_GetTimer
[...]
    net_addr4_loopback                       0x0802aa7c   Data           4  net_ip4.o(.constdata)
    net_addr6_all_nodes                      0x0802aa80   Data          16  net_ip6.o(.constdata)
    net_addr6_loopback                       0x0802aa90   Data          16  net_ip6.o(.constdata)
    net_http_error                           0x0802aaa0   Data          24  net_http_server_err.o(.constdata)
    net_lib_version                          0x0802ab58   Data           4  net_version.o(.constdata)
    network_ip4ip6_debug_v7.15.0             0x0802ab58   Data           4  net_version.o(.constdata)
    osRtxConfig                              0x0802b0a4   Data         112  rtx_lib.o(.rodata)
    os_cb_sections                           0x0802b114   Data          56  rtx_lib.o(.rodata)
    Region$$Table$$Base                      0x0802b14c   Number         0  anon$$obj.o(Region$$Table)
    Region$$Table$$Limit                     0x0802b17c   Number         0  anon$$obj.o(Region$$Table)
    __ctype                                  0x0802b1a5   Data           0  lc_ctype_c.o(locale$$data)
    .bss.os.msgqueue.cb$$Base                0x20008234   Number         0  rtx_lib.o(.bss.os.msgqueue.cb)
    .bss.os.msgqueue.cb$$Limit               0x20008268   Number         0  rtx_lib.o(.bss.os.msgqueue.cb)
    .bss.os.mutex.cb$$Base                   0x200082b8   Number         0  net_config.o(.bss.os.mutex.cb)
    .bss.os.mutex.cb$$Limit                  0x200082f0   Number         0  net_config.o(.bss.os.mutex.cb)
    .bss.os.semaphore.cb$$Base               0x200082f0   Number         0  net_config.o(.bss.os.semaphore.cb)
    .bss.os.semaphore.cb$$Limit              0x20008300   Number         0  net_config.o(.bss.os.semaphore.cb)
    .bss.os.thread.cb$$Base                  0x20008300   Number         0  rtx_lib.o(.bss.os.thread.cb)
    .bss.os.thread.cb$$Limit                 0x20008410   Number         0  net_config.o(.bss.os.thread.cb)
    .bss.os.timer.cb$$Base                   0x20008810   Number         0  net_config.o(.bss.os.timer.cb)
    .bss.os.timer.cb$$Limit                  0x20008830   Number         0  net_config.o(.bss.os.timer.cb)
    LEDrun                                   0x20008830   Data           1  http_server.o(.data)
    lcd_text                                 0x20008831   Data          42  http_server.o(.data)
    TID_Display                              0x2000885c   Data           4  http_server.o(.data)
    TID_Led                                  0x20008860   Data           4  http_server.o(.data)
    tid_lcd                                  0x2000886c   Data           4  lcd.o(.data)
    mid_MsgQueue                             0x20008870   Data           4  lcd.o(.data)
    mid_MsgQueuePOT                          0x20008880   Data           4  pot.o(.data)
    tim_pot                                  0x20008884   Data           4  pot.o(.data)
    tid_Thpot                                0x20008888   Data           4  pot.o(.data)
    tid_alarma                               0x20008894   Data           4  rtc.o(.data)
    tid_sleep                                0x20008898   Data           4  rtc.o(.data)
    periodic_id                              0x2000889c   Data           4  rtc.o(.data)
    LEDTimer_id                              0x200088a0   Data           4  rtc.o(.data)
    GPIO_PORT                                0x200088a4   Data          12  stm32f4xx_nucleo_144.o(.data)
    BUTTON_PORT                              0x200088b0   Data           4  stm32f4xx_nucleo_144.o(.data)
    SpixTimeout                              0x200088b4   Data           4  stm32f4xx_nucleo_144.o(.data)
    uwTick                                   0x200088bc   Data           4  stm32f4xx_hal.o(.data)
    uwTickPrio                               0x200088c0   Data           4  stm32f4xx_hal.o(.data)
    uwTickFreq                               0x200088c4   Data           1  stm32f4xx_hal.o(.data)
    SystemCoreClock                          0x200088c8   Data           4  system_stm32f4xx_1.o(.data)
    net_eth0_icmp_control                    0x200088e4   Data           1  net_icmp.o(.data)
    osRtxInfo                                0x20008908   Data         164  rtx_kernel.o(.data.os)
    app_main_stk                             0x200089b0   Data        1024  http_server.o(.bss)
    aShowTime                                0x20008db0   Data          50  http_server.o(.bss)
    aShowDate                                0x20008de2   Data          50  http_server.o(.bss)
    RTCHandle                                0x2000913c   Data          32  stm32f4xx_lp_modes.o(.bss)
    net_udp_cb_legacy                        0x2000ef48   Data          20  net_config.o(.bss)
    net_tcp_cb_legacy                        0x2000f184   Data          24  net_config.o(.bss)
    net_eth0_if_control                      0x2000f2ec   Data         160  net_eth.o(.bss)
    net_eth0_arp_control                     0x2000f38c   Data          24  net_arp.o(.bss)
    net_http_control                         0x2000f444   Data          20  net_http_server.o(.bss)
    net_sntp_control                         0x2000f458   Data          44  net_sntp_client_core.o(.bss)
    net_ping_control                         0x2000f484   Data          44  net_ping_core.o(.bss)
    net_sys_control                          0x2000f4c0   Data          28  net_sys.o(.bss)
    net_dbg_buf                              0x2000f4e8   Data          36  net_sys.o(.bss)
    __libspace_start                         0x2000f57c   Data          96  libspace.o(.bss)
    __temporary_stack_top$libspace           0x2000f5dc   Data           0  libspace.o(.bss)



==============================================================================

Memory Map of the image

  Image Entry point : 0x080001ad

  Load Region LR_IROM1 (Base: 0x08000000, Size: 0x00033c54, Max: 0x00200000, ABSOLUTE, COMPRESSED[0x0002b3f0])

    Execution Region ER_IROM1 (Exec base: 0x08000000, Load base: 0x08000000, Size: 0x0002b2a8, Max: 0x00200000, ABSOLUTE)

    Exec Addr    Load Addr    Size         Type   Attr      Idx    E Section Name        Object

    0x08000000   0x08000000   0x000001ac   Data   RO         1686    RESET               startup_stm32f429xx.o
    0x080001ac   0x080001ac   0x00000008   Code   RO         2904  * !!!main             c_w.l(__main.o)
    0x080001b4   0x080001b4   0x00000034   Code   RO         3211    !!!scatter          c_w.l(__scatter.o)
    0x080001e8   0x080001e8   0x0000005a   Code   RO         3209    !!dczerorl2         c_w.l(__dczerorl2.o)
    0x08000242   0x08000242   0x00000002   PAD
    0x08000244   0x08000244   0x0000001c   Code   RO         3213    !!handler_zi        c_w.l(__scatter_zi.o)
    0x08000260   0x08000260   0x00000000   Code   RO         2884    .ARM.Collect$$_printf_percent$$00000000  c_w.l(_printf_percent.o)
    0x08000260   0x08000260   0x00000006   Code   RO         2873    .ARM.Collect$$_printf_percent$$00000001  c_w.l(_printf_n.o)
    0x08000266   0x08000266   0x00000006   Code   RO         2875    .ARM.Collect$$_printf_percent$$00000002  c_w.l(_printf_p.o)
    0x0800026c   0x0800026c   0x00000006   Code   RO         2880    .ARM.Collect$$_printf_percent$$00000003  c_w.l(_printf_f.o)
    0x08000272   0x08000272   0x00000006   Code   RO         2881    .ARM.Collect$$_printf_percent$$00000004  c_w.l(_printf_e.o)
    0x08000278   0x08000278   0x00000006   Code   RO         2882    .ARM.Collect$$_printf_percent$$00000005  c_w.l(_printf_g.o)
    0x0800027e   0x0800027e   0x00000006   Code   RO         2883    .ARM.Collect$$_printf_percent$$00000006  c_w.l(_printf_a.o)
    0x08000284   0x08000284   0x0000000a   Code   RO         2974    .ARM.Collect$$_printf_percent$$00000007  c_w.l(_printf_ll.o)
    0x0800028e   0x0800028e   0x00000006   Code   RO         2877    .ARM.Collect$$_printf_percent$$00000008  c_w.l(_printf_i.o)
    0x08000294   0x08000294   0x00000006   Code   RO         2878    .ARM.Collect$$_printf_percent$$00000009  c_w.l(_printf_d.o)
    0x0800029a   0x0800029a   0x00000006   Code   RO         2879    .ARM.Collect$$_printf_percent$$0000000A  c_w.l(_printf_u.o)
    0x080002a0   0x080002a0   0x00000006   Code   RO         2876    .ARM.Collect$$_printf_percent$$0000000B  c_w.l(_printf_o.o)
    0x080002a6   0x080002a6   0x00000006   Code   RO         2874    .ARM.Collect$$_printf_percent$$0000000C  c_w.l(_printf_x.o)
    0x080002ac   0x080002ac   0x00000006   Code   RO         2971    .ARM.Collect$$_printf_percent$$0000000D  c_w.l(_printf_lli.o)
    0x080002b2   0x080002b2   0x00000006   Code   RO         2972    .ARM.Collect$$_printf_percent$$0000000E  c_w.l(_printf_lld.o)
    0x080002b8   0x080002b8   0x00000006   Code   RO         2973    .ARM.Collect$$_printf_percent$$0000000F  c_w.l(_printf_llu.o)
    0x080002be   0x080002be   0x00000006   Code   RO         2977    .ARM.Collect$$_printf_percent$$00000010  c_w.l(_printf_llo.o)
    0x080002c4   0x080002c4   0x00000006   Code   RO         2978    .ARM.Collect$$_printf_percent$$00000011  c_w.l(_printf_llx.o)
    0x080002ca   0x080002ca   0x0000000a   Code   RO         2975    .ARM.Collect$$_printf_percent$$00000012  c_w.l(_printf_l.o)
    0x080002d4   0x080002d4   0x00000006   Code   RO         2871    .ARM.Collect$$_printf_percent$$00000013  c_w.l(_printf_c.o)
    0x080002da   0x080002da   0x00000006   Code   RO         2872    .ARM.Collect$$_printf_percent$$00000014  c_w.l(_printf_s.o)
    0x080002e0   0x080002e0   0x00000006   Code   RO         2885    .ARM.Collect$$_printf_percent$$00000015  c_w.l(_printf_lc.o)
    0x080002e6   0x080002e6   0x00000006   Code   RO         2976    .ARM.Collect$$_printf_percent$$00000016  c_w.l(_printf_ls.o)
    0x080002ec   0x080002ec   0x00000004   Code   RO         2970    .ARM.Collect$$_printf_percent$$00000017  c_w.l(_printf_percent_end.o)
    0x080002f0   0x080002f0   0x00000002   Code   RO         3081    .ARM.Collect$$libinit$$00000000  c_w.l(libinit.o)
    0x080002f2   0x080002f2   0x00000000   Code   RO         3083    .ARM.Collect$$libinit$$00000002  c_w.l(libinit2.o)
    0x080002f2   0x080002f2   0x00000000   Code   RO         3085    .ARM.Collect$$libinit$$00000004  c_w.l(libinit2.o)
    0x080002f2   0x080002f2   0x00000000   Code   RO         3088    .ARM.Collect$$libinit$$0000000A  c_w.l(libinit2.o)
    0x080002f2   0x080002f2   0x00000000   Code   RO         3090    .ARM.Collect$$libinit$$0000000C  c_w.l(libinit2.o)
    0x080002f2   0x080002f2   0x00000000   Code   RO         3092    .ARM.Collect$$libinit$$0000000E  c_w.l(libinit2.o)
    0x080002f2   0x080002f2   0x00000006   Code   RO         3093    .ARM.Collect$$libinit$$0000000F  c_w.l(libinit2.o)
    0x080002f8   0x080002f8   0x00000000   Code   RO         3095    .ARM.Collect$$libinit$$00000011  c_w.l(libinit2.o)
    0x080002f8   0x080002f8   0x0000000c   Code   RO         3096    .ARM.Collect$$libinit$$00000012  c_w.l(libinit2.o)
    0x08000304   0x08000304   0x00000000   Code   RO         3097    .ARM.Collect$$libinit$$00000013  c_w.l(libinit2.o)
    0x08000304   0x08000304   0x00000000   Code   RO         3099    .ARM.Collect$$libinit$$00000015  c_w.l(libinit2.o)
    0x08000304   0x08000304   0x0000000a   Code   RO         3100    .ARM.Collect$$libinit$$00000016  c_w.l(libinit2.o)
    0x0800030e   0x0800030e   0x00000000   Code   RO         3101    .ARM.Collect$$libinit$$00000017  c_w.l(libinit2.o)
    0x0800030e   0x0800030e   0x00000000   Code   RO         3103    .ARM.Collect$$libinit$$00000019  c_w.l(libinit2.o)
    0x0800030e   0x0800030e   0x00000000   Code   RO         3105    .ARM.Collect$$libinit$$0000001B  c_w.l(libinit2.o)
    0x0800030e   0x0800030e   0x00000000   Code   RO         3107    .ARM.Collect$$libinit$$0000001D  c_w.l(libinit2.o)
    0x0800030e   0x0800030e   0x00000000   Code   RO         3109    .ARM.Collect$$libinit$$0000001F  c_w.l(libinit2.o)
    0x0800030e   0x0800030e   0x00000000   Code   RO         3111    .ARM.Collect$$libinit$$00000021  c_w.l(libinit2.o)
    0x0800030e   0x0800030e   0x00000000   Code   RO         3113    .ARM.Collect$$libinit$$00000023  c_w.l(libinit2.o)
    0x0800030e   0x0800030e   0x00000000   Code   RO         3115    .ARM.Collect$$libinit$$00000025  c_w.l(libinit2.o)
    0x0800030e   0x0800030e   0x00000000   Code   RO         3119    .ARM.Collect$$libinit$$0000002C  c_w.l(libinit2.o)
    0x0800030e   0x0800030e   0x00000000   Code   RO         3121    .ARM.Collect$$libinit$$0000002E  c_w.l(libinit2.o)
    0x0800030e   0x0800030e   0x00000000   Code   RO         3123    .ARM.Collect$$libinit$$00000030  c_w.l(libinit2.o)
    0x0800030e   0x0800030e   0x00000000   Code   RO         3125    .ARM.Collect$$libinit$$00000032  c_w.l(libinit2.o)
    0x0800030e   0x0800030e   0x00000002   Code   RO         3126    .ARM.Collect$$libinit$$00000033  c_w.l(libinit2.o)
    0x08000310   0x08000310   0x00000002   Code   RO         3173    .ARM.Collect$$libshutdown$$00000000  c_w.l(libshutdown.o)
    0x08000312   0x08000312   0x00000000   Code   RO         3191    .ARM.Collect$$libshutdown$$00000002  c_w.l(libshutdown2.o)
    0x08000312   0x08000312   0x00000000   Code   RO         3193    .ARM.Collect$$libshutdown$$00000004  c_w.l(libshutdown2.o)
    0x08000312   0x08000312   0x00000000   Code   RO         3195    .ARM.Collect$$libshutdown$$00000006  c_w.l(libshutdown2.o)
    0x08000312   0x08000312   0x00000000   Code   RO         3198    .ARM.Collect$$libshutdown$$00000009  c_w.l(libshutdown2.o)
    0x08000312   0x08000312   0x00000000   Code   RO         3201    .ARM.Collect$$libshutdown$$0000000C  c_w.l(libshutdown2.o)
    0x08000312   0x08000312   0x00000000   Code   RO         3203    .ARM.Collect$$libshutdown$$0000000E  c_w.l(libshutdown2.o)
    0x08000312   0x08000312   0x00000000   Code   RO         3206    .ARM.Collect$$libshutdown$$00000011  c_w.l(libshutdown2.o)
    0x08000312   0x08000312   0x00000002   Code   RO         3207    .ARM.Collect$$libshutdown$$00000012  c_w.l(libshutdown2.o)
    0x08000314   0x08000314   0x00000000   Code   RO         2948    .ARM.Collect$$rtentry$$00000000  c_w.l(__rtentry.o)
    0x08000314   0x08000314   0x00000000   Code   RO         2999    .ARM.Collect$$rtentry$$00000002  c_w.l(__rtentry2.o)
    0x08000314   0x08000314   0x00000006   Code   RO         3011    .ARM.Collect$$rtentry$$00000004  c_w.l(__rtentry4.o)
    0x0800031a   0x0800031a   0x00000008   Code   RO         3000    .ARM.Collect$$rtentry$$00000008  c_w.l(__rtentry2.o)
    0x08000322   0x08000322   0x00000004   Code   RO         3002    .ARM.Collect$$rtentry$$0000000A  c_w.l(__rtentry2.o)
    0x08000326   0x08000326   0x00000000   Code   RO         3004    .ARM.Collect$$rtentry$$0000000C  c_w.l(__rtentry2.o)
    0x08000326   0x08000326   0x00000008   Code   RO         3005    .ARM.Collect$$rtentry$$0000000D  c_w.l(__rtentry2.o)
    0x0800032e   0x0800032e   0x00000002   Code   RO         3127    .ARM.Collect$$rtexit$$00000000  c_w.l(rtexit.o)
    0x08000330   0x08000330   0x00000000   Code   RO         3142    .ARM.Collect$$rtexit$$00000002  c_w.l(rtexit2.o)
    0x08000330   0x08000330   0x00000004   Code   RO         3143    .ARM.Collect$$rtexit$$00000003  c_w.l(rtexit2.o)
    0x08000334   0x08000334   0x00000006   Code   RO         3144    .ARM.Collect$$rtexit$$00000004  c_w.l(rtexit2.o)
    0x0800033a   0x0800033a   0x00000002   PAD
    0x0800033c   0x0800033c   0x00000148   Code   RO          833    .emb_text           rtx_mempool.o
    0x08000484   0x08000484   0x00000148   Code   RO          864    .emb_text           rtx_msgqueue.o
    0x080005cc   0x080005cc   0x00000148   Code   RO          929    .emb_text           rtx_semaphore.o
    0x08000714   0x08000714   0x00000148   Code   RO          960    .emb_text           rtx_system.o
    0x0800085c   0x0800085c   0x00000148   Code   RO          994    .emb_text           rtx_thread.o
    0x080009a4   0x080009a4   0x00000074   Code   RO         1209    .emb_text           eventrecorder.o
    0x08000a18   0x08000a18   0x0000008c   Code   RO            4    .text               http_server.o
    0x08000aa4   0x08000aa4   0x00000828   Code   RO          197    .text               http_server_cgi.o
    0x080012cc   0x080012cc   0x00000530   Code   RO          239    .text               lcd.o
    0x080017fc   0x080017fc   0x0000013c   Code   RO          291    .text               main.o
    0x08001938   0x08001938   0x000002ec   Code   RO          320    .text               pot.o
    0x08001c24   0x08001c24   0x00000388   Code   RO          355    .text               rtc.o
    0x08001fac   0x08001fac   0x00000084   Code   RO          383    .text               stm32f4xx_hal_msp.o
    0x08002030   0x08002030   0x00000020   Code   RO          407    .text               stm32f4xx_it.o
    0x08002050   0x08002050   0x00000c50   Code   RO          434    .text               stm32f4xx_lp_modes.o
    0x08002ca0   0x08002ca0   0x0000075c   Code   RO          461    .text               stm32f4xx_nucleo_144.o
    0x080033fc   0x080033fc   0x00000088   Code   RO          487    .text               web.o
    0x08003484   0x08003484   0x00000ed0   Code   RO          505    .text               stm32f4xx_hal_eth.o
    0x08004354   0x08004354   0x000000bc   Code   RO          529    .text               buttons_nucleo_f429zi.o
    0x08004410   0x08004410   0x00000124   Code   RO          555    .text               led_nucleo_f429zi.o
    0x08004534   0x08004534   0x00000094   Code   RO          579    .text               irq_armv7m.o
    0x080045c8   0x080045c8   0x0000011c   Code   RO          587    .text               rtx_delay.o
    0x080046e4   0x080046e4   0x00000dd8   Code   RO          685    .text               rtx_evr.o
    0x080054bc   0x080054bc   0x000008b0   Code   RO          710    .text               rtx_kernel.o
    0x08005d6c   0x08005d6c   0x000000f0   Code   RO          758    .text               rtx_lib.o
    0x08005e5c   0x08005e5c   0x000001de   Code   RO          803    .text               rtx_memory.o
    0x0800603a   0x0800603a   0x00000002   PAD
    0x0800603c   0x0800603c   0x000007a4   Code   RO          834    .text               rtx_mempool.o
    0x080067e0   0x080067e0   0x00000b88   Code   RO          865    .text               rtx_msgqueue.o
    0x08007368   0x08007368   0x00000644   Code   RO          899    .text               rtx_mutex.o
    0x080079ac   0x080079ac   0x00000532   Code   RO          930    .text               rtx_semaphore.o
    0x08007ede   0x08007ede   0x00000002   PAD
    0x08007ee0   0x08007ee0   0x000001bc   Code   RO          961    .text               rtx_system.o
    0x0800809c   0x0800809c   0x0000156c   Code   RO          995    .text               rtx_thread.o
    0x08009608   0x08009608   0x00000538   Code   RO         1029    .text               rtx_timer.o
    0x08009b40   0x08009b40   0x000000dc   Code   RO         1059    .text               os_systick.o
    0x08009c1c   0x08009c1c   0x00000024   Code   RO         1085    .text               rtx_config.o
    0x08009c40   0x08009c40   0x00000224   Code   RO         1106    .text               phy_lan8742a.o
    0x08009e64   0x08009e64   0x00000d0c   Code   RO         1133    .text               emac_stm32f4xx.o
    0x0800ab70   0x0800ab70   0x00001014   Code   RO         1174    .text               spi_stm32f4xx.o
    0x0800bb84   0x0800bb84   0x000005f8   Code   RO         1210    .text               eventrecorder.o
    0x0800c17c   0x0800c17c   0x00000210   Code   RO         1244    .text               stm32f4xx_hal.o
    0x0800c38c   0x0800c38c   0x00000ca8   Code   RO         1274    .text               stm32f4xx_hal_adc.o
    0x0800d034   0x0800d034   0x00000894   Code   RO         1298    .text               stm32f4xx_hal_adc_ex.o
    0x0800d8c8   0x0800d8c8   0x00000384   Code   RO         1322    .text               stm32f4xx_hal_cortex.o
    0x0800dc4c   0x0800dc4c   0x000008b0   Code   RO         1350    .text               stm32f4xx_hal_dma.o
    0x0800e4fc   0x0800e4fc   0x000003e4   Code   RO         1399    .text               stm32f4xx_hal_gpio.o
    0x0800e8e0   0x0800e8e0   0x000001dc   Code   RO         1423    .text               stm32f4xx_hal_pwr.o
    0x0800eabc   0x0800eabc   0x000002e8   Code   RO         1447    .text               stm32f4xx_hal_pwr_ex.o
    0x0800eda4   0x0800eda4   0x00000934   Code   RO         1471    .text               stm32f4xx_hal_rcc.o
    0x0800f6d8   0x0800f6d8   0x00000734   Code   RO         1495    .text               stm32f4xx_hal_rcc_ex.o
    0x0800fe0c   0x0800fe0c   0x00000b78   Code   RO         1519    .text               stm32f4xx_hal_rtc.o
    0x08010984   0x08010984   0x00000de6   Code   RO         1543    .text               stm32f4xx_hal_rtc_ex.o
    0x0801176a   0x0801176a   0x00000002   PAD
    0x0801176c   0x0801176c   0x00001d80   Code   RO         1567    .text               stm32f4xx_hal_spi.o
    0x080134ec   0x080134ec   0x00002b72   Code   RO         1615    .text               stm32f4xx_hal_tim.o
    0x0801605e   0x0801605e   0x00000002   PAD
    0x08016060   0x08016060   0x00000e84   Code   RO         1639    .text               stm32f4xx_hal_tim_ex.o
    0x08016ee4   0x08016ee4   0x00000040   Code   RO         1687    .text               startup_stm32f429xx.o
    0x08016f24   0x08016f24   0x000000cc   Code   RO         1694    .text               system_stm32f4xx_1.o
    0x08016ff0   0x08016ff0   0x0000030c   Code   RO         1722    .text               net_legacy.o
    0x080172fc   0x080172fc   0x00000174   Code   RO         1741    .text               net_config.o
    0x08017470   0x08017470   0x00000150   Code   RO         1796    .text               net_debug.o
    0x080175c0   0x080175c0   0x000000ee   Code   RO         2801    .text               c_w.l(lludivv7m.o)
    0x080176ae   0x080176ae   0x00000002   PAD
    0x080176b0   0x080176b0   0x0000002c   Code   RO         2803    .text               c_w.l(sprintf.o)
    0x080176dc   0x080176dc   0x0000002c   Code   RO         2805    .text               c_w.l(__2sprintf.o)
    0x08017708   0x08017708   0x0000004e   Code   RO         2811    .text               c_w.l(_printf_pad.o)
    0x08017756   0x08017756   0x00000024   Code   RO         2813    .text               c_w.l(_printf_truncate.o)
    0x0801777a   0x0801777a   0x00000052   Code   RO         2815    .text               c_w.l(_printf_str.o)
    0x080177cc   0x080177cc   0x00000078   Code   RO         2817    .text               c_w.l(_printf_dec.o)
    0x08017844   0x08017844   0x00000028   Code   RO         2819    .text               c_w.l(_printf_charcount.o)
    0x0801786c   0x0801786c   0x000000bc   Code   RO         2821    .text               c_w.l(_printf_wctomb.o)
    0x08017928   0x08017928   0x00000070   Code   RO         2828    .text               c_w.l(_printf_oct_int_ll.o)
    0x08017998   0x08017998   0x00000094   Code   RO         2848    .text               c_w.l(_printf_hex_int_ll_ptr.o)
    0x08017a2c   0x08017a2c   0x00000188   Code   RO         2868    .text               c_w.l(__printf_flags_ss_wp.o)
    0x08017bb4   0x08017bb4   0x00000058   Code   RO         2886    .text               c_w.l(memcmp.o)
    0x08017c0c   0x08017c0c   0x00000048   Code   RO         2888    .text               c_w.l(strcpy.o)
    0x08017c54   0x08017c54   0x0000003e   Code   RO         2890    .text               c_w.l(strlen.o)
    0x08017c92   0x08017c92   0x00000096   Code   RO         2892    .text               c_w.l(strncmp.o)
    0x08017d28   0x08017d28   0x0000008a   Code   RO         2894    .text               c_w.l(rt_memcpy_v6.o)
    0x08017db2   0x08017db2   0x00000044   Code   RO         2896    .text               c_w.l(rt_memclr.o)
    0x08017df6   0x08017df6   0x0000004e   Code   RO         2898    .text               c_w.l(rt_memclr_w.o)
    0x08017e44   0x08017e44   0x00000080   Code   RO         2900    .text               c_w.l(strcmpv7m.o)
    0x08017ec4   0x08017ec4   0x00000006   Code   RO         2902    .text               c_w.l(heapauxi.o)
    0x08017eca   0x08017eca   0x000000b2   Code   RO         2953    .text               c_w.l(_printf_intcommon.o)
    0x08017f7c   0x08017f7c   0x0000041e   Code   RO         2955    .text               c_w.l(_printf_fp_dec.o)
    0x0801839a   0x0801839a   0x00000002   PAD
    0x0801839c   0x0801839c   0x000002fc   Code   RO         2957    .text               c_w.l(_printf_fp_hex.o)
    0x08018698   0x08018698   0x00000030   Code   RO         2960    .text               c_w.l(_printf_char_common.o)
    0x080186c8   0x080186c8   0x0000000a   Code   RO         2962    .text               c_w.l(_sputc.o)
    0x080186d2   0x080186d2   0x0000002c   Code   RO         2964    .text               c_w.l(_printf_char.o)
    0x080186fe   0x080186fe   0x0000002c   Code   RO         2966    .text               c_w.l(_printf_wchar.o)
    0x0801872a   0x0801872a   0x00000002   PAD
    0x0801872c   0x0801872c   0x0000007c   Code   RO         2968    .text               c_w.l(_printf_longlong_dec.o)
    0x080187a8   0x080187a8   0x00000040   Code   RO         2979    .text               c_w.l(_wcrtomb.o)
    0x080187e8   0x080187e8   0x00000064   Code   RO         2981    .text               c_w.l(rt_memcpy_w.o)
    0x0801884c   0x0801884c   0x00000010   Code   RO         3013    .text               c_w.l(rt_ctype_table.o)
    0x0801885c   0x0801885c   0x0000000a   Code   RO         3022    .text               c_w.l(rt_locale_twolibspace.o)
    0x08018866   0x08018866   0x0000008a   Code   RO         3024    .text               c_w.l(lludiv10.o)
    0x080188f0   0x080188f0   0x00000080   Code   RO         3026    .text               c_w.l(_printf_fp_infnan.o)
    0x08018970   0x08018970   0x000000e4   Code   RO         3030    .text               c_w.l(bigflt0.o)
    0x08018a54   0x08018a54   0x00000008   Code   RO         3064    .text               c_w.l(libspace.o)
    0x08018a5c   0x08018a5c   0x0000004a   Code   RO         3067    .text               c_w.l(sys_stackheap_outer.o)
    0x08018aa6   0x08018aa6   0x00000012   Code   RO         3072    .text               c_w.l(exit.o)
    0x08018ab8   0x08018ab8   0x0000000c   Code   RO         3139    .text               c_w.l(sys_exit.o)
    0x08018ac4   0x08018ac4   0x00000002   Code   RO         3160    .text               c_w.l(use_no_semi.o)
    0x08018ac6   0x08018ac6   0x00000000   Code   RO         3162    .text               c_w.l(indicate_semi.o)
    0x08018ac6   0x08018ac6   0x0000003e   Code   RO         3033    CL$$btod_d2e        c_w.l(btod.o)
    0x08018b04   0x08018b04   0x00000046   Code   RO         3035    CL$$btod_d2e_denorm_low  c_w.l(btod.o)
    0x08018b4a   0x08018b4a   0x00000060   Code   RO         3034    CL$$btod_d2e_norm_op1  c_w.l(btod.o)
    0x08018baa   0x08018baa   0x00000338   Code   RO         3043    CL$$btod_div_common  c_w.l(btod.o)
    0x08018ee2   0x08018ee2   0x000000dc   Code   RO         3040    CL$$btod_e2e        c_w.l(btod.o)
    0x08018fbe   0x08018fbe   0x0000002a   Code   RO         3037    CL$$btod_ediv       c_w.l(btod.o)
    0x08018fe8   0x08018fe8   0x0000002a   Code   RO         3036    CL$$btod_emul       c_w.l(btod.o)
    0x08019012   0x08019012   0x00000244   Code   RO         3042    CL$$btod_mult_common  c_w.l(btod.o)
    0x08019256   0x08019256   0x00000028   Code   RO         3062    i.__ARM_fpclassify  m_ws.l(fpclassify.o)
    0x0801927e   0x0801927e   0x0000000e   Code   RO         2861    i._is_digit         c_w.l(__printf_wp.o)
    0x0801928c   0x0801928c   0x00000054   Code   RO         2198    i.add_server_id     Net_Dbg_CM3_L.lib(net_http_server.o)
    0x080192e0   0x080192e0   0x0000005c   Code   RO         1878    i.arp_cache_alloc   Net_Dbg_CM3_L.lib(net_arp.o)
    0x0801933c   0x0801933c   0x00000170   Code   RO         1879    i.arp_cache_run     Net_Dbg_CM3_L.lib(net_arp.o)
    0x080194ac   0x080194ac   0x00000038   Code   RO         1880    i.arp_is_cacheable  Net_Dbg_CM3_L.lib(net_arp.o)
    0x080194e4   0x080194e4   0x00000088   Code   RO         1881    i.arp_probe_run     Net_Dbg_CM3_L.lib(net_arp.o)
    0x0801956c   0x0801956c   0x000000d8   Code   RO         1883    i.arp_proc_response  Net_Dbg_CM3_L.lib(net_arp.o)
    0x08019644   0x08019644   0x0000001a   Code   RO         1884    i.arp_que_free      Net_Dbg_CM3_L.lib(net_arp.o)
    0x0801965e   0x0801965e   0x00000002   PAD
    0x08019660   0x08019660   0x000000a0   Code   RO         1885    i.arp_send_reply    Net_Dbg_CM3_L.lib(net_arp.o)
    0x08019700   0x08019700   0x000000d0   Code   RO         1886    i.arp_send_request  Net_Dbg_CM3_L.lib(net_arp.o)
    0x080197d0   0x080197d0   0x00000068   Code   RO         1887    i.arp_sender_valid  Net_Dbg_CM3_L.lib(net_arp.o)
    0x08019838   0x08019838   0x0000018c   Code   RO         2199    i.chk_post_req      Net_Dbg_CM3_L.lib(net_http_server.o)
    0x080199c4   0x080199c4   0x00000028   Code   RO         2713    i.crc32_8bit        Net_Dbg_CM3_L.lib(net_common.o)
    0x080199ec   0x080199ec   0x0000009a   Code   RO         1822    i.eth_check_link    Net_Dbg_CM3_L.lib(net_eth.o)
    0x08019a86   0x08019a86   0x00000002   PAD
    0x08019a88   0x08019a88   0x00000020   Code   RO         1823    i.eth_if_map        Net_Dbg_CM3_L.lib(net_eth.o)
    0x08019aa8   0x08019aa8   0x00000304   Code   RO         1824    i.eth_iface_init    Net_Dbg_CM3_L.lib(net_eth.o)
    0x08019dac   0x08019dac   0x00000290   Code   RO         1825    i.eth_iface_run     Net_Dbg_CM3_L.lib(net_eth.o)
    0x0801a03c   0x0801a03c   0x0000007c   Code   RO         1826    i.eth_iface_uninit  Net_Dbg_CM3_L.lib(net_eth.o)
    0x0801a0b8   0x0801a0b8   0x00000008   Code   RO         1827    i.eth_lock          Net_Dbg_CM3_L.lib(net_eth.o)
    0x0801a0c0   0x0801a0c0   0x0000001c   Code   RO         1828    i.eth_mtu_limit     Net_Dbg_CM3_L.lib(net_eth.o)
    0x0801a0dc   0x0801a0dc   0x00000048   Code   RO         1829    i.eth_opt_len       Net_Dbg_CM3_L.lib(net_eth.o)
    0x0801a124   0x0801a124   0x00000088   Code   RO         1830    i.eth_receive       Net_Dbg_CM3_L.lib(net_eth.o)
    0x0801a1ac   0x0801a1ac   0x00000008   Code   RO         1831    i.eth_unlock        Net_Dbg_CM3_L.lib(net_eth.o)
    0x0801a1b4   0x0801a1b4   0x0000007c   Code   RO         1962    i.frag_map_session  Net_Dbg_CM3_L.lib(net_ip4_frag.o)
    0x0801a230   0x0801a230   0x00000028   Code   RO         2200    i.get_next_field    Net_Dbg_CM3_L.lib(net_http_server.o)
    0x0801a258   0x0801a258   0x00000032   Code   RO         2201    i.get_next_par      Net_Dbg_CM3_L.lib(net_http_server.o)
    0x0801a28a   0x0801a28a   0x00000022   Code   RO         2202    i.hex2byte          Net_Dbg_CM3_L.lib(net_http_server.o)
    0x0801a2ac   0x0801a2ac   0x0000036c   Code   RO         2203    i.http_add_header   Net_Dbg_CM3_L.lib(net_http_server.o)
    0x0801a618   0x0801a618   0x00000050   Code   RO         2323    i.http_auth_basic_add  Net_Dbg_CM3_L.lib(net_http_server_auth.o)
    0x0801a668   0x0801a668   0x00000090   Code   RO         2324    i.http_auth_basic_parse  Net_Dbg_CM3_L.lib(net_http_server_auth.o)
    0x0801a6f8   0x0801a6f8   0x00000002   Code   RO         2330    i.http_auth_dummy   Net_Dbg_CM3_L.lib(net_http_server_auth.o)
    0x0801a6fa   0x0801a6fa   0x00000002   PAD
    0x0801a6fc   0x0801a6fc   0x00000024   Code   RO         2331    i.http_auth_init    Net_Dbg_CM3_L.lib(net_http_server_auth.o)
    0x0801a720   0x0801a720   0x000001cc   Code   RO         2204    i.http_error_msg    Net_Dbg_CM3_L.lib(net_http_server.o)
    0x0801a8ec   0x0801a8ec   0x00000078   Code   RO         2205    i.http_get_ftype    Net_Dbg_CM3_L.lib(net_http_server.o)
    0x0801a964   0x0801a964   0x0000005e   Code   RO         2206    i.http_kill_session  Net_Dbg_CM3_L.lib(net_http_server.o)
    0x0801a9c2   0x0801a9c2   0x00000002   PAD
    0x0801a9c4   0x0801a9c4   0x000002a8   Code   RO         2207    i.http_listener     Net_Dbg_CM3_L.lib(net_http_server.o)
    0x0801ac6c   0x0801ac6c   0x00000184   Code   RO         2208    i.http_open_file    Net_Dbg_CM3_L.lib(net_http_server.o)
    0x0801adf0   0x0801adf0   0x0000011c   Code   RO         2209    i.http_parse_header  Net_Dbg_CM3_L.lib(net_http_server.o)
    0x0801af0c   0x0801af0c   0x000001a8   Code   RO         2210    i.http_proc_multipart  Net_Dbg_CM3_L.lib(net_http_server.o)
    0x0801b0b4   0x0801b0b4   0x00000138   Code   RO         2211    i.http_proc_post    Net_Dbg_CM3_L.lib(net_http_server.o)
    0x0801b1ec   0x0801b1ec   0x00000468   Code   RO         2212    i.http_server_run   Net_Dbg_CM3_L.lib(net_http_server.o)
    0x0801b654   0x0801b654   0x00000060   Code   RO         2213    i.http_server_start  Net_Dbg_CM3_L.lib(net_http_server.o)
    0x0801b6b4   0x0801b6b4   0x00000020   Code   RO         2215    i.http_strcpy       Net_Dbg_CM3_L.lib(net_http_server.o)
    0x0801b6d4   0x0801b6d4   0x000000ac   Code   RO         2216    i.http_to_utc       Net_Dbg_CM3_L.lib(net_http_server.o)
    0x0801b780   0x0801b780   0x0000001a   Code   RO         2714    i.i2str             Net_Dbg_CM3_L.lib(net_common.o)
    0x0801b79a   0x0801b79a   0x0000000c   Code   RO         2591    i.ip4_get_chksum    Net_Dbg_CM3_L.lib(net_ip4.o)
    0x0801b7a6   0x0801b7a6   0x00000028   Code   RO         2592    i.ip4_get_mtu       Net_Dbg_CM3_L.lib(net_ip4.o)
    0x0801b7ce   0x0801b7ce   0x00000040   Code   RO         2454    i.ip4_ntoa          Net_Dbg_CM3_L.lib(net_addr.o)
    0x0801b80e   0x0801b80e   0x00000002   PAD
    0x0801b810   0x0801b810   0x000000ca   Code   RO         2455    i.ip6_ntoa          Net_Dbg_CM3_L.lib(net_addr.o)
    0x0801b8da   0x0801b8da   0x0000003e   Code   RO         2456    i.mac_ntoa          Net_Dbg_CM3_L.lib(net_addr.o)
    0x0801b918   0x0801b918   0x0000000c   Code   RO         2690    i.mem_lock          Net_Dbg_CM3_L.lib(net_mem.o)
    0x0801b924   0x0801b924   0x0000000c   Code   RO         2691    i.mem_unlock        Net_Dbg_CM3_L.lib(net_mem.o)
    0x0801b930   0x0801b930   0x000001a4   Code   RO         2184    i.nbns_listener     Net_Dbg_CM3_L.lib(net_nbns_client.o)
    0x0801bad4   0x0801bad4   0x00000120   Code   RO         2521    i.ndp_cache_add     Net_Dbg_CM3_L.lib(net_ndp.o)
    0x0801bbf4   0x0801bbf4   0x00000072   Code   RO         2522    i.ndp_cache_alloc   Net_Dbg_CM3_L.lib(net_ndp.o)
    0x0801bc66   0x0801bc66   0x00000002   PAD
    0x0801bc68   0x0801bc68   0x00000078   Code   RO         2523    i.ndp_cache_delete  Net_Dbg_CM3_L.lib(net_ndp.o)
    0x0801bce0   0x0801bce0   0x0000002c   Code   RO         2525    i.ndp_check_frame   Net_Dbg_CM3_L.lib(net_ndp.o)
    0x0801bd0c   0x0801bd0c   0x00000012   Code   RO         2526    i.ndp_next_opt      Net_Dbg_CM3_L.lib(net_ndp.o)
    0x0801bd1e   0x0801bd1e   0x00000002   PAD
    0x0801bd20   0x0801bd20   0x000000e4   Code   RO         2527    i.ndp_prefix_add    Net_Dbg_CM3_L.lib(net_ndp.o)
    0x0801be04   0x0801be04   0x000000fc   Code   RO         2530    i.ndp_proc_response  Net_Dbg_CM3_L.lib(net_ndp.o)
    0x0801bf00   0x0801bf00   0x0000001a   Code   RO         2531    i.ndp_que_free      Net_Dbg_CM3_L.lib(net_ndp.o)
    0x0801bf1a   0x0801bf1a   0x00000002   PAD
    0x0801bf1c   0x0801bf1c   0x00000038   Code   RO         2532    i.ndp_router_remove  Net_Dbg_CM3_L.lib(net_ndp.o)
    0x0801bf54   0x0801bf54   0x0000009c   Code   RO         2533    i.ndp_send_reply    Net_Dbg_CM3_L.lib(net_ndp.o)
    0x0801bff0   0x0801bff0   0x000000bc   Code   RO         2534    i.ndp_send_request  Net_Dbg_CM3_L.lib(net_ndp.o)
    0x0801c0ac   0x0801c0ac   0x00000004   Code   RO         2217    i.netCGI_Charset    Net_Dbg_CM3_L.lib(net_http_server.o)
    0x0801c0b0   0x0801c0b0   0x00000004   Code   RO         2218    i.netCGI_ContentType  Net_Dbg_CM3_L.lib(net_http_server.o)
    0x0801c0b4   0x0801c0b4   0x00000004   Code   RO         2219    i.netCGI_CustomHeader  Net_Dbg_CM3_L.lib(net_http_server.o)
    0x0801c0b8   0x0801c0b8   0x0000006c   Code   RO         2220    i.netCGI_GetEnvVar  Net_Dbg_CM3_L.lib(net_http_server.o)
    0x0801c124   0x0801c124   0x00000004   Code   RO         2223    i.netCGI_Redirect   Net_Dbg_CM3_L.lib(net_http_server.o)
    0x0801c128   0x0801c128   0x00000004   Code   RO         2225    i.netCGX_ContentType  Net_Dbg_CM3_L.lib(net_http_server.o)
    0x0801c12c   0x0801c12c   0x00000064   Code   RO         2404    i.netCore_Thread    Net_Dbg_CM3_L.lib(net_sys.o)
    0x0801c190   0x0801c190   0x00000002   Code   RO         1833    i.netETH_ReceiveRaw  Net_Dbg_CM3_L.lib(net_eth.o)
    0x0801c192   0x0801c192   0x00000072   Code   RO         1835    i.netETH_Thread     Net_Dbg_CM3_L.lib(net_eth.o)
    0x0801c204   0x0801c204   0x00000004   Code   RO         2332    i.netHTTPs_CheckAccount  Net_Dbg_CM3_L.lib(net_http_server_auth.o)
    0x0801c208   0x0801c208   0x00000004   Code   RO         2228    i.netHTTPs_FileAccess  Net_Dbg_CM3_L.lib(net_http_server.o)
    0x0801c20c   0x0801c20c   0x0000002c   Code   RO         2229    i.netHTTPs_GetClient  Net_Dbg_CM3_L.lib(net_http_server.o)
    0x0801c238   0x0801c238   0x00000020   Code   RO         2231    i.netHTTPs_GetLanguage  Net_Dbg_CM3_L.lib(net_http_server.o)
    0x0801c258   0x0801c258   0x0000000c   Code   RO         2232    i.netHTTPs_GetPassword  Net_Dbg_CM3_L.lib(net_http_server.o)
    0x0801c264   0x0801c264   0x0000000c   Code   RO         2238    i.netHTTPs_LoginActive  Net_Dbg_CM3_L.lib(net_http_server.o)
    0x0801c270   0x0801c270   0x00000058   Code   RO         2241    i.netHTTPs_SetPassword  Net_Dbg_CM3_L.lib(net_http_server.o)
    0x0801c2c8   0x0801c2c8   0x00000088   Code   RO         2405    i.netIF_GetOption   Net_Dbg_CM3_L.lib(net_sys.o)
    0x0801c350   0x0801c350   0x00000084   Code   RO         2407    i.netIF_SetOption   Net_Dbg_CM3_L.lib(net_sys.o)
    0x0801c3d4   0x0801c3d4   0x0000001a   Code   RO         2457    i.netIP_aton        Net_Dbg_CM3_L.lib(net_addr.o)
    0x0801c3ee   0x0801c3ee   0x00000032   Code   RO         2458    i.netIP_ntoa        Net_Dbg_CM3_L.lib(net_addr.o)
    0x0801c420   0x0801c420   0x000000ac   Code   RO         2408    i.netInitialize     Net_Dbg_CM3_L.lib(net_sys.o)
    0x0801c4cc   0x0801c4cc   0x0000008c   Code   RO         2459    i.netMAC_aton       Net_Dbg_CM3_L.lib(net_addr.o)
    0x0801c558   0x0801c558   0x0000001c   Code   RO         2384    i.netPing_Echo      Net_Dbg_CM3_L.lib(net_ping_core.o)
    0x0801c574   0x0801c574   0x0000001c   Code   RO         2357    i.netSNTPc_GetTime  Net_Dbg_CM3_L.lib(net_sntp_client_core.o)
    0x0801c590   0x0801c590   0x00000020   Code   RO         2063    i.netTCP_Connect    Net_Dbg_CM3_L.lib(net_tcp.o)
    0x0801c5b0   0x0801c5b0   0x00000004   Code   RO         2065    i.netTCP_GetLocalPort  Net_Dbg_CM3_L.lib(net_tcp.o)
    0x0801c5b4   0x0801c5b4   0x00000020   Code   RO         2067    i.netTCP_GetPeer    Net_Dbg_CM3_L.lib(net_tcp.o)
    0x0801c5d4   0x0801c5d4   0x00000018   Code   RO         2068    i.netTCP_GetSocket  Net_Dbg_CM3_L.lib(net_tcp.o)
    0x0801c5ec   0x0801c5ec   0x00000004   Code   RO         2069    i.netTCP_GetState   Net_Dbg_CM3_L.lib(net_tcp.o)
    0x0801c5f0   0x0801c5f0   0x00000004   Code   RO         2070    i.netTCP_GetTimer   Net_Dbg_CM3_L.lib(net_tcp.o)
    0x0801c5f4   0x0801c5f4   0x00000020   Code   RO         2076    i.netTCP_SetOption  Net_Dbg_CM3_L.lib(net_tcp.o)
    0x0801c614   0x0801c614   0x00000018   Code   RO         2006    i.netUDP_GetSocket  Net_Dbg_CM3_L.lib(net_udp.o)
    0x0801c62c   0x0801c62c   0x00000026   Code   RO         2009    i.netUDP_Send       Net_Dbg_CM3_L.lib(net_udp.o)
    0x0801c652   0x0801c652   0x00000020   Code   RO         2010    i.netUDP_SetOption  Net_Dbg_CM3_L.lib(net_udp.o)
    0x0801c672   0x0801c672   0x0000007c   Code   RO         2461    i.net_addr4_aton    Net_Dbg_CM3_L.lib(net_addr.o)
    0x0801c6ee   0x0801c6ee   0x00000002   PAD
    0x0801c6f0   0x0801c6f0   0x0000000c   Code   RO         2462    i.net_addr4_ntoa    Net_Dbg_CM3_L.lib(net_addr.o)
    0x0801c6fc   0x0801c6fc   0x0000001e   Code   RO         2463    i.net_addr4_to_mac  Net_Dbg_CM3_L.lib(net_addr.o)
    0x0801c71a   0x0801c71a   0x00000002   PAD
    0x0801c71c   0x0801c71c   0x000000e6   Code   RO         2464    i.net_addr6_aton    Net_Dbg_CM3_L.lib(net_addr.o)
    0x0801c802   0x0801c802   0x00000028   Code   RO         2465    i.net_addr6_comp    Net_Dbg_CM3_L.lib(net_addr.o)
    0x0801c82a   0x0801c82a   0x00000012   Code   RO         2466    i.net_addr6_copy    Net_Dbg_CM3_L.lib(net_addr.o)
    0x0801c83c   0x0801c83c   0x0000004c   Code   RO         2467    i.net_addr6_create  Net_Dbg_CM3_L.lib(net_addr.o)
    0x0801c888   0x0801c888   0x00000028   Code   RO         2468    i.net_addr6_get_solicited  Net_Dbg_CM3_L.lib(net_addr.o)
    0x0801c8b0   0x0801c8b0   0x00000018   Code   RO         2469    i.net_addr6_is_linklocal  Net_Dbg_CM3_L.lib(net_addr.o)
    0x0801c8c8   0x0801c8c8   0x0000006e   Code   RO         2470    i.net_addr6_is_onlink  Net_Dbg_CM3_L.lib(net_addr.o)
    0x0801c936   0x0801c936   0x00000048   Code   RO         2471    i.net_addr6_is_solicited  Net_Dbg_CM3_L.lib(net_addr.o)
    0x0801c97e   0x0801c97e   0x00000018   Code   RO         2472    i.net_addr6_is_unspec  Net_Dbg_CM3_L.lib(net_addr.o)
    0x0801c996   0x0801c996   0x0000000e   Code   RO         2474    i.net_addr6_to_mac  Net_Dbg_CM3_L.lib(net_addr.o)
    0x0801c9a4   0x0801c9a4   0x0000002c   Code   RO         2475    i.net_addr_comp     Net_Dbg_CM3_L.lib(net_addr.o)
    0x0801c9d0   0x0801c9d0   0x00000026   Code   RO         2476    i.net_addr_copy     Net_Dbg_CM3_L.lib(net_addr.o)
    0x0801c9f6   0x0801c9f6   0x0000001a   Code   RO         2477    i.net_addr_find_route  Net_Dbg_CM3_L.lib(net_addr.o)
    0x0801ca10   0x0801ca10   0x00000020   Code   RO         2479    i.net_addr_get_local  Net_Dbg_CM3_L.lib(net_addr.o)
    0x0801ca30   0x0801ca30   0x00000022   Code   RO         2480    i.net_addr_is_unspec  Net_Dbg_CM3_L.lib(net_addr.o)
    0x0801ca52   0x0801ca52   0x00000002   PAD
    0x0801ca54   0x0801ca54   0x0000011c   Code   RO         1895    i.net_arp_cache_add  Net_Dbg_CM3_L.lib(net_arp.o)
    0x0801cb70   0x0801cb70   0x000000bc   Code   RO         1896    i.net_arp_cache_early  Net_Dbg_CM3_L.lib(net_arp.o)
    0x0801cc2c   0x0801cc2c   0x000000ec   Code   RO         1897    i.net_arp_cache_find  Net_Dbg_CM3_L.lib(net_arp.o)
    0x0801cd18   0x0801cd18   0x00000048   Code   RO         1898    i.net_arp_cache_init  Net_Dbg_CM3_L.lib(net_arp.o)
    0x0801cd60   0x0801cd60   0x0000001c   Code   RO         1899    i.net_arp_cache_run  Net_Dbg_CM3_L.lib(net_arp.o)
    0x0801cd7c   0x0801cd7c   0x00000040   Code   RO         1900    i.net_arp_cache_uninit  Net_Dbg_CM3_L.lib(net_arp.o)
    0x0801cdbc   0x0801cdbc   0x00000078   Code   RO         1901    i.net_arp_enqueue   Net_Dbg_CM3_L.lib(net_arp.o)
    0x0801ce34   0x0801ce34   0x0000002c   Code   RO         1902    i.net_arp_find_mac  Net_Dbg_CM3_L.lib(net_arp.o)
    0x0801ce60   0x0801ce60   0x00000020   Code   RO         1903    i.net_arp_notify    Net_Dbg_CM3_L.lib(net_arp.o)
    0x0801ce80   0x0801ce80   0x00000224   Code   RO         1905    i.net_arp_process   Net_Dbg_CM3_L.lib(net_arp.o)
    0x0801d0a4   0x0801d0a4   0x00000042   Code   RO         2715    i.net_atoi          Net_Dbg_CM3_L.lib(net_common.o)
    0x0801d0e6   0x0801d0e6   0x00000002   PAD
    0x0801d0e8   0x0801d0e8   0x00000078   Code   RO         2781    i.net_base64_decode  Net_Dbg_CM3_L.lib(net_base64.o)
    0x0801d160   0x0801d160   0x00000030   Code   RO         2716    i.net_bin2hex       Net_Dbg_CM3_L.lib(net_common.o)
    0x0801d190   0x0801d190   0x00000030   Code   RO         2717    i.net_chksum_buf    Net_Dbg_CM3_L.lib(net_common.o)
    0x0801d1c0   0x0801d1c0   0x0000001e   Code   RO         2718    i.net_crc_buf       Net_Dbg_CM3_L.lib(net_common.o)
    0x0801d1de   0x0801d1de   0x0000000e   Code   RO         1836    i.net_eth_callback  Net_Dbg_CM3_L.lib(net_eth.o)
    0x0801d1ec   0x0801d1ec   0x00000068   Code   RO         1837    i.net_eth_config_mcast  Net_Dbg_CM3_L.lib(net_eth.o)
    0x0801d254   0x0801d254   0x0000002c   Code   RO         1838    i.net_eth_get_addr  Net_Dbg_CM3_L.lib(net_eth.o)
    0x0801d280   0x0801d280   0x000000ea   Code   RO         1839    i.net_eth_get_option  Net_Dbg_CM3_L.lib(net_eth.o)
    0x0801d36a   0x0801d36a   0x00000002   PAD
    0x0801d36c   0x0801d36c   0x0000001c   Code   RO         1840    i.net_eth_iface_init  Net_Dbg_CM3_L.lib(net_eth.o)
    0x0801d388   0x0801d388   0x0000001c   Code   RO         1841    i.net_eth_iface_run  Net_Dbg_CM3_L.lib(net_eth.o)
    0x0801d3a4   0x0801d3a4   0x0000001c   Code   RO         1842    i.net_eth_iface_uninit  Net_Dbg_CM3_L.lib(net_eth.o)
    0x0801d3c0   0x0801d3c0   0x000000a8   Code   RO         1843    i.net_eth_output    Net_Dbg_CM3_L.lib(net_eth.o)
    0x0801d468   0x0801d468   0x000001e0   Code   RO         1844    i.net_eth_send_frame  Net_Dbg_CM3_L.lib(net_eth.o)
    0x0801d648   0x0801d648   0x00000270   Code   RO         1845    i.net_eth_set_option  Net_Dbg_CM3_L.lib(net_eth.o)
    0x0801d8b8   0x0801d8b8   0x000000e8   Code   RO         2247    i.net_http_server_init  Net_Dbg_CM3_L.lib(net_http_server.o)
    0x0801d9a0   0x0801d9a0   0x00000028   Code   RO         2248    i.net_http_server_run  Net_Dbg_CM3_L.lib(net_http_server.o)
    0x0801d9c8   0x0801d9c8   0x00000070   Code   RO         2249    i.net_http_server_uninit  Net_Dbg_CM3_L.lib(net_http_server.o)
    0x0801da38   0x0801da38   0x00000018   Code   RO         2663    i.net_icmp6_init    Net_Dbg_CM3_L.lib(net_icmp6.o)
    0x0801da50   0x0801da50   0x00000238   Code   RO         2664    i.net_icmp6_process  Net_Dbg_CM3_L.lib(net_icmp6.o)
    0x0801dc88   0x0801dc88   0x00000084   Code   RO         2665    i.net_icmp6_send    Net_Dbg_CM3_L.lib(net_icmp6.o)
    0x0801dd0c   0x0801dd0c   0x00000058   Code   RO         2666    i.net_icmp6_send_echo  Net_Dbg_CM3_L.lib(net_icmp6.o)
    0x0801dd64   0x0801dd64   0x00000018   Code   RO         1984    i.net_icmp_init     Net_Dbg_CM3_L.lib(net_icmp.o)
    0x0801dd7c   0x0801dd7c   0x000001c8   Code   RO         1985    i.net_icmp_process  Net_Dbg_CM3_L.lib(net_icmp.o)
    0x0801df44   0x0801df44   0x000000a0   Code   RO         1986    i.net_icmp_send_echo  Net_Dbg_CM3_L.lib(net_icmp.o)
    0x0801dfe4   0x0801dfe4   0x0000000c   Code   RO         2412    i.net_if_map_all    Net_Dbg_CM3_L.lib(net_sys.o)
    0x0801dff0   0x0801dff0   0x0000000c   Code   RO         2413    i.net_if_map_lan    Net_Dbg_CM3_L.lib(net_sys.o)
    0x0801dffc   0x0801dffc   0x0000018c   Code   RO         2593    i.net_ip4_chk_frame  Net_Dbg_CM3_L.lib(net_ip4.o)
    0x0801e188   0x0801e188   0x0000002c   Code   RO         2594    i.net_ip4_chksum    Net_Dbg_CM3_L.lib(net_ip4.o)
    0x0801e1b4   0x0801e1b4   0x00000006   Code   RO         2595    i.net_ip4_chksum_buf  Net_Dbg_CM3_L.lib(net_ip4.o)
    0x0801e1ba   0x0801e1ba   0x00000002   PAD
    0x0801e1bc   0x0801e1bc   0x00000080   Code   RO         2597    i.net_ip4_find_route  Net_Dbg_CM3_L.lib(net_ip4.o)
    0x0801e23c   0x0801e23c   0x00000124   Code   RO         1963    i.net_ip4_frag_add  Net_Dbg_CM3_L.lib(net_ip4_frag.o)
    0x0801e360   0x0801e360   0x000000ac   Code   RO         1964    i.net_ip4_frag_get  Net_Dbg_CM3_L.lib(net_ip4_frag.o)
    0x0801e40c   0x0801e40c   0x00000010   Code   RO         1965    i.net_ip4_frag_init  Net_Dbg_CM3_L.lib(net_ip4_frag.o)
    0x0801e41c   0x0801e41c   0x0000003c   Code   RO         1966    i.net_ip4_frag_run  Net_Dbg_CM3_L.lib(net_ip4_frag.o)
    0x0801e458   0x0801e458   0x00000010   Code   RO         1967    i.net_ip4_frag_uninit  Net_Dbg_CM3_L.lib(net_ip4_frag.o)
    0x0801e468   0x0801e468   0x0000002c   Code   RO         2598    i.net_ip4_get_local  Net_Dbg_CM3_L.lib(net_ip4.o)
    0x0801e494   0x0801e494   0x00000024   Code   RO         2599    i.net_ip4_init      Net_Dbg_CM3_L.lib(net_ip4.o)
    0x0801e4b8   0x0801e4b8   0x00000020   Code   RO         2600    i.net_ip4_is_onlink  Net_Dbg_CM3_L.lib(net_ip4.o)
    0x0801e4d8   0x0801e4d8   0x00000026   Code   RO         2601    i.net_ip4_is_subcast  Net_Dbg_CM3_L.lib(net_ip4.o)
    0x0801e4fe   0x0801e4fe   0x0000000e   Code   RO         2602    i.net_ip4_reass_frame  Net_Dbg_CM3_L.lib(net_ip4.o)
    0x0801e50c   0x0801e50c   0x00000164   Code   RO         2603    i.net_ip4_send_frame  Net_Dbg_CM3_L.lib(net_ip4.o)
    0x0801e670   0x0801e670   0x0000002a   Code   RO         2605    i.net_ip4_tx_offl_hl  Net_Dbg_CM3_L.lib(net_ip4.o)
    0x0801e69a   0x0801e69a   0x00000002   PAD
    0x0801e69c   0x0801e69c   0x00000020   Code   RO         2606    i.net_ip4_uninit    Net_Dbg_CM3_L.lib(net_ip4.o)
    0x0801e6bc   0x0801e6bc   0x00000100   Code   RO         2631    i.net_ip6_chk_frame  Net_Dbg_CM3_L.lib(net_ip6.o)
    0x0801e7bc   0x0801e7bc   0x00000032   Code   RO         2632    i.net_ip6_chksum    Net_Dbg_CM3_L.lib(net_ip6.o)
    0x0801e7ee   0x0801e7ee   0x00000002   PAD
    0x0801e7f0   0x0801e7f0   0x0000007c   Code   RO         2633    i.net_ip6_collect_mcast  Net_Dbg_CM3_L.lib(net_ip6.o)
    0x0801e86c   0x0801e86c   0x00000048   Code   RO         2635    i.net_ip6_find_route  Net_Dbg_CM3_L.lib(net_ip6.o)
    0x0801e8b4   0x0801e8b4   0x00000054   Code   RO         2636    i.net_ip6_get_local  Net_Dbg_CM3_L.lib(net_ip6.o)
    0x0801e908   0x0801e908   0x0000001c   Code   RO         2637    i.net_ip6_init      Net_Dbg_CM3_L.lib(net_ip6.o)
    0x0801e924   0x0801e924   0x000000cc   Code   RO         2638    i.net_ip6_send_frame  Net_Dbg_CM3_L.lib(net_ip6.o)
    0x0801e9f0   0x0801e9f0   0x0000001e   Code   RO         2640    i.net_ip6_tx_offl_hl  Net_Dbg_CM3_L.lib(net_ip6.o)
    0x0801ea0e   0x0801ea0e   0x00000002   PAD
    0x0801ea10   0x0801ea10   0x0000001c   Code   RO         2641    i.net_ip6_uninit    Net_Dbg_CM3_L.lib(net_ip6.o)
    0x0801ea2c   0x0801ea2c   0x00000008   Code   RO         2719    i.net_itoa          Net_Dbg_CM3_L.lib(net_common.o)
    0x0801ea34   0x0801ea34   0x00000006   Code   RO         2721    i.net_itoa_n0       Net_Dbg_CM3_L.lib(net_common.o)
    0x0801ea3a   0x0801ea3a   0x00000002   PAD
    0x0801ea3c   0x0801ea3c   0x00000030   Code   RO         1945    i.net_loop_iface_init  Net_Dbg_CM3_L.lib(net_loopback.o)
    0x0801ea6c   0x0801ea6c   0x000000bc   Code   RO         1946    i.net_loop_iface_run  Net_Dbg_CM3_L.lib(net_loopback.o)
    0x0801eb28   0x0801eb28   0x00000028   Code   RO         1947    i.net_loop_iface_uninit  Net_Dbg_CM3_L.lib(net_loopback.o)
    0x0801eb50   0x0801eb50   0x00000070   Code   RO         1948    i.net_loop_send_frame  Net_Dbg_CM3_L.lib(net_loopback.o)
    0x0801ebc0   0x0801ebc0   0x0000000c   Code   RO         2482    i.net_mac_ntoa      Net_Dbg_CM3_L.lib(net_addr.o)
    0x0801ebcc   0x0801ebcc   0x000000c0   Code   RO         2692    i.net_mem_alloc     Net_Dbg_CM3_L.lib(net_mem.o)
    0x0801ec8c   0x0801ec8c   0x0000001c   Code   RO         2693    i.net_mem_avail     Net_Dbg_CM3_L.lib(net_mem.o)
    0x0801eca8   0x0801eca8   0x000000a4   Code   RO         2694    i.net_mem_free      Net_Dbg_CM3_L.lib(net_mem.o)
    0x0801ed4c   0x0801ed4c   0x00000070   Code   RO         2695    i.net_mem_init      Net_Dbg_CM3_L.lib(net_mem.o)
    0x0801edbc   0x0801edbc   0x00000048   Code   RO         2696    i.net_mem_shrink    Net_Dbg_CM3_L.lib(net_mem.o)
    0x0801ee04   0x0801ee04   0x00000064   Code   RO         2185    i.net_nbns_client_init  Net_Dbg_CM3_L.lib(net_nbns_client.o)
    0x0801ee68   0x0801ee68   0x00000038   Code   RO         2186    i.net_nbns_client_uninit  Net_Dbg_CM3_L.lib(net_nbns_client.o)
    0x0801eea0   0x0801eea0   0x000001c4   Code   RO         2542    i.net_ndp_cache_find  Net_Dbg_CM3_L.lib(net_ndp.o)
    0x0801f064   0x0801f064   0x00000078   Code   RO         2545    i.net_ndp_cache_refresh  Net_Dbg_CM3_L.lib(net_ndp.o)
    0x0801f0dc   0x0801f0dc   0x00000070   Code   RO         2548    i.net_ndp_enqueue   Net_Dbg_CM3_L.lib(net_ndp.o)
    0x0801f14c   0x0801f14c   0x00000036   Code   RO         2549    i.net_ndp_find_mac  Net_Dbg_CM3_L.lib(net_ndp.o)
    0x0801f182   0x0801f182   0x00000002   PAD
    0x0801f184   0x0801f184   0x00000374   Code   RO         2550    i.net_ndp_process   Net_Dbg_CM3_L.lib(net_ndp.o)
    0x0801f4f8   0x0801f4f8   0x00000038   Code   RO         2414    i.net_path          Net_Dbg_CM3_L.lib(net_sys.o)
    0x0801f530   0x0801f530   0x00000020   Code   RO         2385    i.net_ping_client_init  Net_Dbg_CM3_L.lib(net_ping_core.o)
    0x0801f550   0x0801f550   0x00000080   Code   RO         2386    i.net_ping_client_run  Net_Dbg_CM3_L.lib(net_ping_core.o)
    0x0801f5d0   0x0801f5d0   0x000000e8   Code   RO         2387    i.net_ping_client_start  Net_Dbg_CM3_L.lib(net_ping_core.o)
    0x0801f6b8   0x0801f6b8   0x00000020   Code   RO         2388    i.net_ping_client_uninit  Net_Dbg_CM3_L.lib(net_ping_core.o)
    0x0801f6d8   0x0801f6d8   0x0000001c   Code   RO         2415    i.net_rand32        Net_Dbg_CM3_L.lib(net_sys.o)
    0x0801f6f4   0x0801f6f4   0x0000005c   Code   RO         2359    i.net_sntp_client_init  Net_Dbg_CM3_L.lib(net_sntp_client_core.o)
    0x0801f750   0x0801f750   0x00000058   Code   RO         2360    i.net_sntp_client_run  Net_Dbg_CM3_L.lib(net_sntp_client_core.o)
    0x0801f7a8   0x0801f7a8   0x00000148   Code   RO         2361    i.net_sntp_client_start  Net_Dbg_CM3_L.lib(net_sntp_client_core.o)
    0x0801f8f0   0x0801f8f0   0x00000020   Code   RO         2362    i.net_sntp_client_uninit  Net_Dbg_CM3_L.lib(net_sntp_client_core.o)
    0x0801f910   0x0801f910   0x0000002e   Code   RO         2722    i.net_strcasecmp    Net_Dbg_CM3_L.lib(net_common.o)
    0x0801f93e   0x0801f93e   0x00000016   Code   RO         2723    i.net_strchr        Net_Dbg_CM3_L.lib(net_common.o)
    0x0801f954   0x0801f954   0x0000001a   Code   RO         2724    i.net_strcmp        Net_Dbg_CM3_L.lib(net_common.o)
    0x0801f96e   0x0801f96e   0x00000012   Code   RO         2725    i.net_strcpy        Net_Dbg_CM3_L.lib(net_common.o)
    0x0801f980   0x0801f980   0x0000001c   Code   RO         2727    i.net_strnchr       Net_Dbg_CM3_L.lib(net_common.o)
    0x0801f99c   0x0801f99c   0x0000001a   Code   RO         2728    i.net_strncpy       Net_Dbg_CM3_L.lib(net_common.o)
    0x0801f9b6   0x0801f9b6   0x00000020   Code   RO         2729    i.net_strtoupper    Net_Dbg_CM3_L.lib(net_common.o)
    0x0801f9d6   0x0801f9d6   0x00000002   PAD
    0x0801f9d8   0x0801f9d8   0x0000000c   Code   RO         2416    i.net_sys_lock      Net_Dbg_CM3_L.lib(net_sys.o)
    0x0801f9e4   0x0801f9e4   0x00000016   Code   RO         2417    i.net_sys_resume    Net_Dbg_CM3_L.lib(net_sys.o)
    0x0801f9fa   0x0801f9fa   0x00000002   PAD
    0x0801f9fc   0x0801f9fc   0x00000014   Code   RO         2419    i.net_sys_tick      Net_Dbg_CM3_L.lib(net_sys.o)
    0x0801fa10   0x0801fa10   0x0000000c   Code   RO         2420    i.net_sys_unlock    Net_Dbg_CM3_L.lib(net_sys.o)
    0x0801fa1c   0x0801fa1c   0x00000020   Code   RO         2422    i.net_sys_wakeup    Net_Dbg_CM3_L.lib(net_sys.o)
    0x0801fa3c   0x0801fa3c   0x00000084   Code   RO         2077    i.net_tcp_abort     Net_Dbg_CM3_L.lib(net_tcp.o)
    0x0801fac0   0x0801fac0   0x0000004c   Code   RO         2078    i.net_tcp_alloc_port  Net_Dbg_CM3_L.lib(net_tcp.o)
    0x0801fb0c   0x0801fb0c   0x000000e4   Code   RO         2080    i.net_tcp_close     Net_Dbg_CM3_L.lib(net_tcp.o)
    0x0801fbf0   0x0801fbf0   0x00000168   Code   RO         2081    i.net_tcp_connect   Net_Dbg_CM3_L.lib(net_tcp.o)
    0x0801fd58   0x0801fd58   0x0000002e   Code   RO         2083    i.net_tcp_get_buf   Net_Dbg_CM3_L.lib(net_tcp.o)
    0x0801fd86   0x0801fd86   0x00000002   PAD
    0x0801fd88   0x0801fd88   0x00000034   Code   RO         2085    i.net_tcp_get_local_port  Net_Dbg_CM3_L.lib(net_tcp.o)
    0x0801fdbc   0x0801fdbc   0x00000028   Code   RO         2086    i.net_tcp_get_mss   Net_Dbg_CM3_L.lib(net_tcp.o)
    0x0801fde4   0x0801fde4   0x00000054   Code   RO         2088    i.net_tcp_get_peer  Net_Dbg_CM3_L.lib(net_tcp.o)
    0x0801fe38   0x0801fe38   0x00000070   Code   RO         2090    i.net_tcp_get_socket  Net_Dbg_CM3_L.lib(net_tcp.o)
    0x0801fea8   0x0801fea8   0x0000002c   Code   RO         2091    i.net_tcp_get_state  Net_Dbg_CM3_L.lib(net_tcp.o)
    0x0801fed4   0x0801fed4   0x00000034   Code   RO         2092    i.net_tcp_get_timer  Net_Dbg_CM3_L.lib(net_tcp.o)
    0x0801ff08   0x0801ff08   0x000000b0   Code   RO         2093    i.net_tcp_listen    Net_Dbg_CM3_L.lib(net_tcp.o)
    0x0801ffb8   0x0801ffb8   0x0000000c   Code   RO         2094    i.net_tcp_ntoa      Net_Dbg_CM3_L.lib(net_tcp.o)
    0x0801ffc4   0x0801ffc4   0x000007a8   Code   RO         2095    i.net_tcp_process   Net_Dbg_CM3_L.lib(net_tcp.o)
    0x0802076c   0x0802076c   0x0000015c   Code   RO         2099    i.net_tcp_send      Net_Dbg_CM3_L.lib(net_tcp.o)
    0x080208c8   0x080208c8   0x0000012c   Code   RO         2101    i.net_tcp_set_option  Net_Dbg_CM3_L.lib(net_tcp.o)
    0x080209f4   0x080209f4   0x00000028   Code   RO         2102    i.net_tcp_socket_init  Net_Dbg_CM3_L.lib(net_tcp.o)
    0x08020a1c   0x08020a1c   0x000003c0   Code   RO         2103    i.net_tcp_socket_run  Net_Dbg_CM3_L.lib(net_tcp.o)
    0x08020ddc   0x08020ddc   0x00000028   Code   RO         2104    i.net_tcp_socket_uninit  Net_Dbg_CM3_L.lib(net_tcp.o)
    0x08020e04   0x08020e04   0x00000048   Code   RO         2011    i.net_udp_close     Net_Dbg_CM3_L.lib(net_udp.o)
    0x08020e4c   0x08020e4c   0x0000002e   Code   RO         2014    i.net_udp_get_buf   Net_Dbg_CM3_L.lib(net_udp.o)
    0x08020e7a   0x08020e7a   0x00000002   PAD
    0x08020e7c   0x08020e7c   0x00000070   Code   RO         2017    i.net_udp_get_socket  Net_Dbg_CM3_L.lib(net_udp.o)
    0x08020eec   0x08020eec   0x000000ac   Code   RO         2019    i.net_udp_open      Net_Dbg_CM3_L.lib(net_udp.o)
    0x08020f98   0x08020f98   0x00000158   Code   RO         2020    i.net_udp_process   Net_Dbg_CM3_L.lib(net_udp.o)
    0x080210f0   0x080210f0   0x00000012   Code   RO         2022    i.net_udp_send      Net_Dbg_CM3_L.lib(net_udp.o)
    0x08021102   0x08021102   0x00000002   PAD
    0x08021104   0x08021104   0x0000022c   Code   RO         2023    i.net_udp_send_if   Net_Dbg_CM3_L.lib(net_udp.o)
    0x08021330   0x08021330   0x00000104   Code   RO         2024    i.net_udp_set_option  Net_Dbg_CM3_L.lib(net_udp.o)
    0x08021434   0x08021434   0x00000024   Code   RO         2025    i.net_udp_socket_init  Net_Dbg_CM3_L.lib(net_udp.o)
    0x08021458   0x08021458   0x00000024   Code   RO         2026    i.net_udp_socket_uninit  Net_Dbg_CM3_L.lib(net_udp.o)
    0x0802147c   0x0802147c   0x00000008   Code   RO         2730    i.net_ultoa         Net_Dbg_CM3_L.lib(net_common.o)
    0x08021484   0x08021484   0x00000030   Code   RO         2733    i.net_ultox         Net_Dbg_CM3_L.lib(net_common.o)
    0x080214b4   0x080214b4   0x0000004c   Code   RO         2734    i.net_xtoul         Net_Dbg_CM3_L.lib(net_common.o)
    0x08021500   0x08021500   0x0000001c   Code   RO         2389    i.ping_send_req     Net_Dbg_CM3_L.lib(net_ping_core.o)
    0x0802151c   0x0802151c   0x00000058   Code   RO         2251    i.proc_req_line     Net_Dbg_CM3_L.lib(net_http_server.o)
    0x08021574   0x08021574   0x0000001a   Code   RO         1968    i.que_free_list     Net_Dbg_CM3_L.lib(net_ip4_frag.o)
    0x0802158e   0x0802158e   0x000000a0   Code   RO         2252    i.read_script_line  Net_Dbg_CM3_L.lib(net_http_server.o)
    0x0802162e   0x0802162e   0x00000002   PAD
    0x08021630   0x08021630   0x00000094   Code   RO         2946    i.round             m_ws.l(round.o)
    0x080216c4   0x080216c4   0x00000048   Code   RO         2253    i.search_delim      Net_Dbg_CM3_L.lib(net_http_server.o)
    0x0802170c   0x0802170c   0x000000fc   Code   RO         2363    i.sntp_listener     Net_Dbg_CM3_L.lib(net_sntp_client_core.o)
    0x08021808   0x08021808   0x0000003c   Code   RO         2364    i.sntp_send_message  Net_Dbg_CM3_L.lib(net_sntp_client_core.o)
    0x08021844   0x08021844   0x00000018   Code   RO         2366    i.sntp_stop         Net_Dbg_CM3_L.lib(net_sntp_client_core.o)
    0x0802185c   0x0802185c   0x00000018   Code   RO         2423    i.sys_map_if        Net_Dbg_CM3_L.lib(net_sys.o)
    0x08021874   0x08021874   0x0000004c   Code   RO         2424    i.sys_proc_tick     Net_Dbg_CM3_L.lib(net_sys.o)
    0x080218c0   0x080218c0   0x00000110   Code   RO         2105    i.tcp_map_socket    Net_Dbg_CM3_L.lib(net_tcp.o)
    0x080219d0   0x080219d0   0x00000084   Code   RO         2106    i.tcp_parse_opt     Net_Dbg_CM3_L.lib(net_tcp.o)
    0x08021a54   0x08021a54   0x0000011c   Code   RO         2107    i.tcp_proc_acknr    Net_Dbg_CM3_L.lib(net_tcp.o)
    0x08021b70   0x08021b70   0x000000ac   Code   RO         2108    i.tcp_proc_dupack   Net_Dbg_CM3_L.lib(net_tcp.o)
    0x08021c1c   0x08021c1c   0x0000001a   Code   RO         2109    i.tcp_que_free      Net_Dbg_CM3_L.lib(net_tcp.o)
    0x08021c36   0x08021c36   0x0000001a   Code   RO         2110    i.tcp_que_init      Net_Dbg_CM3_L.lib(net_tcp.o)
    0x08021c50   0x08021c50   0x000000ac   Code   RO         2111    i.tcp_que_resend    Net_Dbg_CM3_L.lib(net_tcp.o)
    0x08021cfc   0x08021cfc   0x00000090   Code   RO         2112    i.tcp_send_ctrl     Net_Dbg_CM3_L.lib(net_tcp.o)
    0x08021d8c   0x08021d8c   0x0000007c   Code   RO         2113    i.tcp_send_data     Net_Dbg_CM3_L.lib(net_tcp.o)
    0x08021e08   0x08021e08   0x00000090   Code   RO         2114    i.tcp_send_reset    Net_Dbg_CM3_L.lib(net_tcp.o)
    0x08021e98   0x08021e98   0x00000044   Code   RO         2115    i.tcp_set_cwnd      Net_Dbg_CM3_L.lib(net_tcp.o)
    0x08021edc   0x08021edc   0x00000074   Code   RO         2116    i.tcp_transit       Net_Dbg_CM3_L.lib(net_tcp.o)
    0x08021f50   0x08021f50   0x0000010c   Code   RO         2117    i.tcp_write         Net_Dbg_CM3_L.lib(net_tcp.o)
    0x0802205c   0x0802205c   0x0000002c   Code   RO         2027    i.udp_port_in_use   Net_Dbg_CM3_L.lib(net_udp.o)
    0x08022088   0x08022088   0x00000044   Code   RO         2735    i.ul2str            Net_Dbg_CM3_L.lib(net_common.o)
    0x080220cc   0x080220cc   0x00000124   Code   RO         2254    i.utc_to_http       Net_Dbg_CM3_L.lib(net_http_server.o)
    0x080221f0   0x080221f0   0x0000002c   Code   RO         3056    locale$$code        c_w.l(lc_numeric_c.o)
    0x0802221c   0x0802221c   0x0000002c   Code   RO         3070    locale$$code        c_w.l(lc_ctype_c.o)
    0x08022248   0x08022248   0x00000150   Code   RO         2906    x$fpl$dadd          fz_ws.l(daddsub_clz.o)
    0x08022398   0x08022398   0x00000018   Code   RO         3058    x$fpl$dcmpinf       fz_ws.l(dcmpi.o)
    0x080223b0   0x080223b0   0x000002b0   Code   RO         2913    x$fpl$ddiv          fz_ws.l(ddiv.o)
    0x08022660   0x08022660   0x0000005e   Code   RO         2916    x$fpl$dfix          fz_ws.l(dfix.o)
    0x080226be   0x080226be   0x00000026   Code   RO         2920    x$fpl$dfltu         fz_ws.l(dflt_clz.o)
    0x080226e4   0x080226e4   0x00000078   Code   RO         2983    x$fpl$dleqf         fz_ws.l(dleqf.o)
    0x0802275c   0x0802275c   0x00000154   Code   RO         2926    x$fpl$dmul          fz_ws.l(dmul.o)
    0x080228b0   0x080228b0   0x0000009c   Code   RO         2985    x$fpl$dnaninf       fz_ws.l(dnaninf.o)
    0x0802294c   0x0802294c   0x0000000c   Code   RO         2987    x$fpl$dretinf       fz_ws.l(dretinf.o)
    0x08022958   0x08022958   0x0000006c   Code   RO         2989    x$fpl$drleqf        fz_ws.l(drleqf.o)
    0x080229c4   0x080229c4   0x000000b4   Code   RO         2991    x$fpl$drnd          fz_ws.l(drnd.o)
    0x08022a78   0x08022a78   0x00000016   Code   RO         2907    x$fpl$drsb          fz_ws.l(daddsub_clz.o)
    0x08022a8e   0x08022a8e   0x00000002   PAD
    0x08022a90   0x08022a90   0x000001d4   Code   RO         2908    x$fpl$dsub          fz_ws.l(daddsub_clz.o)
    0x08022c64   0x08022c64   0x00000056   Code   RO         2928    x$fpl$f2d           fz_ws.l(f2d.o)
    0x08022cba   0x08022cba   0x00000002   PAD
    0x08022cbc   0x08022cbc   0x00000026   Code   RO         2930    x$fpl$ffltu         fz_ws.l(fflt_clz.o)
    0x08022ce2   0x08022ce2   0x00000002   PAD
    0x08022ce4   0x08022ce4   0x00000102   Code   RO         2936    x$fpl$fmul          fz_ws.l(fmul.o)
    0x08022de6   0x08022de6   0x0000008c   Code   RO         2993    x$fpl$fnaninf       fz_ws.l(fnaninf.o)
    0x08022e72   0x08022e72   0x0000000a   Code   RO         2995    x$fpl$fretinf       fz_ws.l(fretinf.o)
    0x08022e7c   0x08022e7c   0x00000004   Code   RO         2938    x$fpl$printf1       fz_ws.l(printf1.o)
    0x08022e80   0x08022e80   0x00000004   Code   RO         2940    x$fpl$printf2       fz_ws.l(printf2.o)
    0x08022e84   0x08022e84   0x00000000   Code   RO         2997    x$fpl$usenofp       fz_ws.l(usenofp.o)
    0x08022e84   0x08022e84   0x00000024   Data   RO            6    .constdata          http_server.o
    0x08022ea8   0x08022ea8   0x00000960   Data   RO          241    .constdata          lcd.o
    0x08023808   0x08023808   0x00000009   Data   RO          463    .constdata          stm32f4xx_nucleo_144.o
    0x08023811   0x08023811   0x00000003   PAD
    0x08023814   0x08023814   0x00006c38   Data   RO          488    .constdata          web.o
    0x0802a44c   0x0802a44c   0x00000008   Data   RO          530    .constdata          buttons_nucleo_f429zi.o
    0x0802a454   0x0802a454   0x00000018   Data   RO          556    .constdata          led_nucleo_f429zi.o
    0x0802a46c   0x0802a46c   0x00000001   Data   RO          578    .constdata          irq_armv7m.o
    0x0802a46d   0x0802a46d   0x00000003   PAD
    0x0802a470   0x0802a470   0x00000068   Data   RO          766    .constdata          rtx_lib.o
    0x0802a4d8   0x0802a4d8   0x00000024   Data   RO         1108    .constdata          phy_lan8742a.o
    0x0802a4fc   0x0802a4fc   0x00000094   Data   RO         1135    .constdata          emac_stm32f4xx.o
    0x0802a590   0x0802a590   0x00000080   Data   RO         1176    .constdata          spi_stm32f4xx.o
    0x0802a610   0x0802a610   0x00000018   Data   RO         1212    .constdata          eventrecorder.o
    0x0802a628   0x0802a628   0x00000008   Data   RO         1351    .constdata          stm32f4xx_hal_dma.o
    0x0802a630   0x0802a630   0x00000018   Data   RO         1695    .constdata          system_stm32f4xx_1.o
    0x0802a648   0x0802a648   0x0000028c   Data   RO         1747    .constdata          net_config.o
    0x0802a8d4   0x0802a8d4   0x0000002c   Data   RO         1949    .constdata          Net_Dbg_CM3_L.lib(net_loopback.o)
    0x0802a900   0x0802a900   0x0000000c   Data   RO         1950    .constdata          Net_Dbg_CM3_L.lib(net_loopback.o)
    0x0802a90c   0x0802a90c   0x0000002c   Data   RO         2118    .constdata          Net_Dbg_CM3_L.lib(net_tcp.o)
    0x0802a938   0x0802a938   0x00000008   Data   RO         2187    .constdata          Net_Dbg_CM3_L.lib(net_nbns_client.o)
    0x0802a940   0x0802a940   0x000000fa   Data   RO         2256    .constdata          Net_Dbg_CM3_L.lib(net_http_server.o)
    0x0802aa3a   0x0802aa3a   0x00000002   PAD
    0x0802aa3c   0x0802aa3c   0x00000018   Data   RO         2335    .constdata          Net_Dbg_CM3_L.lib(net_http_server_auth.o)
    0x0802aa54   0x0802aa54   0x00000012   Data   RO         2391    .constdata          Net_Dbg_CM3_L.lib(net_ping_core.o)
    0x0802aa66   0x0802aa66   0x00000010   Data   RO         2484    .constdata          Net_Dbg_CM3_L.lib(net_addr.o)
    0x0802aa76   0x0802aa76   0x00000006   Data   RO         2485    .constdata          Net_Dbg_CM3_L.lib(net_addr.o)
    0x0802aa7c   0x0802aa7c   0x00000004   Data   RO         2607    .constdata          Net_Dbg_CM3_L.lib(net_ip4.o)
    0x0802aa80   0x0802aa80   0x00000020   Data   RO         2642    .constdata          Net_Dbg_CM3_L.lib(net_ip6.o)
    0x0802aaa0   0x0802aaa0   0x00000018   Data   RO         2682    .constdata          Net_Dbg_CM3_L.lib(net_http_server_err.o)
    0x0802aab8   0x0802aab8   0x00000010   Data   RO         2736    .constdata          Net_Dbg_CM3_L.lib(net_common.o)
    0x0802aac8   0x0802aac8   0x00000090   Data   RO         2783    .constdata          Net_Dbg_CM3_L.lib(net_base64.o)
    0x0802ab58   0x0802ab58   0x00000004   Data   RO         2792    .constdata          Net_Dbg_CM3_L.lib(net_version.o)
    0x0802ab5c   0x0802ab5c   0x00000008   Data   RO         2822    .constdata          c_w.l(_printf_wctomb.o)
    0x0802ab64   0x0802ab64   0x00000028   Data   RO         2849    .constdata          c_w.l(_printf_hex_int_ll_ptr.o)
    0x0802ab8c   0x0802ab8c   0x00000011   Data   RO         2869    .constdata          c_w.l(__printf_flags_ss_wp.o)
    0x0802ab9d   0x0802ab9d   0x00000026   Data   RO         2958    .constdata          c_w.l(_printf_fp_hex.o)
    0x0802abc3   0x0802abc3   0x00000001   PAD
    0x0802abc4   0x0802abc4   0x00000094   Data   RO         3031    .constdata          c_w.l(bigflt0.o)
    0x0802ac58   0x0802ac58   0x000000da   Data   RO          199    .conststring        http_server_cgi.o
    0x0802ad32   0x0802ad32   0x00000002   PAD
    0x0802ad34   0x0802ad34   0x000000ed   Data   RO         1748    .conststring        net_config.o
    0x0802ae21   0x0802ae21   0x00000003   PAD
    0x0802ae24   0x0802ae24   0x0000006d   Data   RO         2119    .conststring        Net_Dbg_CM3_L.lib(net_tcp.o)
    0x0802ae91   0x0802ae91   0x00000003   PAD
    0x0802ae94   0x0802ae94   0x00000203   Data   RO         2683    .conststring        Net_Dbg_CM3_L.lib(net_http_server_err.o)
    0x0802b097   0x0802b097   0x00000001   PAD
    0x0802b098   0x0802b098   0x0000000b   Data   RO          711    .conststrlit        rtx_kernel.o
    0x0802b0a3   0x0802b0a3   0x00000001   PAD
    0x0802b0a4   0x0802b0a4   0x000000a8   Data   RO          768    .rodata             rtx_lib.o
    0x0802b14c   0x0802b14c   0x00000030   Data   RO         3208    Region$$Table       anon$$obj.o
    0x0802b17c   0x0802b17c   0x0000001c   Data   RO         3055    locale$$data        c_w.l(lc_numeric_c.o)
    0x0802b198   0x0802b198   0x00000110   Data   RO         3069    locale$$data        c_w.l(lc_ctype_c.o)


    Execution Region RW_IRAM2 (Exec base: 0x10000000, Load base: 0x0802b3f0, Size: 0x000004a4, Max: 0x00010000, ABSOLUTE)

    Exec Addr    Load Addr    Size         Type   Attr      Idx    E Section Name        Object

    0x10000000        -       0x000004a4   Zero   RW         1211    .bss.noinit         eventrecorder.o


    Execution Region RW_IRAM1 (Exec base: 0x20000000, Load base: 0x0802b2a8, Size: 0x0000fbe0, Max: 0x00030000, ABSOLUTE, COMPRESSED[0x00000148])

    Exec Addr    Load Addr    Size         Type   Attr      Idx    E Section Name        Object

    0x20000000   COMPRESSED   0x00008040   Data   RW          759    .bss.os             rtx_lib.o
    0x20008040   COMPRESSED   0x00000001   Data   RW         1060    .bss.os             os_systick.o
    0x20008041   COMPRESSED   0x00000003   PAD
    0x20008044   COMPRESSED   0x000001f0   Data   RW          760    .bss.os.libspace    rtx_lib.o
    0x20008234   COMPRESSED   0x00000034   Data   RW          761    .bss.os.msgqueue.cb  rtx_lib.o
    0x20008268   COMPRESSED   0x00000050   Data   RW          762    .bss.os.msgqueue.mem  rtx_lib.o
    0x200082b8   COMPRESSED   0x00000038   Data   RW         1743    .bss.os.mutex.cb    net_config.o
    0x200082f0   COMPRESSED   0x00000010   Data   RW         1744    .bss.os.semaphore.cb  net_config.o
    0x20008300   COMPRESSED   0x00000088   Data   RW          763    .bss.os.thread.cb   rtx_lib.o
    0x20008388   COMPRESSED   0x00000088   Data   RW         1745    .bss.os.thread.cb   net_config.o
    0x20008410   COMPRESSED   0x00000200   Data   RW          764    .bss.os.thread.idle.stack  rtx_lib.o
    0x20008610   COMPRESSED   0x00000200   Data   RW          765    .bss.os.thread.timer.stack  rtx_lib.o
    0x20008810   COMPRESSED   0x00000020   Data   RW         1746    .bss.os.timer.cb    net_config.o
    0x20008830   COMPRESSED   0x00000034   Data   RW            7    .data               http_server.o
    0x20008864   COMPRESSED   0x00000008   Data   RW          200    .data               http_server_cgi.o
    0x2000886c   COMPRESSED   0x00000010   Data   RW          242    .data               lcd.o
    0x2000887c   COMPRESSED   0x00000004   Data   RW          292    .data               main.o
    0x20008880   COMPRESSED   0x0000000c   Data   RW          322    .data               pot.o
    0x2000888c   COMPRESSED   0x00000018   Data   RW          357    .data               rtc.o
    0x200088a4   COMPRESSED   0x00000014   Data   RW          464    .data               stm32f4xx_nucleo_144.o
    0x200088b8   COMPRESSED   0x00000001   Data   RW          767    .data               rtx_lib.o
    0x200088b9   COMPRESSED   0x00000003   PAD
    0x200088bc   COMPRESSED   0x00000009   Data   RW         1245    .data               stm32f4xx_hal.o
    0x200088c5   COMPRESSED   0x00000003   PAD
    0x200088c8   COMPRESSED   0x00000004   Data   RW         1696    .data               system_stm32f4xx_1.o
    0x200088cc   COMPRESSED   0x0000000e   Data   RW         1749    .data               net_config.o
    0x200088da   COMPRESSED   0x00000002   PAD
    0x200088dc   COMPRESSED   0x00000004   Data   RW         1951    .data               Net_Dbg_CM3_L.lib(net_loopback.o)
    0x200088e0   COMPRESSED   0x00000004   Data   RW         1969    .data               Net_Dbg_CM3_L.lib(net_ip4_frag.o)
    0x200088e4   COMPRESSED   0x00000001   Data   RW         1987    .data               Net_Dbg_CM3_L.lib(net_icmp.o)
    0x200088e5   COMPRESSED   0x00000001   PAD
    0x200088e6   COMPRESSED   0x00000002   Data   RW         2029    .data               Net_Dbg_CM3_L.lib(net_udp.o)
    0x200088e8   COMPRESSED   0x00000004   Data   RW         2120    .data               Net_Dbg_CM3_L.lib(net_tcp.o)
    0x200088ec   COMPRESSED   0x00000001   Data   RW         2188    .data               Net_Dbg_CM3_L.lib(net_nbns_client.o)
    0x200088ed   COMPRESSED   0x00000003   PAD
    0x200088f0   COMPRESSED   0x0000000c   Data   RW         2257    .data               Net_Dbg_CM3_L.lib(net_http_server.o)
    0x200088fc   COMPRESSED   0x00000008   Data   RW         2608    .data               Net_Dbg_CM3_L.lib(net_ip4.o)
    0x20008904   COMPRESSED   0x00000004   Data   RW         2644    .data               Net_Dbg_CM3_L.lib(net_ip6.o)
    0x20008908   COMPRESSED   0x000000a4   Data   RW          712    .data.os            rtx_kernel.o
    0x200089ac   COMPRESSED   0x00000004   PAD
    0x200089b0        -       0x00000464   Zero   RW            5    .bss                http_server.o
    0x20008e14        -       0x00000038   Zero   RW          198    .bss                http_server_cgi.o
    0x20008e4c        -       0x00000254   Zero   RW          240    .bss                lcd.o
    0x200090a0        -       0x00000068   Zero   RW          321    .bss                pot.o
    0x20009108        -       0x00000034   Zero   RW          356    .bss                rtc.o
    0x2000913c        -       0x00000020   Zero   RW          435    .bss                stm32f4xx_lp_modes.o
    0x2000915c        -       0x000000b0   Zero   RW          462    .bss                stm32f4xx_nucleo_144.o
    0x2000920c        -       0x0000000c   Zero   RW         1107    .bss                phy_lan8742a.o
    0x20009218        -       0x000024cc   Zero   RW         1134    .bss                emac_stm32f4xx.o
    0x2000b6e4        -       0x0000002c   Zero   RW         1175    .bss                spi_stm32f4xx.o
    0x2000b710        -       0x00003bdc   Zero   RW         1742    .bss                net_config.o
    0x2000f2ec        -       0x000000a0   Zero   RW         1846    .bss                Net_Dbg_CM3_L.lib(net_eth.o)
    0x2000f38c        -       0x00000018   Zero   RW         1906    .bss                Net_Dbg_CM3_L.lib(net_arp.o)
    0x2000f3a4        -       0x0000001c   Zero   RW         2028    .bss                Net_Dbg_CM3_L.lib(net_udp.o)
    0x2000f3c0        -       0x00000098   Zero   RW         2255    .bss                Net_Dbg_CM3_L.lib(net_http_server.o)
    0x2000f458        -       0x0000002c   Zero   RW         2367    .bss                Net_Dbg_CM3_L.lib(net_sntp_client_core.o)
    0x2000f484        -       0x0000002c   Zero   RW         2390    .bss                Net_Dbg_CM3_L.lib(net_ping_core.o)
    0x2000f4b0        -       0x00000038   Zero   RW         2425    .bss                Net_Dbg_CM3_L.lib(net_sys.o)
    0x2000f4e8        -       0x00000024   Zero   RW         2426    .bss                Net_Dbg_CM3_L.lib(net_sys.o)
    0x2000f50c        -       0x0000005c   Zero   RW         2483    .bss                Net_Dbg_CM3_L.lib(net_addr.o)
    0x2000f568        -       0x00000014   Zero   RW         2698    .bss                Net_Dbg_CM3_L.lib(net_mem.o)
    0x2000f57c        -       0x00000060   Zero   RW         3065    .bss                c_w.l(libspace.o)
    0x2000f5dc   COMPRESSED   0x00000004   PAD
    0x2000f5e0        -       0x00000200   Zero   RW         1685    HEAP                startup_stm32f429xx.o
    0x2000f7e0        -       0x00000400   Zero   RW         1684    STACK               startup_stm32f429xx.o


==============================================================================

Image component sizes


      Code (inc. data)   RO Data    RW Data    ZI Data      Debug   Object Name

       188         10          8          0          0       2408   buttons_nucleo_f429zi.o
      3340        204        148          0       9420      47094   emac_stm32f4xx.o
      1644         42         24          0       1188      16856   eventrecorder.o
       140         14         36         52       1124     867410   http_server.o
      2088        366        218          8         56       8144   http_server_cgi.o
       148          8          1          0          0        620   irq_armv7m.o
      1328         80       2400         16        596      11139   lcd.o
       292         10         24          0          0       2825   led_nucleo_f429zi.o
       316         26          0          4          0       1741   main.o
       372         24        889        254      15324      43884   net_config.o
       336          0          0          0          0        810   net_debug.o
       780         28          0          0          0       6923   net_legacy.o
       220         14          0          1          0       1948   os_systick.o
       548          8         36          0         12       6826   phy_lan8742a.o
       748         68          0         12        104       3915   pot.o
       904         88          0         24         52       3783   rtc.o
        36          6          0          0          0        651   rtx_config.o
       284         12          0          0          0      17890   rtx_delay.o
      3544        106          0          0          0      52793   rtx_evr.o
      2224        100         11        164          0      27456   rtx_kernel.o
       240         14        272      34621          0      11351   rtx_lib.o
       478          0          0          0          0       3003   rtx_memory.o
      2284         46          0          0          0      15168   rtx_mempool.o
      3280         60          0          0          0      23524   rtx_msgqueue.o
      1604         30          0          0          0       9902   rtx_mutex.o
      1658         34          0          0          0      11988   rtx_semaphore.o
       772         20          0          0          0       8321   rtx_system.o
      5812        150          0          0          0      32057   rtx_thread.o
      1336         36          0          0          0      10161   rtx_timer.o
      4116        112        128          0         44      43779   spi_stm32f4xx.o
        64         26        428          0       1536        824   startup_stm32f429xx.o
       528         46          0          9          0      11407   stm32f4xx_hal.o
      3240        100          0          0          0       8647   stm32f4xx_hal_adc.o
      2196         52          0          0          0       6554   stm32f4xx_hal_adc_ex.o
       900         20          0          0          0      36086   stm32f4xx_hal_cortex.o
      2224         28          8          0          0       7125   stm32f4xx_hal_dma.o
      3792         60          0          0          0      10723   stm32f4xx_hal_eth.o
       996         52          0          0          0       3691   stm32f4xx_hal_gpio.o
       132          8          0          0          0       1144   stm32f4xx_hal_msp.o
       476         22          0          0          0       3579   stm32f4xx_hal_pwr.o
       744         20          0          0          0       3719   stm32f4xx_hal_pwr_ex.o
      2356         70          0          0          0       5427   stm32f4xx_hal_rcc.o
      1844         66          0          0          0       4113   stm32f4xx_hal_rcc_ex.o
      2936         26          0          0          0       8257   stm32f4xx_hal_rtc.o
      3558         22          0          0          0      12961   stm32f4xx_hal_rtc_ex.o
      7552        136          0          0          0      20233   stm32f4xx_hal_spi.o
     11122        182          0          0          0      34980   stm32f4xx_hal_tim.o
      3716         68          0          0          0      13272   stm32f4xx_hal_tim_ex.o
        32          0          0          0          0       1104   stm32f4xx_it.o
      3152        142          0          0         32       5276   stm32f4xx_lp_modes.o
      1884         86          9         20        176       8411   stm32f4xx_nucleo_144.o
       204         24         24          4          0       1633   system_stm32f4xx_1.o
       136          8      27704          0          0       1620   web.o

    ----------------------------------------------------------------------
     94852       2980      32428      35200      29668    1505156   Object Totals
         0          0         48          0          0          0   (incl. Generated)
         8          0         12         11          4          0   (incl. Padding)

    ----------------------------------------------------------------------

      Code (inc. data)   RO Data    RW Data    ZI Data      Debug   Library Member Name

      1544         30         22          0         92       1844   net_addr.o
      2982        152          0          0         24       1708   net_arp.o
       120          6        144          0          0         84   net_base64.o
       670         16         16          0          0       1420   net_common.o
      3858        150          0          0        160       1780   net_eth.o
      6986       1290        250         12        152       2952   net_http_server.o
       266         66         24          0          0        368   net_http_server_auth.o
         0          0        539          0          0          0   net_http_server_err.o
       640         48          0          1          0        236   net_icmp.o
       812         60          0          0          0        332   net_icmp6.o
      1220         92          4          8          0       1032   net_ip4.o
       706         34          0          4          0        544   net_ip4_frag.o
       876         80         32          4          0        720   net_ip6.o
       388         36         56          4          0        336   net_loopback.o
       592         64          0          0         20        564   net_mem.o
       576         58          8          1          0        268   net_nbns_client.o
      3112        106          0          0          0       1488   net_ndp.o
       480         62         18          0         44        460   net_ping_core.o
       904         78          0          0         44        664   net_sntp_client_core.o
       846         90          0          0         92       1080   net_sys.o
      7142        320        153          4          0       3276   net_tcp.o
      1790        108          0          2         28       1176   net_udp.o
         0          0          4          0          0          0   net_version.o
        44          6          0          0          0         84   __2sprintf.o
        90          0          0          0          0          0   __dczerorl2.o
         8          0          0          0          0         68   __main.o
       392          4         17          0          0         92   __printf_flags_ss_wp.o
        14          0          0          0          0         68   __printf_wp.o
         0          0          0          0          0          0   __rtentry.o
        20          0          0          0          0          0   __rtentry2.o
         6          0          0          0          0          0   __rtentry4.o
        52          8          0          0          0          0   __scatter.o
        28          0          0          0          0          0   __scatter_zi.o
         6          0          0          0          0          0   _printf_a.o
         6          0          0          0          0          0   _printf_c.o
        44          0          0          0          0        108   _printf_char.o
        48          6          0          0          0         96   _printf_char_common.o
        40          0          0          0          0         68   _printf_charcount.o
         6          0          0          0          0          0   _printf_d.o
       120         16          0          0          0         92   _printf_dec.o
         6          0          0          0          0          0   _printf_e.o
         6          0          0          0          0          0   _printf_f.o
      1054          0          0          0          0        216   _printf_fp_dec.o
       764          8         38          0          0        100   _printf_fp_hex.o
       128         16          0          0          0         84   _printf_fp_infnan.o
         6          0          0          0          0          0   _printf_g.o
       148          4         40          0          0        160   _printf_hex_int_ll_ptr.o
         6          0          0          0          0          0   _printf_i.o
       178          0          0          0          0         88   _printf_intcommon.o
        10          0          0          0          0          0   _printf_l.o
         6          0          0          0          0          0   _printf_lc.o
        10          0          0          0          0          0   _printf_ll.o
         6          0          0          0          0          0   _printf_lld.o
         6          0          0          0          0          0   _printf_lli.o
         6          0          0          0          0          0   _printf_llo.o
         6          0          0          0          0          0   _printf_llu.o
         6          0          0          0          0          0   _printf_llx.o
       124         16          0          0          0         92   _printf_longlong_dec.o
         6          0          0          0          0          0   _printf_ls.o
         6          0          0          0          0          0   _printf_n.o
         6          0          0          0          0          0   _printf_o.o
       112         10          0          0          0        124   _printf_oct_int_ll.o
         6          0          0          0          0          0   _printf_p.o
        78          0          0          0          0        108   _printf_pad.o
         0          0          0          0          0          0   _printf_percent.o
         4          0          0          0          0          0   _printf_percent_end.o
         6          0          0          0          0          0   _printf_s.o
        82          0          0          0          0         80   _printf_str.o
        36          0          0          0          0         84   _printf_truncate.o
         6          0          0          0          0          0   _printf_u.o
        44          0          0          0          0        108   _printf_wchar.o
       188          6          8          0          0         92   _printf_wctomb.o
         6          0          0          0          0          0   _printf_x.o
        10          0          0          0          0         68   _sputc.o
        64          0          0          0          0         92   _wcrtomb.o
       228          4        148          0          0         96   bigflt0.o
      1936        128          0          0          0        672   btod.o
        18          0          0          0          0         80   exit.o
         6          0          0          0          0        152   heapauxi.o
         0          0          0          0          0          0   indicate_semi.o
        44         10        272          0          0         76   lc_ctype_c.o
        44         10         28          0          0         76   lc_numeric_c.o
         2          0          0          0          0          0   libinit.o
        30          0          0          0          0          0   libinit2.o
         2          0          0          0          0          0   libshutdown.o
         2          0          0          0          0          0   libshutdown2.o
         8          4          0          0         96         68   libspace.o
       138          0          0          0          0         80   lludiv10.o
       238          0          0          0          0        100   lludivv7m.o
        88          0          0          0          0         76   memcmp.o
        16          4          0          0          0         76   rt_ctype_table.o
        10          0          0          0          0         76   rt_locale_twolibspace.o
        68          0          0          0          0         68   rt_memclr.o
        78          0          0          0          0         80   rt_memclr_w.o
       138          0          0          0          0         68   rt_memcpy_v6.o
       100          0          0          0          0         80   rt_memcpy_w.o
         2          0          0          0          0          0   rtexit.o
        10          0          0          0          0          0   rtexit2.o
        44          6          0          0          0         84   sprintf.o
       128          0          0          0          0         68   strcmpv7m.o
        72          0          0          0          0         80   strcpy.o
        62          0          0          0          0         76   strlen.o
       150          0          0          0          0         80   strncmp.o
        12          4          0          0          0         68   sys_exit.o
        74          0          0          0          0         80   sys_stackheap_outer.o
         2          0          0          0          0         68   use_no_semi.o
       826         16          0          0          0        348   daddsub_clz.o
        24          0          0          0          0         68   dcmpi.o
       688        140          0          0          0        208   ddiv.o
        94          4          0          0          0         92   dfix.o
        38          0          0          0          0         68   dflt_clz.o
       120          4          0          0          0         92   dleqf.o
       340         12          0          0          0        104   dmul.o
       156          4          0          0          0         92   dnaninf.o
        12          0          0          0          0         68   dretinf.o
       108          0          0          0          0         80   drleqf.o
       180          4          0          0          0         80   drnd.o
        86          4          0          0          0         84   f2d.o
        38          0          0          0          0         68   fflt_clz.o
       258          4          0          0          0         84   fmul.o
       140          4          0          0          0         84   fnaninf.o
        10          0          0          0          0         68   fretinf.o
         4          0          0          0          0         68   printf1.o
         4          0          0          0          0         68   printf2.o
         0          0          0          0          0          0   usenofp.o
        40          0          0          0          0         68   fpclassify.o
       148         12          0          0          0         88   round.o

    ----------------------------------------------------------------------
     47700       3424       1828         44        756      29012   Library Totals
        66          0          7          4          4          0   (incl. Padding)

    ----------------------------------------------------------------------

      Code (inc. data)   RO Data    RW Data    ZI Data      Debug   Library Name

     36510       2946       1270         40        656      22332   Net_Dbg_CM3_L.lib
      7810        270        551          0         96       4700   c_w.l
      3126        196          0          0          0       1824   fz_ws.l
       188         12          0          0          0        156   m_ws.l

    ----------------------------------------------------------------------
     47700       3424       1828         44        756      29012   Library Totals

    ----------------------------------------------------------------------

==============================================================================


      Code (inc. data)   RO Data    RW Data    ZI Data      Debug   

    142552       6404      34256      35244      30424    1511388   Grand Totals
    142552       6404      34256        328      30424    1511388   ELF Image Totals (compressed)
    142552       6404      34256        328          0          0   ROM Totals

==============================================================================

    Total RO  Size (Code + RO Data)               176808 ( 172.66kB)
    Total RW  Size (RW Data + ZI Data)             65668 (  64.13kB)
    Total ROM Size (Code + RO Data + RW Data)     177136 ( 172.98kB)

==============================================================================

